#-----------------------------------------------------------
# Vivado v2015.2 (64-bit)
# SW Build 1266856 on Fri Jun 26 16:35:25 MDT 2015
# IP Build 1264090 on Wed Jun 24 14:22:01 MDT 2015
# Start of session at: Sat Jun 01 09:36:11 2019
# Process ID: 11204
# Log file: C:/Users/xiefe/Desktop/Multi_car/vivado.log
# Journal file: C:/Users/xiefe/Desktop/Multi_car\vivado.jou
#-----------------------------------------------------------
start_gui
open_project C:/Users/xiefe/Desktop/Multi_car/Multi_car.xpr
open_run synth_1 -name synth_1
place_ports in1 U5
place_ports in2 V5
place_ports in3 V6
place_ports in4 U7
place_ports trig Y18
set_property package_pin "" [get_ports [list  {PWM_o[1]}]]
place_ports {PWM_o[0]} U13
place_ports {PWM_o[1]} U17
place_ports {echo[0]} Y19
place_ports {echo[1]} Y9
place_ports {echo[2]} W9
set_property package_pin "" [get_ports [list  {dir_out[0]}]]
place_ports {dir_out[0]} T14
place_ports {dir_out[1]} U12
place_ports {dir_out[2]} T15
place_ports {dir_out[3]} R16
place_ports UART_rxd V17
place_ports UART_txd V18
set_property IOSTANDARD LVCMOS33 [get_ports [list trig]]
set_property IOSTANDARD LVCMOS33 [get_ports [list in4]]
set_property IOSTANDARD LVCMOS33 [get_ports [list in2]]
set_property IOSTANDARD LVCMOS33 [get_ports [list in3]]
set_property IOSTANDARD LVCMOS33 [get_ports [list in1]]
set_property IOSTANDARD LVCMOS33 [get_ports [list {PWM_o[0]}]]
set_property IOSTANDARD LVCMOS25 [get_ports [list {PWM_o[1]}]]
set_property IOSTANDARD LVCMOS33 [get_ports [list {PWM_o[1]}]]
set_property IOSTANDARD LVCMOS33 [get_ports [list {echo[0]}]]
set_property IOSTANDARD LVCMOS33 [get_ports [list {echo[1]}]]
set_property IOSTANDARD LVCMOS33 [get_ports [list {echo[2]}]]
set_property IOSTANDARD LVCMOS33 [get_ports [list {dir_out[0]}]]
set_property IOSTANDARD LVCMOS33 [get_ports [list {dir_out[1]}]]
set_property IOSTANDARD LVCMOS33 [get_ports [list {dir_out[2]}]]
set_property IOSTANDARD LVCMOS33 [get_ports [list {dir_out[3]}]]
set_property IOSTANDARD LVCMOS33 [get_ports [list UART_rxd UART_txd]]
file mkdir C:/Users/xiefe/Desktop/Multi_car/Multi_car.srcs/constrs_1/new
close [ open C:/Users/xiefe/Desktop/Multi_car/Multi_car.srcs/constrs_1/new/Multi_car_gjfp.xdc w ]
add_files -fileset constrs_1 C:/Users/xiefe/Desktop/Multi_car/Multi_car.srcs/constrs_1/new/Multi_car_gjfp.xdc
set_property target_constrs_file C:/Users/xiefe/Desktop/Multi_car/Multi_car.srcs/constrs_1/new/Multi_car_gjfp.xdc [current_fileset -constrset]
save_constraints -force
reset_run synth_1
launch_runs synth_1 -jobs 4
wait_on_run synth_1
launch_runs impl_1 -jobs 4
wait_on_run impl_1
refresh_design
reset_run impl_1
launch_runs impl_1 -jobs 4
wait_on_run impl_1
launch_runs impl_1 -to_step write_bitstream -jobs 4
wait_on_run impl_1
file mkdir C:/Users/xiefe/Desktop/Multi_car/Multi_car.sdk
file copy -force C:/Users/xiefe/Desktop/Multi_car/Multi_car.runs/impl_1/design_1_wrapper.sysdef C:/Users/xiefe/Desktop/Multi_car/Multi_car.sdk/design_1_wrapper.hdf

launch_sdk -workspace C:/Users/xiefe/Desktop/Multi_car/Multi_car.sdk -hwspec C:/Users/xiefe/Desktop/Multi_car/Multi_car.sdk/design_1_wrapper.hdf
