10:11:06 **** Build of project Multi_car_bsp ****
make -k all 
"Running Make include in ps7_cortexa9_0/libsrc/coresightps_dcc_v1_0/src"
make -C ps7_cortexa9_0/libsrc/coresightps_dcc_v1_0/src -s include  "SHELL=CMD" "COMPILER=arm-xilinx-eabi-gcc" "ARCHIVER=arm-xilinx-eabi-ar" "COMPILER_FLAGS=  -O2 -c" "EXTRA_COMPILER_FLAGS=-g"
"Running Make include in ps7_cortexa9_0/libsrc/cpu_cortexa9_v2_1/src"
make -C ps7_cortexa9_0/libsrc/cpu_cortexa9_v2_1/src -s include  "SHELL=CMD" "COMPILER=arm-xilinx-eabi-gcc" "ARCHIVER=arm-xilinx-eabi-ar" "COMPILER_FLAGS=  -O2 -c" "EXTRA_COMPILER_FLAGS=-g"
"Running Make include in ps7_cortexa9_0/libsrc/devcfg_v3_3/src"
make -C ps7_cortexa9_0/libsrc/devcfg_v3_3/src -s include  "SHELL=CMD" "COMPILER=arm-xilinx-eabi-gcc" "ARCHIVER=arm-xilinx-eabi-ar" "COMPILER_FLAGS=  -O2 -c" "EXTRA_COMPILER_FLAGS=-g"
"Running Make include in ps7_cortexa9_0/libsrc/dmaps_v2_1/src"
make -C ps7_cortexa9_0/libsrc/dmaps_v2_1/src -s include  "SHELL=CMD" "COMPILER=arm-xilinx-eabi-gcc" "ARCHIVER=arm-xilinx-eabi-ar" "COMPILER_FLAGS=  -O2 -c" "EXTRA_COMPILER_FLAGS=-g"
"Running Make include in ps7_cortexa9_0/libsrc/emacps_v3_0/src"
make -C ps7_cortexa9_0/libsrc/emacps_v3_0/src -s include  "SHELL=CMD" "COMPILER=arm-xilinx-eabi-gcc" "ARCHIVER=arm-xilinx-eabi-ar" "COMPILER_FLAGS=  -O2 -c" "EXTRA_COMPILER_FLAGS=-g"
"Running Make include in ps7_cortexa9_0/libsrc/gpiops_v3_0/src"
make -C ps7_cortexa9_0/libsrc/gpiops_v3_0/src -s include  "SHELL=CMD" "COMPILER=arm-xilinx-eabi-gcc" "ARCHIVER=arm-xilinx-eabi-ar" "COMPILER_FLAGS=  -O2 -c" "EXTRA_COMPILER_FLAGS=-g"
"Running Make include in ps7_cortexa9_0/libsrc/qspips_v3_2/src"
make -C ps7_cortexa9_0/libsrc/qspips_v3_2/src -s include  "SHELL=CMD" "COMPILER=arm-xilinx-eabi-gcc" "ARCHIVER=arm-xilinx-eabi-ar" "COMPILER_FLAGS=  -O2 -c" "EXTRA_COMPILER_FLAGS=-g"
"Running Make include in ps7_cortexa9_0/libsrc/scugic_v3_0/src"
make -C ps7_cortexa9_0/libsrc/scugic_v3_0/src -s include  "SHELL=CMD" "COMPILER=arm-xilinx-eabi-gcc" "ARCHIVER=arm-xilinx-eabi-ar" "COMPILER_FLAGS=  -O2 -c" "EXTRA_COMPILER_FLAGS=-g"
"Running Make include in ps7_cortexa9_0/libsrc/scutimer_v2_1/src"
make -C ps7_cortexa9_0/libsrc/scutimer_v2_1/src -s include  "SHELL=CMD" "COMPILER=arm-xilinx-eabi-gcc" "ARCHIVER=arm-xilinx-eabi-ar" "COMPILER_FLAGS=  -O2 -c" "EXTRA_COMPILER_FLAGS=-g"
"Running Make include in ps7_cortexa9_0/libsrc/scuwdt_v2_1/src"
make -C ps7_cortexa9_0/libsrc/scuwdt_v2_1/src -s include  "SHELL=CMD" "COMPILER=arm-xilinx-eabi-gcc" "ARCHIVER=arm-xilinx-eabi-ar" "COMPILER_FLAGS=  -O2 -c" "EXTRA_COMPILER_FLAGS=-g"
"Running Make include in ps7_cortexa9_0/libsrc/sdps_v2_4/src"
make -C ps7_cortexa9_0/libsrc/sdps_v2_4/src -s include  "SHELL=CMD" "COMPILER=arm-xilinx-eabi-gcc" "ARCHIVER=arm-xilinx-eabi-ar" "COMPILER_FLAGS=  -O2 -c" "EXTRA_COMPILER_FLAGS=-g"
"Running Make include in ps7_cortexa9_0/libsrc/standalone_v5_1/src"
make -C ps7_cortexa9_0/libsrc/standalone_v5_1/src -s include  "SHELL=CMD" "COMPILER=arm-xilinx-eabi-gcc" "ARCHIVER=arm-xilinx-eabi-ar" "COMPILER_FLAGS=  -O2 -c" "EXTRA_COMPILER_FLAGS=-g"
"Running Make include in ps7_cortexa9_0/libsrc/uartlite_v3_0/src"
make -C ps7_cortexa9_0/libsrc/uartlite_v3_0/src -s include  "SHELL=CMD" "COMPILER=arm-xilinx-eabi-gcc" "ARCHIVER=arm-xilinx-eabi-ar" "COMPILER_FLAGS=  -O2 -c" "EXTRA_COMPILER_FLAGS=-g"
"Running Make include in ps7_cortexa9_0/libsrc/uartps_v3_0/src"
make -C ps7_cortexa9_0/libsrc/uartps_v3_0/src -s include  "SHELL=CMD" "COMPILER=arm-xilinx-eabi-gcc" "ARCHIVER=arm-xilinx-eabi-ar" "COMPILER_FLAGS=  -O2 -c" "EXTRA_COMPILER_FLAGS=-g"
"Running Make include in ps7_cortexa9_0/libsrc/usbps_v2_2/src"
make -C ps7_cortexa9_0/libsrc/usbps_v2_2/src -s include  "SHELL=CMD" "COMPILER=arm-xilinx-eabi-gcc" "ARCHIVER=arm-xilinx-eabi-ar" "COMPILER_FLAGS=  -O2 -c" "EXTRA_COMPILER_FLAGS=-g"
"Running Make include in ps7_cortexa9_0/libsrc/xadcps_v2_2/src"
make -C ps7_cortexa9_0/libsrc/xadcps_v2_2/src -s include  "SHELL=CMD" "COMPILER=arm-xilinx-eabi-gcc" "ARCHIVER=arm-xilinx-eabi-ar" "COMPILER_FLAGS=  -O2 -c" "EXTRA_COMPILER_FLAGS=-g"
"Running Make libs in ps7_cortexa9_0/libsrc/coresightps_dcc_v1_0/src"
make -C ps7_cortexa9_0/libsrc/coresightps_dcc_v1_0/src -s libs  "SHELL=CMD" "COMPILER=arm-xilinx-eabi-gcc" "ARCHIVER=arm-xilinx-eabi-ar" "COMPILER_FLAGS=  -O2 -c" "EXTRA_COMPILER_FLAGS=-g"
"Compiling coresightps_dcc"
arm-xilinx-eabi-ar: creating ../../../lib/libxil.a
"Running Make libs in ps7_cortexa9_0/libsrc/cpu_cortexa9_v2_1/src"
make -C ps7_cortexa9_0/libsrc/cpu_cortexa9_v2_1/src -s libs  "SHELL=CMD" "COMPILER=arm-xilinx-eabi-gcc" "ARCHIVER=arm-xilinx-eabi-ar" "COMPILER_FLAGS=  -O2 -c" "EXTRA_COMPILER_FLAGS=-g"
"Compiling cpu_cortexa9"
"Running Make libs in ps7_cortexa9_0/libsrc/devcfg_v3_3/src"
make -C ps7_cortexa9_0/libsrc/devcfg_v3_3/src -s libs  "SHELL=CMD" "COMPILER=arm-xilinx-eabi-gcc" "ARCHIVER=arm-xilinx-eabi-ar" "COMPILER_FLAGS=  -O2 -c" "EXTRA_COMPILER_FLAGS=-g"
"Compiling devcfg"
"Running Make libs in ps7_cortexa9_0/libsrc/dmaps_v2_1/src"
make -C ps7_cortexa9_0/libsrc/dmaps_v2_1/src -s libs  "SHELL=CMD" "COMPILER=arm-xilinx-eabi-gcc" "ARCHIVER=arm-xilinx-eabi-ar" "COMPILER_FLAGS=  -O2 -c" "EXTRA_COMPILER_FLAGS=-g"
"Compiling dmaps"
"Running Make libs in ps7_cortexa9_0/libsrc/emacps_v3_0/src"
make -C ps7_cortexa9_0/libsrc/emacps_v3_0/src -s libs  "SHELL=CMD" "COMPILER=arm-xilinx-eabi-gcc" "ARCHIVER=arm-xilinx-eabi-ar" "COMPILER_FLAGS=  -O2 -c" "EXTRA_COMPILER_FLAGS=-g"
"Compiling emacps"
"Running Make libs in ps7_cortexa9_0/libsrc/gpiops_v3_0/src"
make -C ps7_cortexa9_0/libsrc/gpiops_v3_0/src -s libs  "SHELL=CMD" "COMPILER=arm-xilinx-eabi-gcc" "ARCHIVER=arm-xilinx-eabi-ar" "COMPILER_FLAGS=  -O2 -c" "EXTRA_COMPILER_FLAGS=-g"
"Compiling gpiops"
"Running Make libs in ps7_cortexa9_0/libsrc/qspips_v3_2/src"
make -C ps7_cortexa9_0/libsrc/qspips_v3_2/src -s libs  "SHELL=CMD" "COMPILER=arm-xilinx-eabi-gcc" "ARCHIVER=arm-xilinx-eabi-ar" "COMPILER_FLAGS=  -O2 -c" "EXTRA_COMPILER_FLAGS=-g"
"Compiling qspips"
"Running Make libs in ps7_cortexa9_0/libsrc/scugic_v3_0/src"
make -C ps7_cortexa9_0/libsrc/scugic_v3_0/src -s libs  "SHELL=CMD" "COMPILER=arm-xilinx-eabi-gcc" "ARCHIVER=arm-xilinx-eabi-ar" "COMPILER_FLAGS=  -O2 -c" "EXTRA_COMPILER_FLAGS=-g"
"Compiling scugic"
"Running Make libs in ps7_cortexa9_0/libsrc/scutimer_v2_1/src"
make -C ps7_cortexa9_0/libsrc/scutimer_v2_1/src -s libs  "SHELL=CMD" "COMPILER=arm-xilinx-eabi-gcc" "ARCHIVER=arm-xilinx-eabi-ar" "COMPILER_FLAGS=  -O2 -c" "EXTRA_COMPILER_FLAGS=-g"
"Compiling scutimer"
"Running Make libs in ps7_cortexa9_0/libsrc/scuwdt_v2_1/src"
make -C ps7_cortexa9_0/libsrc/scuwdt_v2_1/src -s libs  "SHELL=CMD" "COMPILER=arm-xilinx-eabi-gcc" "ARCHIVER=arm-xilinx-eabi-ar" "COMPILER_FLAGS=  -O2 -c" "EXTRA_COMPILER_FLAGS=-g"
"Compiling scuwdt"
"Running Make libs in ps7_cortexa9_0/libsrc/sdps_v2_4/src"
make -C ps7_cortexa9_0/libsrc/sdps_v2_4/src -s libs  "SHELL=CMD" "COMPILER=arm-xilinx-eabi-gcc" "ARCHIVER=arm-xilinx-eabi-ar" "COMPILER_FLAGS=  -O2 -c" "EXTRA_COMPILER_FLAGS=-g"
"Compiling sdps"
"Running Make libs in ps7_cortexa9_0/libsrc/standalone_v5_1/src"
make -C ps7_cortexa9_0/libsrc/standalone_v5_1/src -s libs  "SHELL=CMD" "COMPILER=arm-xilinx-eabi-gcc" "ARCHIVER=arm-xilinx-eabi-ar" "COMPILER_FLAGS=  -O2 -c" "EXTRA_COMPILER_FLAGS=-g"
"Compiling standalone"
"Running Make libs in ps7_cortexa9_0/libsrc/uartlite_v3_0/src"
make -C ps7_cortexa9_0/libsrc/uartlite_v3_0/src -s libs  "SHELL=CMD" "COMPILER=arm-xilinx-eabi-gcc" "ARCHIVER=arm-xilinx-eabi-ar" "COMPILER_FLAGS=  -O2 -c" "EXTRA_COMPILER_FLAGS=-g"
"Compiling uartlite"
"Running Make libs in ps7_cortexa9_0/libsrc/uartps_v3_0/src"
make -C ps7_cortexa9_0/libsrc/uartps_v3_0/src -s libs  "SHELL=CMD" "COMPILER=arm-xilinx-eabi-gcc" "ARCHIVER=arm-xilinx-eabi-ar" "COMPILER_FLAGS=  -O2 -c" "EXTRA_COMPILER_FLAGS=-g"
"Compiling uartps"
"Running Make libs in ps7_cortexa9_0/libsrc/usbps_v2_2/src"
make -C ps7_cortexa9_0/libsrc/usbps_v2_2/src -s libs  "SHELL=CMD" "COMPILER=arm-xilinx-eabi-gcc" "ARCHIVER=arm-xilinx-eabi-ar" "COMPILER_FLAGS=  -O2 -c" "EXTRA_COMPILER_FLAGS=-g"
"Compiling usbps"
"Running Make libs in ps7_cortexa9_0/libsrc/xadcps_v2_2/src"
make -C ps7_cortexa9_0/libsrc/xadcps_v2_2/src -s libs  "SHELL=CMD" "COMPILER=arm-xilinx-eabi-gcc" "ARCHIVER=arm-xilinx-eabi-ar" "COMPILER_FLAGS=  -O2 -c" "EXTRA_COMPILER_FLAGS=-g"
"Compiling xadcps"
'Finished building libraries'
10:11:38 **** Build of configuration Debug for project Multi_car ****
make all 
'Building file: ../src/helloworld.c'
'Invoking: ARM gcc compiler'
arm-xilinx-eabi-gcc -Wall -O0 -g3 -c -fmessage-length=0 -MT"src/helloworld.o" -I../../Multi_car_bsp/ps7_cortexa9_0/include -MMD -MP -MF"src/helloworld.d" -MT"src/helloworld.d" -o "src/helloworld.o" "../src/helloworld.c"
'Finished building: ../src/helloworld.c'
' '
'Building file: ../src/platform.c'
'Invoking: ARM gcc compiler'
arm-xilinx-eabi-gcc -Wall -O0 -g3 -c -fmessage-length=0 -MT"src/platform.o" -I../../Multi_car_bsp/ps7_cortexa9_0/include -MMD -MP -MF"src/platform.d" -MT"src/platform.d" -o "src/platform.o" "../src/platform.c"
'Finished building: ../src/platform.c'
' '
'Building target: Multi_car.elf'
'Invoking: ARM gcc linker'
arm-xilinx-eabi-gcc -Wl,-T -Wl,../src/lscript.ld -L../../Multi_car_bsp/ps7_cortexa9_0/lib -o "Multi_car.elf"  ./src/helloworld.o ./src/platform.o   -Wl,--start-group,-lxil,-lgcc,-lc,--end-group
'Finished building target: Multi_car.elf'
' '
'Invoking: ARM Print Size'
arm-xilinx-eabi-size Multi_car.elf  |tee "Multi_car.elf.size"
   text	   data	    bss	    dec	    hex	filename
  22884	   1152	  22564	  46600	   b608	Multi_car.elf
'Finished building: Multi_car.elf.size'
' '
10:50:13 **** Auto Build of configuration Debug for project Multi_car ****
make all 
'Building file: ../src/helloworld.c'
'Invoking: ARM gcc compiler'
arm-xilinx-eabi-gcc -Wall -O0 -g3 -c -fmessage-length=0 -MT"src/helloworld.o" -I../../Multi_car_bsp/ps7_cortexa9_0/include -MMD -MP -MF"src/helloworld.d" -MT"src/helloworld.d" -o "src/helloworld.o" "../src/helloworld.c"
../src/helloworld.c: In function 'main':
../src/helloworld.c:43:40: error: 'FRE_THRES' undeclared (first use in this function)
 Xil_Out32(XPAR_PWM_CAR_V1_0_0_BASEADDR,FRE_THRES);//pwm0 fre
                                        ^
../src/helloworld.c:43:40: note: each undeclared identifier is reported only once for each function it appears in
../src/helloworld.c:44:42: error: 'WAV_THRES' undeclared (first use in this function)
 Xil_Out32(XPAR_PWM_CAR_V1_0_0_BASEADDR+4,WAV_THRES);//pwm0 wav
                                          ^
../src/helloworld.c:50:1: warning: implicit declaration of function 'zrcar_ultra_init' [-Wimplicit-function-declaration]
 zrcar_ultra_init();
 ^
../src/helloworld.c:72:2: warning: implicit declaration of function 'update_speed' [-Wimplicit-function-declaration]
  update_speed(wav0,wav1);
  ^
../src/helloworld.c:51:8: warning: unused variable 'ult_data' [-Wunused-variable]
 float *ult_data=0;
        ^
../src/helloworld.c:37:5: warning: unused variable 'move' [-Wunused-variable]
 int move = 0;
     ^
../src/helloworld.c:36:5: warning: unused variable 'lastCmd' [-Wunused-variable]
 u16 lastCmd = 0;
     ^
../src/helloworld.c:35:5: warning: variable 'cmd' set but not used [-Wunused-but-set-variable]
 u16 cmd = 0;
     ^
../src/helloworld.c:34:5: warning: unused variable 'fsm' [-Wunused-variable]
 int fsm = 0;
     ^
make: *** [src/helloworld.o] ´íÎó 1
10:51:04 **** Incremental Build of configuration Debug for project Multi_car ****
make all 
'Building file: ../src/helloworld.c'
'Invoking: ARM gcc compiler'
arm-xilinx-eabi-gcc -Wall -O0 -g3 -c -fmessage-length=0 -MT"src/helloworld.o" -I../../Multi_car_bsp/ps7_cortexa9_0/include -MMD -MP -MF"src/helloworld.d" -MT"src/helloworld.d" -o "src/helloworld.o" "../src/helloworld.c"
../src/helloworld.c: In function 'main':
../src/helloworld.c:43:40: error: 'FRE_THRES' undeclared (first use in this function)
 Xil_Out32(XPAR_PWM_CAR_V1_0_0_BASEADDR,FRE_THRES);//pwm0 fre
                                        ^
../src/helloworld.c:43:40: note: each undeclared identifier is reported only once for each function it appears in
../src/helloworld.c:44:42: error: 'WAV_THRES' undeclared (first use in this function)
 Xil_Out32(XPAR_PWM_CAR_V1_0_0_BASEADDR+4,WAV_THRES);//pwm0 wav
                                          ^
../src/helloworld.c:50:1: warning: implicit declaration of function 'zrcar_ultra_init' [-Wimplicit-function-declaration]
 zrcar_ultra_init();
 ^
../src/helloworld.c:72:2: warning: implicit declaration of function 'update_speed' [-Wimplicit-function-declaration]
  update_speed(wav0,wav1);
  ^
../src/helloworld.c:51:8: warning: unused variable 'ult_data' [-Wunused-variable]
 float *ult_data=0;
        ^
../src/helloworld.c:37:5: warning: unused variable 'move' [-Wunused-variable]
 int move = 0;
     ^
../src/helloworld.c:36:5: warning: unused variable 'lastCmd' [-Wunused-variable]
 u16 lastCmd = 0;
     ^
../src/helloworld.c:35:5: warning: variable 'cmd' set but not used [-Wunused-but-set-variable]
 u16 cmd = 0;
     ^
../src/helloworld.c:34:5: warning: unused variable 'fsm' [-Wunused-variable]
 int fsm = 0;
     ^
make: *** [src/helloworld.o] ´íÎó 1
10:52:25 **** Auto Build of configuration Debug for project Multi_car ****
make all 
'Building file: ../src/helloworld.c'
'Invoking: ARM gcc compiler'
arm-xilinx-eabi-gcc -Wall -O0 -g3 -c -fmessage-length=0 -MT"src/helloworld.o" -I../../Multi_car_bsp/ps7_cortexa9_0/include -MMD -MP -MF"src/helloworld.d" -MT"src/helloworld.d" -o "src/helloworld.o" "../src/helloworld.c"
../src/helloworld.c: In function 'main':
../src/helloworld.c:47:1: warning: implicit declaration of function 'zrcar_ultra_init' [-Wimplicit-function-declaration]
 zrcar_ultra_init();
 ^
../src/helloworld.c:48:8: warning: unused variable 'ult_data' [-Wunused-variable]
 float *ult_data=0;
        ^
../src/helloworld.c:34:5: warning: unused variable 'move' [-Wunused-variable]
 int move = 0;
     ^
../src/helloworld.c:33:5: warning: unused variable 'lastCmd' [-Wunused-variable]
 u16 lastCmd = 0;
     ^
../src/helloworld.c:32:5: warning: variable 'cmd' set but not used [-Wunused-but-set-variable]
 u16 cmd = 0;
     ^
../src/helloworld.c:31:5: warning: unused variable 'fsm' [-Wunused-variable]
 int fsm = 0;
     ^
'Finished building: ../src/helloworld.c'
' '
'Building file: ../src/pwm.c'
'Invoking: ARM gcc compiler'
arm-xilinx-eabi-gcc -Wall -O0 -g3 -c -fmessage-length=0 -MT"src/pwm.o" -I../../Multi_car_bsp/ps7_cortexa9_0/include -MMD -MP -MF"src/pwm.d" -MT"src/pwm.d" -o "src/pwm.o" "../src/pwm.c"
'Finished building: ../src/pwm.c'
' '
'Building target: Multi_car.elf'
'Invoking: ARM gcc linker'
arm-xilinx-eabi-gcc -Wl,-T -Wl,../src/lscript.ld -L../../Multi_car_bsp/ps7_cortexa9_0/lib -o "Multi_car.elf"  ./src/helloworld.o ./src/platform.o ./src/pwm.o   -Wl,--start-group,-lxil,-lgcc,-lc,--end-group
./src/pwm.o: In function `update_freq':
C:\Users\xiefe\Desktop\Multi_car\Multi_car.sdk\Multi_car\Debug/../src/pwm.c:14: multiple definition of `update_freq'
./src/helloworld.o:C:\Users\xiefe\Desktop\Multi_car\Multi_car.sdk\Multi_car\Debug/../src/pwm.c:14: first defined here
./src/pwm.o: In function `update_speed':
C:\Users\xiefe\Desktop\Multi_car\Multi_car.sdk\Multi_car\Debug/../src/pwm.c:21: multiple definition of `update_speed'
./src/helloworld.o:C:\Users\xiefe\Desktop\Multi_car\Multi_car.sdk\Multi_car\Debug/../src/pwm.c:21: first defined here
./src/pwm.o: In function `update_mode':
C:\Users\xiefe\Desktop\Multi_car\Multi_car.sdk\Multi_car\Debug/../src/pwm.c:28: multiple definition of `update_mode'
./src/helloworld.o:C:\Users\xiefe\Desktop\Multi_car\Multi_car.sdk\Multi_car\Debug/../src/pwm.c:28: first defined here
./src/pwm.o: In function `car_start_up':
C:\Users\xiefe\Desktop\Multi_car\Multi_car.sdk\Multi_car\Debug/../src/pwm.c:34: multiple definition of `car_start_up'
./src/helloworld.o:C:\Users\xiefe\Desktop\Multi_car\Multi_car.sdk\Multi_car\Debug/../src/pwm.c:34: first defined here
./src/pwm.o: In function `car_pull_over':
C:\Users\xiefe\Desktop\Multi_car\Multi_car.sdk\Multi_car\Debug/../src/pwm.c:46: multiple definition of `car_pull_over'
./src/helloworld.o:C:\Users\xiefe\Desktop\Multi_car\Multi_car.sdk\Multi_car\Debug/../src/pwm.c:46: first defined here
./src/pwm.o: In function `car_back_up':
C:\Users\xiefe\Desktop\Multi_car\Multi_car.sdk\Multi_car\Debug/../src/pwm.c:59: multiple definition of `car_back_up'
./src/helloworld.o:C:\Users\xiefe\Desktop\Multi_car\Multi_car.sdk\Multi_car\Debug/../src/pwm.c:59: first defined here
./src/pwm.o: In function `car_turn_left':
C:\Users\xiefe\Desktop\Multi_car\Multi_car.sdk\Multi_car\Debug/../src/pwm.c:71: multiple definition of `car_turn_left'
./src/helloworld.o:C:\Users\xiefe\Desktop\Multi_car\Multi_car.sdk\Multi_car\Debug/../src/pwm.c:71: first defined here
./src/pwm.o: In function `car_turn_right':
C:\Users\xiefe\Desktop\Multi_car\Multi_car.sdk\Multi_car\Debug/../src/pwm.c:78: multiple definition of `car_turn_right'
./src/helloworld.o:C:\Users\xiefe\Desktop\Multi_car\Multi_car.sdk\Multi_car\Debug/../src/pwm.c:78: first defined here
./src/pwm.o: In function `car_turn_around':
C:\Users\xiefe\Desktop\Multi_car\Multi_car.sdk\Multi_car\Debug/../src/pwm.c:85: multiple definition of `car_turn_around'
./src/helloworld.o:C:\Users\xiefe\Desktop\Multi_car\Multi_car.sdk\Multi_car\Debug/../src/pwm.c:85: first defined here
./src/pwm.o: In function `car_shut_down':
C:\Users\xiefe\Desktop\Multi_car\Multi_car.sdk\Multi_car\Debug/../src/pwm.c:97: multiple definition of `car_shut_down'
./src/helloworld.o:C:\Users\xiefe\Desktop\Multi_car\Multi_car.sdk\Multi_car\Debug/../src/pwm.c:97: first defined here
./src/helloworld.o: In function `main':
helloworld.c:(.text+0x6a4): undefined reference to `zrcar_ultra_init'
collect2.exe: error: ld returned 1 exit status
make: *** [Multi_car.elf] ´íÎó 1
10:54:27 **** Auto Build of configuration Debug for project Multi_car ****
make all 
'Building file: ../src/helloworld.c'
'Invoking: ARM gcc compiler'
arm-xilinx-eabi-gcc -Wall -O0 -g3 -c -fmessage-length=0 -MT"src/helloworld.o" -I../../Multi_car_bsp/ps7_cortexa9_0/include -MMD -MP -MF"src/helloworld.d" -MT"src/helloworld.d" -o "src/helloworld.o" "../src/helloworld.c"
../src/helloworld.c: In function 'main':
../src/helloworld.c:48:1: warning: implicit declaration of function 'zrcar_ultra_init' [-Wimplicit-function-declaration]
 zrcar_ultra_init();
 ^
../src/helloworld.c:49:8: warning: unused variable 'ult_data' [-Wunused-variable]
 float *ult_data=0;
        ^
../src/helloworld.c:35:5: warning: unused variable 'move' [-Wunused-variable]
 int move = 0;
     ^
../src/helloworld.c:34:5: warning: unused variable 'lastCmd' [-Wunused-variable]
 u16 lastCmd = 0;
     ^
../src/helloworld.c:33:5: warning: variable 'cmd' set but not used [-Wunused-but-set-variable]
 u16 cmd = 0;
     ^
../src/helloworld.c:32:5: warning: unused variable 'fsm' [-Wunused-variable]
 int fsm = 0;
     ^
'Finished building: ../src/helloworld.c'
' '
'Building target: Multi_car.elf'
'Invoking: ARM gcc linker'
arm-xilinx-eabi-gcc -Wl,-T -Wl,../src/lscript.ld -L../../Multi_car_bsp/ps7_cortexa9_0/lib -o "Multi_car.elf"  ./src/helloworld.o ./src/platform.o ./src/pwm.o   -Wl,--start-group,-lxil,-lgcc,-lc,--end-group
./src/pwm.o: In function `update_freq':
C:\Users\xiefe\Desktop\Multi_car\Multi_car.sdk\Multi_car\Debug/../src/pwm.c:14: multiple definition of `update_freq'
./src/helloworld.o:C:\Users\xiefe\Desktop\Multi_car\Multi_car.sdk\Multi_car\Debug/../src/pwm.c:14: first defined here
./src/pwm.o: In function `update_speed':
C:\Users\xiefe\Desktop\Multi_car\Multi_car.sdk\Multi_car\Debug/../src/pwm.c:21: multiple definition of `update_speed'
./src/helloworld.o:C:\Users\xiefe\Desktop\Multi_car\Multi_car.sdk\Multi_car\Debug/../src/pwm.c:21: first defined here
./src/pwm.o: In function `update_mode':
C:\Users\xiefe\Desktop\Multi_car\Multi_car.sdk\Multi_car\Debug/../src/pwm.c:28: multiple definition of `update_mode'
./src/helloworld.o:C:\Users\xiefe\Desktop\Multi_car\Multi_car.sdk\Multi_car\Debug/../src/pwm.c:28: first defined here
./src/pwm.o: In function `car_start_up':
C:\Users\xiefe\Desktop\Multi_car\Multi_car.sdk\Multi_car\Debug/../src/pwm.c:34: multiple definition of `car_start_up'
./src/helloworld.o:C:\Users\xiefe\Desktop\Multi_car\Multi_car.sdk\Multi_car\Debug/../src/pwm.c:34: first defined here
./src/pwm.o: In function `car_pull_over':
C:\Users\xiefe\Desktop\Multi_car\Multi_car.sdk\Multi_car\Debug/../src/pwm.c:46: multiple definition of `car_pull_over'
./src/helloworld.o:C:\Users\xiefe\Desktop\Multi_car\Multi_car.sdk\Multi_car\Debug/../src/pwm.c:46: first defined here
./src/pwm.o: In function `car_back_up':
C:\Users\xiefe\Desktop\Multi_car\Multi_car.sdk\Multi_car\Debug/../src/pwm.c:59: multiple definition of `car_back_up'
./src/helloworld.o:C:\Users\xiefe\Desktop\Multi_car\Multi_car.sdk\Multi_car\Debug/../src/pwm.c:59: first defined here
./src/pwm.o: In function `car_turn_left':
C:\Users\xiefe\Desktop\Multi_car\Multi_car.sdk\Multi_car\Debug/../src/pwm.c:71: multiple definition of `car_turn_left'
./src/helloworld.o:C:\Users\xiefe\Desktop\Multi_car\Multi_car.sdk\Multi_car\Debug/../src/pwm.c:71: first defined here
./src/pwm.o: In function `car_turn_right':
C:\Users\xiefe\Desktop\Multi_car\Multi_car.sdk\Multi_car\Debug/../src/pwm.c:78: multiple definition of `car_turn_right'
./src/helloworld.o:C:\Users\xiefe\Desktop\Multi_car\Multi_car.sdk\Multi_car\Debug/../src/pwm.c:78: first defined here
./src/pwm.o: In function `car_turn_around':
C:\Users\xiefe\Desktop\Multi_car\Multi_car.sdk\Multi_car\Debug/../src/pwm.c:85: multiple definition of `car_turn_around'
./src/helloworld.o:C:\Users\xiefe\Desktop\Multi_car\Multi_car.sdk\Multi_car\Debug/../src/pwm.c:85: first defined here
./src/pwm.o: In function `car_shut_down':
C:\Users\xiefe\Desktop\Multi_car\Multi_car.sdk\Multi_car\Debug/../src/pwm.c:97: multiple definition of `car_shut_down'
./src/helloworld.o:C:\Users\xiefe\Desktop\Multi_car\Multi_car.sdk\Multi_car\Debug/../src/pwm.c:97: first defined here
./src/helloworld.o: In function `main':
helloworld.c:(.text+0x6a4): undefined reference to `zrcar_ultra_init'
collect2.exe: error: ld returned 1 exit status
make: *** [Multi_car.elf] ´íÎó 1
10:54:42 **** Auto Build of configuration Debug for project Multi_car ****
make all 
'Building file: ../src/helloworld.c'
'Invoking: ARM gcc compiler'
arm-xilinx-eabi-gcc -Wall -O0 -g3 -c -fmessage-length=0 -MT"src/helloworld.o" -I../../Multi_car_bsp/ps7_cortexa9_0/include -MMD -MP -MF"src/helloworld.d" -MT"src/helloworld.d" -o "src/helloworld.o" "../src/helloworld.c"
../src/helloworld.c: In function 'main':
../src/helloworld.c:50:8: warning: unused variable 'ult_data' [-Wunused-variable]
 float *ult_data=0;
        ^
../src/helloworld.c:36:5: warning: unused variable 'move' [-Wunused-variable]
 int move = 0;
     ^
../src/helloworld.c:35:5: warning: unused variable 'lastCmd' [-Wunused-variable]
 u16 lastCmd = 0;
     ^
../src/helloworld.c:34:5: warning: variable 'cmd' set but not used [-Wunused-but-set-variable]
 u16 cmd = 0;
     ^
../src/helloworld.c:33:5: warning: unused variable 'fsm' [-Wunused-variable]
 int fsm = 0;
     ^
'Finished building: ../src/helloworld.c'
' '
'Building file: ../src/ult.c'
'Invoking: ARM gcc compiler'
arm-xilinx-eabi-gcc -Wall -O0 -g3 -c -fmessage-length=0 -MT"src/ult.o" -I../../Multi_car_bsp/ps7_cortexa9_0/include -MMD -MP -MF"src/ult.d" -MT"src/ult.d" -o "src/ult.o" "../src/ult.c"
'Finished building: ../src/ult.c'
' '
'Building target: Multi_car.elf'
'Invoking: ARM gcc linker'
arm-xilinx-eabi-gcc -Wl,-T -Wl,../src/lscript.ld -L../../Multi_car_bsp/ps7_cortexa9_0/lib -o "Multi_car.elf"  ./src/helloworld.o ./src/platform.o ./src/pwm.o ./src/ult.o   -Wl,--start-group,-lxil,-lgcc,-lc,--end-group
./src/pwm.o: In function `update_freq':
C:\Users\xiefe\Desktop\Multi_car\Multi_car.sdk\Multi_car\Debug/../src/pwm.c:14: multiple definition of `update_freq'
./src/helloworld.o:C:\Users\xiefe\Desktop\Multi_car\Multi_car.sdk\Multi_car\Debug/../src/pwm.c:14: first defined here
./src/pwm.o: In function `update_speed':
C:\Users\xiefe\Desktop\Multi_car\Multi_car.sdk\Multi_car\Debug/../src/pwm.c:21: multiple definition of `update_speed'
./src/helloworld.o:C:\Users\xiefe\Desktop\Multi_car\Multi_car.sdk\Multi_car\Debug/../src/pwm.c:21: first defined here
./src/pwm.o: In function `update_mode':
C:\Users\xiefe\Desktop\Multi_car\Multi_car.sdk\Multi_car\Debug/../src/pwm.c:28: multiple definition of `update_mode'
./src/helloworld.o:C:\Users\xiefe\Desktop\Multi_car\Multi_car.sdk\Multi_car\Debug/../src/pwm.c:28: first defined here
./src/pwm.o: In function `car_start_up':
C:\Users\xiefe\Desktop\Multi_car\Multi_car.sdk\Multi_car\Debug/../src/pwm.c:34: multiple definition of `car_start_up'
./src/helloworld.o:C:\Users\xiefe\Desktop\Multi_car\Multi_car.sdk\Multi_car\Debug/../src/pwm.c:34: first defined here
./src/pwm.o: In function `car_pull_over':
C:\Users\xiefe\Desktop\Multi_car\Multi_car.sdk\Multi_car\Debug/../src/pwm.c:46: multiple definition of `car_pull_over'
./src/helloworld.o:C:\Users\xiefe\Desktop\Multi_car\Multi_car.sdk\Multi_car\Debug/../src/pwm.c:46: first defined here
./src/pwm.o: In function `car_back_up':
C:\Users\xiefe\Desktop\Multi_car\Multi_car.sdk\Multi_car\Debug/../src/pwm.c:59: multiple definition of `car_back_up'
./src/helloworld.o:C:\Users\xiefe\Desktop\Multi_car\Multi_car.sdk\Multi_car\Debug/../src/pwm.c:59: first defined here
./src/pwm.o: In function `car_turn_left':
C:\Users\xiefe\Desktop\Multi_car\Multi_car.sdk\Multi_car\Debug/../src/pwm.c:71: multiple definition of `car_turn_left'
./src/helloworld.o:C:\Users\xiefe\Desktop\Multi_car\Multi_car.sdk\Multi_car\Debug/../src/pwm.c:71: first defined here
./src/pwm.o: In function `car_turn_right':
C:\Users\xiefe\Desktop\Multi_car\Multi_car.sdk\Multi_car\Debug/../src/pwm.c:78: multiple definition of `car_turn_right'
./src/helloworld.o:C:\Users\xiefe\Desktop\Multi_car\Multi_car.sdk\Multi_car\Debug/../src/pwm.c:78: first defined here
./src/pwm.o: In function `car_turn_around':
C:\Users\xiefe\Desktop\Multi_car\Multi_car.sdk\Multi_car\Debug/../src/pwm.c:85: multiple definition of `car_turn_around'
./src/helloworld.o:C:\Users\xiefe\Desktop\Multi_car\Multi_car.sdk\Multi_car\Debug/../src/pwm.c:85: first defined here
./src/pwm.o: In function `car_shut_down':
C:\Users\xiefe\Desktop\Multi_car\Multi_car.sdk\Multi_car\Debug/../src/pwm.c:97: multiple definition of `car_shut_down'
./src/helloworld.o:C:\Users\xiefe\Desktop\Multi_car\Multi_car.sdk\Multi_car\Debug/../src/pwm.c:97: first defined here
./src/ult.o: In function `zrcar_ultra_init':
C:\Users\xiefe\Desktop\Multi_car\Multi_car.sdk\Multi_car\Debug/../src/ult.c:15: multiple definition of `zrcar_ultra_init'
./src/helloworld.o:C:\Users\xiefe\Desktop\Multi_car\Multi_car.sdk\Multi_car\Debug/../src/ult.c:15: first defined here
./src/ult.o: In function `zrcar_ultra_get_all':
C:\Users\xiefe\Desktop\Multi_car\Multi_car.sdk\Multi_car\Debug/../src/ult.c:22: multiple definition of `zrcar_ultra_get_all'
./src/helloworld.o:C:\Users\xiefe\Desktop\Multi_car\Multi_car.sdk\Multi_car\Debug/../src/ult.c:22: first defined here
collect2.exe: error: ld returned 1 exit status
make: *** [Multi_car.elf] ´íÎó 1
10:55:12 **** Auto Build of configuration Debug for project Multi_car ****
make all 
'Building file: ../src/helloworld.c'
'Invoking: ARM gcc compiler'
arm-xilinx-eabi-gcc -Wall -O0 -g3 -c -fmessage-length=0 -MT"src/helloworld.o" -I../../Multi_car_bsp/ps7_cortexa9_0/include -MMD -MP -MF"src/helloworld.d" -MT"src/helloworld.d" -o "src/helloworld.o" "../src/helloworld.c"
../src/helloworld.c: In function 'main':
../src/helloworld.c:50:8: warning: unused variable 'ult_data' [-Wunused-variable]
 float *ult_data=0;
        ^
../src/helloworld.c:36:5: warning: unused variable 'move' [-Wunused-variable]
 int move = 0;
     ^
../src/helloworld.c:35:5: warning: unused variable 'lastCmd' [-Wunused-variable]
 u16 lastCmd = 0;
     ^
../src/helloworld.c:34:5: warning: variable 'cmd' set but not used [-Wunused-but-set-variable]
 u16 cmd = 0;
     ^
../src/helloworld.c:33:5: warning: unused variable 'fsm' [-Wunused-variable]
 int fsm = 0;
     ^
'Finished building: ../src/helloworld.c'
' '
'Building file: ../src/pwm.c'
'Invoking: ARM gcc compiler'
arm-xilinx-eabi-gcc -Wall -O0 -g3 -c -fmessage-length=0 -MT"src/pwm.o" -I../../Multi_car_bsp/ps7_cortexa9_0/include -MMD -MP -MF"src/pwm.d" -MT"src/pwm.d" -o "src/pwm.o" "../src/pwm.c"
'Finished building: ../src/pwm.c'
' '
'Building target: Multi_car.elf'
'Invoking: ARM gcc linker'
arm-xilinx-eabi-gcc -Wl,-T -Wl,../src/lscript.ld -L../../Multi_car_bsp/ps7_cortexa9_0/lib -o "Multi_car.elf"  ./src/helloworld.o ./src/platform.o ./src/pwm.o ./src/ult.o   -Wl,--start-group,-lxil,-lgcc,-lc,--end-group
./src/pwm.o: In function `update_freq':
C:\Users\xiefe\Desktop\Multi_car\Multi_car.sdk\Multi_car\Debug/../src/pwm.c:15: multiple definition of `update_freq'
./src/helloworld.o:C:\Users\xiefe\Desktop\Multi_car\Multi_car.sdk\Multi_car\Debug/../src/pwm.c:15: first defined here
./src/pwm.o: In function `update_speed':
C:\Users\xiefe\Desktop\Multi_car\Multi_car.sdk\Multi_car\Debug/../src/pwm.c:22: multiple definition of `update_speed'
./src/helloworld.o:C:\Users\xiefe\Desktop\Multi_car\Multi_car.sdk\Multi_car\Debug/../src/pwm.c:22: first defined here
./src/pwm.o: In function `update_mode':
C:\Users\xiefe\Desktop\Multi_car\Multi_car.sdk\Multi_car\Debug/../src/pwm.c:29: multiple definition of `update_mode'
./src/helloworld.o:C:\Users\xiefe\Desktop\Multi_car\Multi_car.sdk\Multi_car\Debug/../src/pwm.c:29: first defined here
./src/pwm.o: In function `car_start_up':
C:\Users\xiefe\Desktop\Multi_car\Multi_car.sdk\Multi_car\Debug/../src/pwm.c:35: multiple definition of `car_start_up'
./src/helloworld.o:C:\Users\xiefe\Desktop\Multi_car\Multi_car.sdk\Multi_car\Debug/../src/pwm.c:35: first defined here
./src/pwm.o: In function `car_pull_over':
C:\Users\xiefe\Desktop\Multi_car\Multi_car.sdk\Multi_car\Debug/../src/pwm.c:47: multiple definition of `car_pull_over'
./src/helloworld.o:C:\Users\xiefe\Desktop\Multi_car\Multi_car.sdk\Multi_car\Debug/../src/pwm.c:47: first defined here
./src/pwm.o: In function `car_back_up':
C:\Users\xiefe\Desktop\Multi_car\Multi_car.sdk\Multi_car\Debug/../src/pwm.c:60: multiple definition of `car_back_up'
./src/helloworld.o:C:\Users\xiefe\Desktop\Multi_car\Multi_car.sdk\Multi_car\Debug/../src/pwm.c:60: first defined here
./src/pwm.o: In function `car_turn_left':
C:\Users\xiefe\Desktop\Multi_car\Multi_car.sdk\Multi_car\Debug/../src/pwm.c:72: multiple definition of `car_turn_left'
./src/helloworld.o:C:\Users\xiefe\Desktop\Multi_car\Multi_car.sdk\Multi_car\Debug/../src/pwm.c:72: first defined here
./src/pwm.o: In function `car_turn_right':
C:\Users\xiefe\Desktop\Multi_car\Multi_car.sdk\Multi_car\Debug/../src/pwm.c:79: multiple definition of `car_turn_right'
./src/helloworld.o:C:\Users\xiefe\Desktop\Multi_car\Multi_car.sdk\Multi_car\Debug/../src/pwm.c:79: first defined here
./src/pwm.o: In function `car_turn_around':
C:\Users\xiefe\Desktop\Multi_car\Multi_car.sdk\Multi_car\Debug/../src/pwm.c:86: multiple definition of `car_turn_around'
./src/helloworld.o:C:\Users\xiefe\Desktop\Multi_car\Multi_car.sdk\Multi_car\Debug/../src/pwm.c:86: first defined here
./src/pwm.o: In function `car_shut_down':
C:\Users\xiefe\Desktop\Multi_car\Multi_car.sdk\Multi_car\Debug/../src/pwm.c:98: multiple definition of `car_shut_down'
./src/helloworld.o:C:\Users\xiefe\Desktop\Multi_car\Multi_car.sdk\Multi_car\Debug/../src/pwm.c:98: first defined here
./src/ult.o: In function `zrcar_ultra_init':
C:\Users\xiefe\Desktop\Multi_car\Multi_car.sdk\Multi_car\Debug/../src/ult.c:15: multiple definition of `zrcar_ultra_init'
./src/helloworld.o:C:\Users\xiefe\Desktop\Multi_car\Multi_car.sdk\Multi_car\Debug/../src/ult.c:15: first defined here
./src/ult.o: In function `zrcar_ultra_get_all':
C:\Users\xiefe\Desktop\Multi_car\Multi_car.sdk\Multi_car\Debug/../src/ult.c:22: multiple definition of `zrcar_ultra_get_all'
./src/helloworld.o:C:\Users\xiefe\Desktop\Multi_car\Multi_car.sdk\Multi_car\Debug/../src/ult.c:22: first defined here
collect2.exe: error: ld returned 1 exit status
make: *** [Multi_car.elf] ´íÎó 1
10:58:01 **** Incremental Build of configuration Debug for project Multi_car ****
make all 
'Building target: Multi_car.elf'
'Invoking: ARM gcc linker'
arm-xilinx-eabi-gcc -Wl,-T -Wl,../src/lscript.ld -L../../Multi_car_bsp/ps7_cortexa9_0/lib -o "Multi_car.elf"  ./src/helloworld.o ./src/platform.o ./src/pwm.o ./src/ult.o   -Wl,--start-group,-lxil,-lgcc,-lc,--end-group
./src/pwm.o: In function `update_freq':
C:\Users\xiefe\Desktop\Multi_car\Multi_car.sdk\Multi_car\Debug/../src/pwm.c:15: multiple definition of `update_freq'
./src/helloworld.o:C:\Users\xiefe\Desktop\Multi_car\Multi_car.sdk\Multi_car\Debug/../src/pwm.c:15: first defined here
./src/pwm.o: In function `update_speed':
C:\Users\xiefe\Desktop\Multi_car\Multi_car.sdk\Multi_car\Debug/../src/pwm.c:22: multiple definition of `update_speed'
./src/helloworld.o:C:\Users\xiefe\Desktop\Multi_car\Multi_car.sdk\Multi_car\Debug/../src/pwm.c:22: first defined here
./src/pwm.o: In function `update_mode':
C:\Users\xiefe\Desktop\Multi_car\Multi_car.sdk\Multi_car\Debug/../src/pwm.c:29: multiple definition of `update_mode'
./src/helloworld.o:C:\Users\xiefe\Desktop\Multi_car\Multi_car.sdk\Multi_car\Debug/../src/pwm.c:29: first defined here
./src/pwm.o: In function `car_start_up':
C:\Users\xiefe\Desktop\Multi_car\Multi_car.sdk\Multi_car\Debug/../src/pwm.c:35: multiple definition of `car_start_up'
./src/helloworld.o:C:\Users\xiefe\Desktop\Multi_car\Multi_car.sdk\Multi_car\Debug/../src/pwm.c:35: first defined here
./src/pwm.o: In function `car_pull_over':
C:\Users\xiefe\Desktop\Multi_car\Multi_car.sdk\Multi_car\Debug/../src/pwm.c:47: multiple definition of `car_pull_over'
./src/helloworld.o:C:\Users\xiefe\Desktop\Multi_car\Multi_car.sdk\Multi_car\Debug/../src/pwm.c:47: first defined here
./src/pwm.o: In function `car_back_up':
C:\Users\xiefe\Desktop\Multi_car\Multi_car.sdk\Multi_car\Debug/../src/pwm.c:60: multiple definition of `car_back_up'
./src/helloworld.o:C:\Users\xiefe\Desktop\Multi_car\Multi_car.sdk\Multi_car\Debug/../src/pwm.c:60: first defined here
./src/pwm.o: In function `car_turn_left':
C:\Users\xiefe\Desktop\Multi_car\Multi_car.sdk\Multi_car\Debug/../src/pwm.c:72: multiple definition of `car_turn_left'
./src/helloworld.o:C:\Users\xiefe\Desktop\Multi_car\Multi_car.sdk\Multi_car\Debug/../src/pwm.c:72: first defined here
./src/pwm.o: In function `car_turn_right':
C:\Users\xiefe\Desktop\Multi_car\Multi_car.sdk\Multi_car\Debug/../src/pwm.c:79: multiple definition of `car_turn_right'
./src/helloworld.o:C:\Users\xiefe\Desktop\Multi_car\Multi_car.sdk\Multi_car\Debug/../src/pwm.c:79: first defined here
./src/pwm.o: In function `car_turn_around':
C:\Users\xiefe\Desktop\Multi_car\Multi_car.sdk\Multi_car\Debug/../src/pwm.c:86: multiple definition of `car_turn_around'
./src/helloworld.o:C:\Users\xiefe\Desktop\Multi_car\Multi_car.sdk\Multi_car\Debug/../src/pwm.c:86: first defined here
./src/pwm.o: In function `car_shut_down':
C:\Users\xiefe\Desktop\Multi_car\Multi_car.sdk\Multi_car\Debug/../src/pwm.c:98: multiple definition of `car_shut_down'
./src/helloworld.o:C:\Users\xiefe\Desktop\Multi_car\Multi_car.sdk\Multi_car\Debug/../src/pwm.c:98: first defined here
./src/ult.o: In function `zrcar_ultra_init':
C:\Users\xiefe\Desktop\Multi_car\Multi_car.sdk\Multi_car\Debug/../src/ult.c:15: multiple definition of `zrcar_ultra_init'
./src/helloworld.o:C:\Users\xiefe\Desktop\Multi_car\Multi_car.sdk\Multi_car\Debug/../src/ult.c:15: first defined here
./src/ult.o: In function `zrcar_ultra_get_all':
C:\Users\xiefe\Desktop\Multi_car\Multi_car.sdk\Multi_car\Debug/../src/ult.c:22: multiple definition of `zrcar_ultra_get_all'
./src/helloworld.o:C:\Users\xiefe\Desktop\Multi_car\Multi_car.sdk\Multi_car\Debug/../src/ult.c:22: first defined here
collect2.exe: error: ld returned 1 exit status
make: *** [Multi_car.elf] ´íÎó 1
10:58:27 **** Auto Build of configuration Debug for project Multi_car ****
make all 
'Building file: ../src/helloworld.c'
'Invoking: ARM gcc compiler'
arm-xilinx-eabi-gcc -Wall -O0 -g3 -c -fmessage-length=0 -MT"src/helloworld.o" -I../../Multi_car_bsp/ps7_cortexa9_0/include -MMD -MP -MF"src/helloworld.d" -MT"src/helloworld.d" -o "src/helloworld.o" "../src/helloworld.c"
'Finished building: ../src/helloworld.c'
' '
'Building file: ../src/main.c'
'Invoking: ARM gcc compiler'
arm-xilinx-eabi-gcc -Wall -O0 -g3 -c -fmessage-length=0 -MT"src/main.o" -I../../Multi_car_bsp/ps7_cortexa9_0/include -MMD -MP -MF"src/main.d" -MT"src/main.d" -o "src/main.o" "../src/main.c"
../src/main.c: In function 'main':
../src/main.c:63:3: error: too many arguments to function 'zrcar_ultra_get_all'
   zrcar_ultra_get_all(ult_data,ult_data1);
   ^
In file included from ../src/main.c:29:0:
../src/ult.h:41:5: note: declared here
 int zrcar_ultra_get_all(float *val);
     ^
../src/main.c:37:5: warning: variable 'move' set but not used [-Wunused-but-set-variable]
 int move = 0;
     ^
../src/main.c:36:5: warning: variable 'lastCmd' set but not used [-Wunused-but-set-variable]
 u16 lastCmd = 0;
     ^
make: *** [src/main.o] ´íÎó 1
10:58:53 **** Auto Build of configuration Debug for project Multi_car ****
make all 
'Building file: ../src/main.c'
'Invoking: ARM gcc compiler'
arm-xilinx-eabi-gcc -Wall -O0 -g3 -c -fmessage-length=0 -MT"src/main.o" -I../../Multi_car_bsp/ps7_cortexa9_0/include -MMD -MP -MF"src/main.d" -MT"src/main.d" -o "src/main.o" "../src/main.c"
../src/main.c: In function 'main':
../src/main.c:37:5: warning: variable 'move' set but not used [-Wunused-but-set-variable]
 int move = 0;
     ^
../src/main.c:36:5: warning: variable 'lastCmd' set but not used [-Wunused-but-set-variable]
 u16 lastCmd = 0;
     ^
'Finished building: ../src/main.c'
' '
'Building target: Multi_car.elf'
'Invoking: ARM gcc linker'
arm-xilinx-eabi-gcc -Wl,-T -Wl,../src/lscript.ld -L../../Multi_car_bsp/ps7_cortexa9_0/lib -o "Multi_car.elf"  ./src/helloworld.o ./src/main.o ./src/platform.o ./src/pwm.o ./src/ult.o   -Wl,--start-group,-lxil,-lgcc,-lc,--end-group
'Finished building target: Multi_car.elf'
' '
'Invoking: ARM Print Size'
arm-xilinx-eabi-size Multi_car.elf  |tee "Multi_car.elf.size"
   text	   data	    bss	    dec	    hex	filename
  28404	   2192	  22628	  53224	   cfe8	Multi_car.elf
'Finished building: Multi_car.elf.size'
' '
11:13:28 **** Auto Build of configuration Debug for project Multi_car ****
make all 
'Building file: ../src/main.c'
'Invoking: ARM gcc compiler'
arm-xilinx-eabi-gcc -Wall -O0 -g3 -c -fmessage-length=0 -MT"src/main.o" -I../../Multi_car_bsp/ps7_cortexa9_0/include -MMD -MP -MF"src/main.d" -MT"src/main.d" -o "src/main.o" "../src/main.c"
../src/main.c: In function 'main':
../src/main.c:36:5: warning: unused variable 'move' [-Wunused-variable]
 int move = 0;
     ^
../src/main.c:33:5: warning: unused variable 'mode' [-Wunused-variable]
 int mode = AUTOMATIC_MODE;
     ^
'Finished building: ../src/main.c'
' '
'Building target: Multi_car.elf'
'Invoking: ARM gcc linker'
arm-xilinx-eabi-gcc -Wl,-T -Wl,../src/lscript.ld -L../../Multi_car_bsp/ps7_cortexa9_0/lib -o "Multi_car.elf"  ./src/helloworld.o ./src/main.o ./src/platform.o ./src/pwm.o ./src/ult.o   -Wl,--start-group,-lxil,-lgcc,-lc,--end-group
'Finished building target: Multi_car.elf'
' '
'Invoking: ARM Print Size'
arm-xilinx-eabi-size Multi_car.elf  |tee "Multi_car.elf.size"
   text	   data	    bss	    dec	    hex	filename
  63292	   2320	  22652	  88264	  158c8	Multi_car.elf
'Finished building: Multi_car.elf.size'
' '
11:13:42 **** Auto Build of configuration Debug for project Multi_car ****
make all 
'Building file: ../src/main.c'
'Invoking: ARM gcc compiler'
arm-xilinx-eabi-gcc -Wall -O0 -g3 -c -fmessage-length=0 -MT"src/main.o" -I../../Multi_car_bsp/ps7_cortexa9_0/include -MMD -MP -MF"src/main.d" -MT"src/main.d" -o "src/main.o" "../src/main.c"
'Finished building: ../src/main.c'
' '
'Building target: Multi_car.elf'
'Invoking: ARM gcc linker'
arm-xilinx-eabi-gcc -Wl,-T -Wl,../src/lscript.ld -L../../Multi_car_bsp/ps7_cortexa9_0/lib -o "Multi_car.elf"  ./src/helloworld.o ./src/main.o ./src/platform.o ./src/pwm.o ./src/ult.o   -Wl,--start-group,-lxil,-lgcc,-lc,--end-group
'Finished building target: Multi_car.elf'
' '
'Invoking: ARM Print Size'
arm-xilinx-eabi-size Multi_car.elf  |tee "Multi_car.elf.size"
   text	   data	    bss	    dec	    hex	filename
  63228	   2320	  22652	  88200	  15888	Multi_car.elf
'Finished building: Multi_car.elf.size'
' '
11:14:12 **** Incremental Build of configuration Debug for project Multi_car ****
make all 
make: Nothing to be done for `all'.
11:17:15 **** Build of project fsbl_zynq_bsp ****
make -k all 
"Running Make include in ps7_cortexa9_0/libsrc/coresightps_dcc_v1_0/src"
make -C ps7_cortexa9_0/libsrc/coresightps_dcc_v1_0/src -s include  "SHELL=CMD" "COMPILER=arm-xilinx-eabi-gcc" "ARCHIVER=arm-xilinx-eabi-ar" "COMPILER_FLAGS=  -O2 -c" "EXTRA_COMPILER_FLAGS=-g"
"Running Make include in ps7_cortexa9_0/libsrc/cpu_cortexa9_v2_1/src"
make -C ps7_cortexa9_0/libsrc/cpu_cortexa9_v2_1/src -s include  "SHELL=CMD" "COMPILER=arm-xilinx-eabi-gcc" "ARCHIVER=arm-xilinx-eabi-ar" "COMPILER_FLAGS=  -O2 -c" "EXTRA_COMPILER_FLAGS=-g"
"Running Make include in ps7_cortexa9_0/libsrc/devcfg_v3_3/src"
make -C ps7_cortexa9_0/libsrc/devcfg_v3_3/src -s include  "SHELL=CMD" "COMPILER=arm-xilinx-eabi-gcc" "ARCHIVER=arm-xilinx-eabi-ar" "COMPILER_FLAGS=  -O2 -c" "EXTRA_COMPILER_FLAGS=-g"
"Running Make include in ps7_cortexa9_0/libsrc/dmaps_v2_1/src"
make -C ps7_cortexa9_0/libsrc/dmaps_v2_1/src -s include  "SHELL=CMD" "COMPILER=arm-xilinx-eabi-gcc" "ARCHIVER=arm-xilinx-eabi-ar" "COMPILER_FLAGS=  -O2 -c" "EXTRA_COMPILER_FLAGS=-g"
"Running Make include in ps7_cortexa9_0/libsrc/emacps_v3_0/src"
make -C ps7_cortexa9_0/libsrc/emacps_v3_0/src -s include  "SHELL=CMD" "COMPILER=arm-xilinx-eabi-gcc" "ARCHIVER=arm-xilinx-eabi-ar" "COMPILER_FLAGS=  -O2 -c" "EXTRA_COMPILER_FLAGS=-g"
"Running Make include in ps7_cortexa9_0/libsrc/gpiops_v3_0/src"
make -C ps7_cortexa9_0/libsrc/gpiops_v3_0/src -s include  "SHELL=CMD" "COMPILER=arm-xilinx-eabi-gcc" "ARCHIVER=arm-xilinx-eabi-ar" "COMPILER_FLAGS=  -O2 -c" "EXTRA_COMPILER_FLAGS=-g"
"Running Make include in ps7_cortexa9_0/libsrc/qspips_v3_2/src"
make -C ps7_cortexa9_0/libsrc/qspips_v3_2/src -s include  "SHELL=CMD" "COMPILER=arm-xilinx-eabi-gcc" "ARCHIVER=arm-xilinx-eabi-ar" "COMPILER_FLAGS=  -O2 -c" "EXTRA_COMPILER_FLAGS=-g"
"Running Make include in ps7_cortexa9_0/libsrc/scugic_v3_0/src"
make -C ps7_cortexa9_0/libsrc/scugic_v3_0/src -s include  "SHELL=CMD" "COMPILER=arm-xilinx-eabi-gcc" "ARCHIVER=arm-xilinx-eabi-ar" "COMPILER_FLAGS=  -O2 -c" "EXTRA_COMPILER_FLAGS=-g"
"Running Make include in ps7_cortexa9_0/libsrc/scutimer_v2_1/src"
make -C ps7_cortexa9_0/libsrc/scutimer_v2_1/src -s include  "SHELL=CMD" "COMPILER=arm-xilinx-eabi-gcc" "ARCHIVER=arm-xilinx-eabi-ar" "COMPILER_FLAGS=  -O2 -c" "EXTRA_COMPILER_FLAGS=-g"
"Running Make include in ps7_cortexa9_0/libsrc/scuwdt_v2_1/src"
make -C ps7_cortexa9_0/libsrc/scuwdt_v2_1/src -s include  "SHELL=CMD" "COMPILER=arm-xilinx-eabi-gcc" "ARCHIVER=arm-xilinx-eabi-ar" "COMPILER_FLAGS=  -O2 -c" "EXTRA_COMPILER_FLAGS=-g"
"Running Make include in ps7_cortexa9_0/libsrc/sdps_v2_4/src"
make -C ps7_cortexa9_0/libsrc/sdps_v2_4/src -s include  "SHELL=CMD" "COMPILER=arm-xilinx-eabi-gcc" "ARCHIVER=arm-xilinx-eabi-ar" "COMPILER_FLAGS=  -O2 -c" "EXTRA_COMPILER_FLAGS=-g"
"Running Make include in ps7_cortexa9_0/libsrc/standalone_v5_1/src"
make -C ps7_cortexa9_0/libsrc/standalone_v5_1/src -s include  "SHELL=CMD" "COMPILER=arm-xilinx-eabi-gcc" "ARCHIVER=arm-xilinx-eabi-ar" "COMPILER_FLAGS=  -O2 -c" "EXTRA_COMPILER_FLAGS=-g"
"Running Make include in ps7_cortexa9_0/libsrc/uartlite_v3_0/src"
make -C ps7_cortexa9_0/libsrc/uartlite_v3_0/src -s include  "SHELL=CMD" "COMPILER=arm-xilinx-eabi-gcc" "ARCHIVER=arm-xilinx-eabi-ar" "COMPILER_FLAGS=  -O2 -c" "EXTRA_COMPILER_FLAGS=-g"
"Running Make include in ps7_cortexa9_0/libsrc/uartps_v3_0/src"
make -C ps7_cortexa9_0/libsrc/uartps_v3_0/src -s include  "SHELL=CMD" "COMPILER=arm-xilinx-eabi-gcc" "ARCHIVER=arm-xilinx-eabi-ar" "COMPILER_FLAGS=  -O2 -c" "EXTRA_COMPILER_FLAGS=-g"
"Running Make include in ps7_cortexa9_0/libsrc/usbps_v2_2/src"
make -C ps7_cortexa9_0/libsrc/usbps_v2_2/src -s include  "SHELL=CMD" "COMPILER=arm-xilinx-eabi-gcc" "ARCHIVER=arm-xilinx-eabi-ar" "COMPILER_FLAGS=  -O2 -c" "EXTRA_COMPILER_FLAGS=-g"
"Running Make include in ps7_cortexa9_0/libsrc/xadcps_v2_2/src"
make -C ps7_cortexa9_0/libsrc/xadcps_v2_2/src -s include  "SHELL=CMD" "COMPILER=arm-xilinx-eabi-gcc" "ARCHIVER=arm-xilinx-eabi-ar" "COMPILER_FLAGS=  -O2 -c" "EXTRA_COMPILER_FLAGS=-g"
"Running Make include in ps7_cortexa9_0/libsrc/xilffs_v3_0/src"
make -C ps7_cortexa9_0/libsrc/xilffs_v3_0/src -s include  "SHELL=CMD" "COMPILER=arm-xilinx-eabi-gcc" "ARCHIVER=arm-xilinx-eabi-ar" "COMPILER_FLAGS=  -O2 -c" "EXTRA_COMPILER_FLAGS=-g"
"Running Make include in ps7_cortexa9_0/libsrc/xilrsa_v1_1/src"
make -C ps7_cortexa9_0/libsrc/xilrsa_v1_1/src -s include  "SHELL=CMD" "COMPILER=arm-xilinx-eabi-gcc" "ARCHIVER=arm-xilinx-eabi-ar" "COMPILER_FLAGS=  -O2 -c" "EXTRA_COMPILER_FLAGS=-g"
"Running Make libs in ps7_cortexa9_0/libsrc/coresightps_dcc_v1_0/src"
make -C ps7_cortexa9_0/libsrc/coresightps_dcc_v1_0/src -s libs  "SHELL=CMD" "COMPILER=arm-xilinx-eabi-gcc" "ARCHIVER=arm-xilinx-eabi-ar" "COMPILER_FLAGS=  -O2 -c" "EXTRA_COMPILER_FLAGS=-g"
"Compiling coresightps_dcc"
arm-xilinx-eabi-ar: creating ../../../lib/libxil.a
"Running Make libs in ps7_cortexa9_0/libsrc/cpu_cortexa9_v2_1/src"
make -C ps7_cortexa9_0/libsrc/cpu_cortexa9_v2_1/src -s libs  "SHELL=CMD" "COMPILER=arm-xilinx-eabi-gcc" "ARCHIVER=arm-xilinx-eabi-ar" "COMPILER_FLAGS=  -O2 -c" "EXTRA_COMPILER_FLAGS=-g"
"Compiling cpu_cortexa9"
"Running Make libs in ps7_cortexa9_0/libsrc/devcfg_v3_3/src"
make -C ps7_cortexa9_0/libsrc/devcfg_v3_3/src -s libs  "SHELL=CMD" "COMPILER=arm-xilinx-eabi-gcc" "ARCHIVER=arm-xilinx-eabi-ar" "COMPILER_FLAGS=  -O2 -c" "EXTRA_COMPILER_FLAGS=-g"
"Compiling devcfg"
"Running Make libs in ps7_cortexa9_0/libsrc/dmaps_v2_1/src"
make -C ps7_cortexa9_0/libsrc/dmaps_v2_1/src -s libs  "SHELL=CMD" "COMPILER=arm-xilinx-eabi-gcc" "ARCHIVER=arm-xilinx-eabi-ar" "COMPILER_FLAGS=  -O2 -c" "EXTRA_COMPILER_FLAGS=-g"
"Compiling dmaps"
"Running Make libs in ps7_cortexa9_0/libsrc/emacps_v3_0/src"
make -C ps7_cortexa9_0/libsrc/emacps_v3_0/src -s libs  "SHELL=CMD" "COMPILER=arm-xilinx-eabi-gcc" "ARCHIVER=arm-xilinx-eabi-ar" "COMPILER_FLAGS=  -O2 -c" "EXTRA_COMPILER_FLAGS=-g"
"Compiling emacps"
"Running Make libs in ps7_cortexa9_0/libsrc/gpiops_v3_0/src"
make -C ps7_cortexa9_0/libsrc/gpiops_v3_0/src -s libs  "SHELL=CMD" "COMPILER=arm-xilinx-eabi-gcc" "ARCHIVER=arm-xilinx-eabi-ar" "COMPILER_FLAGS=  -O2 -c" "EXTRA_COMPILER_FLAGS=-g"
"Compiling gpiops"
"Running Make libs in ps7_cortexa9_0/libsrc/qspips_v3_2/src"
make -C ps7_cortexa9_0/libsrc/qspips_v3_2/src -s libs  "SHELL=CMD" "COMPILER=arm-xilinx-eabi-gcc" "ARCHIVER=arm-xilinx-eabi-ar" "COMPILER_FLAGS=  -O2 -c" "EXTRA_COMPILER_FLAGS=-g"
"Compiling qspips"
"Running Make libs in ps7_cortexa9_0/libsrc/scugic_v3_0/src"
make -C ps7_cortexa9_0/libsrc/scugic_v3_0/src -s libs  "SHELL=CMD" "COMPILER=arm-xilinx-eabi-gcc" "ARCHIVER=arm-xilinx-eabi-ar" "COMPILER_FLAGS=  -O2 -c" "EXTRA_COMPILER_FLAGS=-g"
"Compiling scugic"
"Running Make libs in ps7_cortexa9_0/libsrc/scutimer_v2_1/src"
make -C ps7_cortexa9_0/libsrc/scutimer_v2_1/src -s libs  "SHELL=CMD" "COMPILER=arm-xilinx-eabi-gcc" "ARCHIVER=arm-xilinx-eabi-ar" "COMPILER_FLAGS=  -O2 -c" "EXTRA_COMPILER_FLAGS=-g"
"Compiling scutimer"
"Running Make libs in ps7_cortexa9_0/libsrc/scuwdt_v2_1/src"
make -C ps7_cortexa9_0/libsrc/scuwdt_v2_1/src -s libs  "SHELL=CMD" "COMPILER=arm-xilinx-eabi-gcc" "ARCHIVER=arm-xilinx-eabi-ar" "COMPILER_FLAGS=  -O2 -c" "EXTRA_COMPILER_FLAGS=-g"
"Compiling scuwdt"
"Running Make libs in ps7_cortexa9_0/libsrc/sdps_v2_4/src"
make -C ps7_cortexa9_0/libsrc/sdps_v2_4/src -s libs  "SHELL=CMD" "COMPILER=arm-xilinx-eabi-gcc" "ARCHIVER=arm-xilinx-eabi-ar" "COMPILER_FLAGS=  -O2 -c" "EXTRA_COMPILER_FLAGS=-g"
"Compiling sdps"
"Running Make libs in ps7_cortexa9_0/libsrc/standalone_v5_1/src"
make -C ps7_cortexa9_0/libsrc/standalone_v5_1/src -s libs  "SHELL=CMD" "COMPILER=arm-xilinx-eabi-gcc" "ARCHIVER=arm-xilinx-eabi-ar" "COMPILER_FLAGS=  -O2 -c" "EXTRA_COMPILER_FLAGS=-g"
"Compiling standalone"
"Running Make libs in ps7_cortexa9_0/libsrc/uartlite_v3_0/src"
make -C ps7_cortexa9_0/libsrc/uartlite_v3_0/src -s libs  "SHELL=CMD" "COMPILER=arm-xilinx-eabi-gcc" "ARCHIVER=arm-xilinx-eabi-ar" "COMPILER_FLAGS=  -O2 -c" "EXTRA_COMPILER_FLAGS=-g"
"Compiling uartlite"
"Running Make libs in ps7_cortexa9_0/libsrc/uartps_v3_0/src"
make -C ps7_cortexa9_0/libsrc/uartps_v3_0/src -s libs  "SHELL=CMD" "COMPILER=arm-xilinx-eabi-gcc" "ARCHIVER=arm-xilinx-eabi-ar" "COMPILER_FLAGS=  -O2 -c" "EXTRA_COMPILER_FLAGS=-g"
"Compiling uartps"
"Running Make libs in ps7_cortexa9_0/libsrc/usbps_v2_2/src"
make -C ps7_cortexa9_0/libsrc/usbps_v2_2/src -s libs  "SHELL=CMD" "COMPILER=arm-xilinx-eabi-gcc" "ARCHIVER=arm-xilinx-eabi-ar" "COMPILER_FLAGS=  -O2 -c" "EXTRA_COMPILER_FLAGS=-g"
"Compiling usbps"
"Running Make libs in ps7_cortexa9_0/libsrc/xadcps_v2_2/src"
make -C ps7_cortexa9_0/libsrc/xadcps_v2_2/src -s libs  "SHELL=CMD" "COMPILER=arm-xilinx-eabi-gcc" "ARCHIVER=arm-xilinx-eabi-ar" "COMPILER_FLAGS=  -O2 -c" "EXTRA_COMPILER_FLAGS=-g"
"Compiling xadcps"
"Running Make libs in ps7_cortexa9_0/libsrc/xilffs_v3_0/src"
make -C ps7_cortexa9_0/libsrc/xilffs_v3_0/src -s libs  "SHELL=CMD" "COMPILER=arm-xilinx-eabi-gcc" "ARCHIVER=arm-xilinx-eabi-ar" "COMPILER_FLAGS=  -O2 -c" "EXTRA_COMPILER_FLAGS=-g"
"Compiling XilFFs Library"
"Creating archive libxilffs.a"
"Running Make libs in ps7_cortexa9_0/libsrc/xilrsa_v1_1/src"
make -C ps7_cortexa9_0/libsrc/xilrsa_v1_1/src -s libs  "SHELL=CMD" "COMPILER=arm-xilinx-eabi-gcc" "ARCHIVER=arm-xilinx-eabi-ar" "COMPILER_FLAGS=  -O2 -c" "EXTRA_COMPILER_FLAGS=-g"
'Finished building libraries'
11:17:48 **** Build of configuration Debug for project fsbl_zynq ****
make all 
'Building file: ../src/fsbl_handoff.S'
'Invoking: ARM gcc compiler'
arm-xilinx-eabi-gcc -Wall -O0 -g3 -I"C:\Users\xiefe\Desktop\Multi_car\Multi_car.sdk\design_1_wrapper_hw_platform_0" -c -fmessage-length=0 -MT"src/fsbl_handoff.o" -I../../fsbl_zynq_bsp/ps7_cortexa9_0/include -MMD -MP -MF"src/fsbl_handoff.d" -MT"src/fsbl_handoff.d" -o "src/fsbl_handoff.o" "../src/fsbl_handoff.S"
'Finished building: ../src/fsbl_handoff.S'
' '
'Building file: ../src/fsbl_hooks.c'
'Invoking: ARM gcc compiler'
arm-xilinx-eabi-gcc -Wall -O0 -g3 -I"C:\Users\xiefe\Desktop\Multi_car\Multi_car.sdk\design_1_wrapper_hw_platform_0" -c -fmessage-length=0 -MT"src/fsbl_hooks.o" -I../../fsbl_zynq_bsp/ps7_cortexa9_0/include -MMD -MP -MF"src/fsbl_hooks.d" -MT"src/fsbl_hooks.d" -o "src/fsbl_hooks.o" "../src/fsbl_hooks.c"
'Finished building: ../src/fsbl_hooks.c'
' '
'Building file: ../src/image_mover.c'
'Invoking: ARM gcc compiler'
arm-xilinx-eabi-gcc -Wall -O0 -g3 -I"C:\Users\xiefe\Desktop\Multi_car\Multi_car.sdk\design_1_wrapper_hw_platform_0" -c -fmessage-length=0 -MT"src/image_mover.o" -I../../fsbl_zynq_bsp/ps7_cortexa9_0/include -MMD -MP -MF"src/image_mover.d" -MT"src/image_mover.d" -o "src/image_mover.o" "../src/image_mover.c"
'Finished building: ../src/image_mover.c'
' '
'Building file: ../src/main.c'
'Invoking: ARM gcc compiler'
arm-xilinx-eabi-gcc -Wall -O0 -g3 -I"C:\Users\xiefe\Desktop\Multi_car\Multi_car.sdk\design_1_wrapper_hw_platform_0" -c -fmessage-length=0 -MT"src/main.o" -I../../fsbl_zynq_bsp/ps7_cortexa9_0/include -MMD -MP -MF"src/main.d" -MT"src/main.d" -o "src/main.o" "../src/main.c"
'Finished building: ../src/main.c'
' '
'Building file: ../src/md5.c'
'Invoking: ARM gcc compiler'
arm-xilinx-eabi-gcc -Wall -O0 -g3 -I"C:\Users\xiefe\Desktop\Multi_car\Multi_car.sdk\design_1_wrapper_hw_platform_0" -c -fmessage-length=0 -MT"src/md5.o" -I../../fsbl_zynq_bsp/ps7_cortexa9_0/include -MMD -MP -MF"src/md5.d" -MT"src/md5.d" -o "src/md5.o" "../src/md5.c"
'Finished building: ../src/md5.c'
' '
'Building file: ../src/nand.c'
'Invoking: ARM gcc compiler'
arm-xilinx-eabi-gcc -Wall -O0 -g3 -I"C:\Users\xiefe\Desktop\Multi_car\Multi_car.sdk\design_1_wrapper_hw_platform_0" -c -fmessage-length=0 -MT"src/nand.o" -I../../fsbl_zynq_bsp/ps7_cortexa9_0/include -MMD -MP -MF"src/nand.d" -MT"src/nand.d" -o "src/nand.o" "../src/nand.c"
'Finished building: ../src/nand.c'
' '
'Building file: ../src/nor.c'
'Invoking: ARM gcc compiler'
arm-xilinx-eabi-gcc -Wall -O0 -g3 -I"C:\Users\xiefe\Desktop\Multi_car\Multi_car.sdk\design_1_wrapper_hw_platform_0" -c -fmessage-length=0 -MT"src/nor.o" -I../../fsbl_zynq_bsp/ps7_cortexa9_0/include -MMD -MP -MF"src/nor.d" -MT"src/nor.d" -o "src/nor.o" "../src/nor.c"
'Finished building: ../src/nor.c'
' '
'Building file: ../src/pcap.c'
'Invoking: ARM gcc compiler'
arm-xilinx-eabi-gcc -Wall -O0 -g3 -I"C:\Users\xiefe\Desktop\Multi_car\Multi_car.sdk\design_1_wrapper_hw_platform_0" -c -fmessage-length=0 -MT"src/pcap.o" -I../../fsbl_zynq_bsp/ps7_cortexa9_0/include -MMD -MP -MF"src/pcap.d" -MT"src/pcap.d" -o "src/pcap.o" "../src/pcap.c"
'Finished building: ../src/pcap.c'
' '
'Building file: C:/Users/xiefe/Desktop/Multi_car/Multi_car.sdk/design_1_wrapper_hw_platform_0/ps7_init.c'
'Invoking: ARM gcc compiler'
arm-xilinx-eabi-gcc -Wall -O0 -g3 -I"C:\Users\xiefe\Desktop\Multi_car\Multi_car.sdk\design_1_wrapper_hw_platform_0" -c -fmessage-length=0 -MT"src/ps7_init.o" -I../../fsbl_zynq_bsp/ps7_cortexa9_0/include -MMD -MP -MF"src/ps7_init.d" -MT"src/ps7_init.d" -o "src/ps7_init.o" "C:/Users/xiefe/Desktop/Multi_car/Multi_car.sdk/design_1_wrapper_hw_platform_0/ps7_init.c"
'Finished building: C:/Users/xiefe/Desktop/Multi_car/Multi_car.sdk/design_1_wrapper_hw_platform_0/ps7_init.c'
' '
'Building file: ../src/qspi.c'
'Invoking: ARM gcc compiler'
arm-xilinx-eabi-gcc -Wall -O0 -g3 -I"C:\Users\xiefe\Desktop\Multi_car\Multi_car.sdk\design_1_wrapper_hw_platform_0" -c -fmessage-length=0 -MT"src/qspi.o" -I../../fsbl_zynq_bsp/ps7_cortexa9_0/include -MMD -MP -MF"src/qspi.d" -MT"src/qspi.d" -o "src/qspi.o" "../src/qspi.c"
'Finished building: ../src/qspi.c'
' '
'Building file: ../src/rsa.c'
'Invoking: ARM gcc compiler'
arm-xilinx-eabi-gcc -Wall -O0 -g3 -I"C:\Users\xiefe\Desktop\Multi_car\Multi_car.sdk\design_1_wrapper_hw_platform_0" -c -fmessage-length=0 -MT"src/rsa.o" -I../../fsbl_zynq_bsp/ps7_cortexa9_0/include -MMD -MP -MF"src/rsa.d" -MT"src/rsa.d" -o "src/rsa.o" "../src/rsa.c"
'Finished building: ../src/rsa.c'
' '
'Building file: ../src/sd.c'
'Invoking: ARM gcc compiler'
arm-xilinx-eabi-gcc -Wall -O0 -g3 -I"C:\Users\xiefe\Desktop\Multi_car\Multi_car.sdk\design_1_wrapper_hw_platform_0" -c -fmessage-length=0 -MT"src/sd.o" -I../../fsbl_zynq_bsp/ps7_cortexa9_0/include -MMD -MP -MF"src/sd.d" -MT"src/sd.d" -o "src/sd.o" "../src/sd.c"
'Finished building: ../src/sd.c'
' '
'Building target: fsbl_zynq.elf'
'Invoking: ARM gcc linker'
arm-xilinx-eabi-gcc -L"C:\Users\xiefe\Desktop\Multi_car\Multi_car.sdk\fsbl_zynq\src" -Wl,-T -Wl,../src/lscript.ld -L../../fsbl_zynq_bsp/ps7_cortexa9_0/lib -o "fsbl_zynq.elf"  ./src/fsbl_handoff.o ./src/fsbl_hooks.o ./src/image_mover.o ./src/main.o ./src/md5.o ./src/nand.o ./src/nor.o ./src/pcap.o ./src/ps7_init.o ./src/qspi.o ./src/rsa.o ./src/sd.o   -lrsa -Wl,--start-group,-lxil,-lgcc,-lc,--end-group -Wl,--start-group,-lxilffs,-lxil,-lgcc,-lc,--end-group -Wl,--start-group,-lrsa,-lxil,-lgcc,-lc,--end-group
'Finished building target: fsbl_zynq.elf'
' '
'Invoking: ARM Print Size'
arm-xilinx-eabi-size fsbl_zynq.elf  |tee "fsbl_zynq.elf.size"
   text	   data	    bss	    dec	    hex	filename
  74380	  12292	  73380	 160052	  27134	fsbl_zynq.elf
'Finished building: fsbl_zynq.elf.size'
' '
11:19:17 **** Auto Build of configuration Debug for project Multi_car ****
make all 
make: Nothing to be done for `all'.
11:24:02 **** Auto Build of configuration Debug for project Multi_car ****
make all 
'Building file: ../src/main.c'
'Invoking: ARM gcc compiler'
arm-xilinx-eabi-gcc -Wall -O0 -g3 -c -fmessage-length=0 -MT"src/main.o" -I../../Multi_car_bsp/ps7_cortexa9_0/include -MMD -MP -MF"src/main.d" -MT"src/main.d" -o "src/main.o" "../src/main.c"
'Finished building: ../src/main.c'
' '
'Building target: Multi_car.elf'
'Invoking: ARM gcc linker'
arm-xilinx-eabi-gcc -Wl,-T -Wl,../src/lscript.ld -L../../Multi_car_bsp/ps7_cortexa9_0/lib -o "Multi_car.elf"  ./src/helloworld.o ./src/main.o ./src/platform.o ./src/pwm.o ./src/ult.o   -Wl,--start-group,-lxil,-lgcc,-lc,--end-group
'Finished building target: Multi_car.elf'
' '
'Invoking: ARM Print Size'
arm-xilinx-eabi-size Multi_car.elf  |tee "Multi_car.elf.size"
   text	   data	    bss	    dec	    hex	filename
  63228	   2320	  22652	  88200	  15888	Multi_car.elf
'Finished building: Multi_car.elf.size'
' '
11:25:05 **** Build of project fsbl_zynq1_bsp ****
make -k all 
"Running Make include in ps7_cortexa9_0/libsrc/coresightps_dcc_v1_0/src"
make -C ps7_cortexa9_0/libsrc/coresightps_dcc_v1_0/src -s include  "SHELL=CMD" "COMPILER=arm-xilinx-eabi-gcc" "ARCHIVER=arm-xilinx-eabi-ar" "COMPILER_FLAGS=  -O2 -c" "EXTRA_COMPILER_FLAGS=-g"
"Running Make include in ps7_cortexa9_0/libsrc/cpu_cortexa9_v2_1/src"
make -C ps7_cortexa9_0/libsrc/cpu_cortexa9_v2_1/src -s include  "SHELL=CMD" "COMPILER=arm-xilinx-eabi-gcc" "ARCHIVER=arm-xilinx-eabi-ar" "COMPILER_FLAGS=  -O2 -c" "EXTRA_COMPILER_FLAGS=-g"
"Running Make include in ps7_cortexa9_0/libsrc/devcfg_v3_3/src"
make -C ps7_cortexa9_0/libsrc/devcfg_v3_3/src -s include  "SHELL=CMD" "COMPILER=arm-xilinx-eabi-gcc" "ARCHIVER=arm-xilinx-eabi-ar" "COMPILER_FLAGS=  -O2 -c" "EXTRA_COMPILER_FLAGS=-g"
"Running Make include in ps7_cortexa9_0/libsrc/dmaps_v2_1/src"
make -C ps7_cortexa9_0/libsrc/dmaps_v2_1/src -s include  "SHELL=CMD" "COMPILER=arm-xilinx-eabi-gcc" "ARCHIVER=arm-xilinx-eabi-ar" "COMPILER_FLAGS=  -O2 -c" "EXTRA_COMPILER_FLAGS=-g"
"Running Make include in ps7_cortexa9_0/libsrc/emacps_v3_0/src"
make -C ps7_cortexa9_0/libsrc/emacps_v3_0/src -s include  "SHELL=CMD" "COMPILER=arm-xilinx-eabi-gcc" "ARCHIVER=arm-xilinx-eabi-ar" "COMPILER_FLAGS=  -O2 -c" "EXTRA_COMPILER_FLAGS=-g"
"Running Make include in ps7_cortexa9_0/libsrc/gpiops_v3_0/src"
make -C ps7_cortexa9_0/libsrc/gpiops_v3_0/src -s include  "SHELL=CMD" "COMPILER=arm-xilinx-eabi-gcc" "ARCHIVER=arm-xilinx-eabi-ar" "COMPILER_FLAGS=  -O2 -c" "EXTRA_COMPILER_FLAGS=-g"
"Running Make include in ps7_cortexa9_0/libsrc/qspips_v3_2/src"
make -C ps7_cortexa9_0/libsrc/qspips_v3_2/src -s include  "SHELL=CMD" "COMPILER=arm-xilinx-eabi-gcc" "ARCHIVER=arm-xilinx-eabi-ar" "COMPILER_FLAGS=  -O2 -c" "EXTRA_COMPILER_FLAGS=-g"
"Running Make include in ps7_cortexa9_0/libsrc/scugic_v3_0/src"
make -C ps7_cortexa9_0/libsrc/scugic_v3_0/src -s include  "SHELL=CMD" "COMPILER=arm-xilinx-eabi-gcc" "ARCHIVER=arm-xilinx-eabi-ar" "COMPILER_FLAGS=  -O2 -c" "EXTRA_COMPILER_FLAGS=-g"
"Running Make include in ps7_cortexa9_0/libsrc/scutimer_v2_1/src"
make -C ps7_cortexa9_0/libsrc/scutimer_v2_1/src -s include  "SHELL=CMD" "COMPILER=arm-xilinx-eabi-gcc" "ARCHIVER=arm-xilinx-eabi-ar" "COMPILER_FLAGS=  -O2 -c" "EXTRA_COMPILER_FLAGS=-g"
"Running Make include in ps7_cortexa9_0/libsrc/scuwdt_v2_1/src"
make -C ps7_cortexa9_0/libsrc/scuwdt_v2_1/src -s include  "SHELL=CMD" "COMPILER=arm-xilinx-eabi-gcc" "ARCHIVER=arm-xilinx-eabi-ar" "COMPILER_FLAGS=  -O2 -c" "EXTRA_COMPILER_FLAGS=-g"
"Running Make include in ps7_cortexa9_0/libsrc/sdps_v2_4/src"
make -C ps7_cortexa9_0/libsrc/sdps_v2_4/src -s include  "SHELL=CMD" "COMPILER=arm-xilinx-eabi-gcc" "ARCHIVER=arm-xilinx-eabi-ar" "COMPILER_FLAGS=  -O2 -c" "EXTRA_COMPILER_FLAGS=-g"
"Running Make include in ps7_cortexa9_0/libsrc/standalone_v5_1/src"
make -C ps7_cortexa9_0/libsrc/standalone_v5_1/src -s include  "SHELL=CMD" "COMPILER=arm-xilinx-eabi-gcc" "ARCHIVER=arm-xilinx-eabi-ar" "COMPILER_FLAGS=  -O2 -c" "EXTRA_COMPILER_FLAGS=-g"
"Running Make include in ps7_cortexa9_0/libsrc/uartlite_v3_0/src"
make -C ps7_cortexa9_0/libsrc/uartlite_v3_0/src -s include  "SHELL=CMD" "COMPILER=arm-xilinx-eabi-gcc" "ARCHIVER=arm-xilinx-eabi-ar" "COMPILER_FLAGS=  -O2 -c" "EXTRA_COMPILER_FLAGS=-g"
"Running Make include in ps7_cortexa9_0/libsrc/uartps_v3_0/src"
make -C ps7_cortexa9_0/libsrc/uartps_v3_0/src -s include  "SHELL=CMD" "COMPILER=arm-xilinx-eabi-gcc" "ARCHIVER=arm-xilinx-eabi-ar" "COMPILER_FLAGS=  -O2 -c" "EXTRA_COMPILER_FLAGS=-g"
"Running Make include in ps7_cortexa9_0/libsrc/usbps_v2_2/src"
make -C ps7_cortexa9_0/libsrc/usbps_v2_2/src -s include  "SHELL=CMD" "COMPILER=arm-xilinx-eabi-gcc" "ARCHIVER=arm-xilinx-eabi-ar" "COMPILER_FLAGS=  -O2 -c" "EXTRA_COMPILER_FLAGS=-g"
"Running Make include in ps7_cortexa9_0/libsrc/xadcps_v2_2/src"
make -C ps7_cortexa9_0/libsrc/xadcps_v2_2/src -s include  "SHELL=CMD" "COMPILER=arm-xilinx-eabi-gcc" "ARCHIVER=arm-xilinx-eabi-ar" "COMPILER_FLAGS=  -O2 -c" "EXTRA_COMPILER_FLAGS=-g"
"Running Make include in ps7_cortexa9_0/libsrc/xilffs_v3_0/src"
make -C ps7_cortexa9_0/libsrc/xilffs_v3_0/src -s include  "SHELL=CMD" "COMPILER=arm-xilinx-eabi-gcc" "ARCHIVER=arm-xilinx-eabi-ar" "COMPILER_FLAGS=  -O2 -c" "EXTRA_COMPILER_FLAGS=-g"
"Running Make include in ps7_cortexa9_0/libsrc/xilrsa_v1_1/src"
make -C ps7_cortexa9_0/libsrc/xilrsa_v1_1/src -s include  "SHELL=CMD" "COMPILER=arm-xilinx-eabi-gcc" "ARCHIVER=arm-xilinx-eabi-ar" "COMPILER_FLAGS=  -O2 -c" "EXTRA_COMPILER_FLAGS=-g"
"Running Make libs in ps7_cortexa9_0/libsrc/coresightps_dcc_v1_0/src"
make -C ps7_cortexa9_0/libsrc/coresightps_dcc_v1_0/src -s libs  "SHELL=CMD" "COMPILER=arm-xilinx-eabi-gcc" "ARCHIVER=arm-xilinx-eabi-ar" "COMPILER_FLAGS=  -O2 -c" "EXTRA_COMPILER_FLAGS=-g"
"Compiling coresightps_dcc"
arm-xilinx-eabi-ar: creating ../../../lib/libxil.a
"Running Make libs in ps7_cortexa9_0/libsrc/cpu_cortexa9_v2_1/src"
make -C ps7_cortexa9_0/libsrc/cpu_cortexa9_v2_1/src -s libs  "SHELL=CMD" "COMPILER=arm-xilinx-eabi-gcc" "ARCHIVER=arm-xilinx-eabi-ar" "COMPILER_FLAGS=  -O2 -c" "EXTRA_COMPILER_FLAGS=-g"
"Compiling cpu_cortexa9"
"Running Make libs in ps7_cortexa9_0/libsrc/devcfg_v3_3/src"
make -C ps7_cortexa9_0/libsrc/devcfg_v3_3/src -s libs  "SHELL=CMD" "COMPILER=arm-xilinx-eabi-gcc" "ARCHIVER=arm-xilinx-eabi-ar" "COMPILER_FLAGS=  -O2 -c" "EXTRA_COMPILER_FLAGS=-g"
"Compiling devcfg"
"Running Make libs in ps7_cortexa9_0/libsrc/dmaps_v2_1/src"
make -C ps7_cortexa9_0/libsrc/dmaps_v2_1/src -s libs  "SHELL=CMD" "COMPILER=arm-xilinx-eabi-gcc" "ARCHIVER=arm-xilinx-eabi-ar" "COMPILER_FLAGS=  -O2 -c" "EXTRA_COMPILER_FLAGS=-g"
"Compiling dmaps"
"Running Make libs in ps7_cortexa9_0/libsrc/emacps_v3_0/src"
make -C ps7_cortexa9_0/libsrc/emacps_v3_0/src -s libs  "SHELL=CMD" "COMPILER=arm-xilinx-eabi-gcc" "ARCHIVER=arm-xilinx-eabi-ar" "COMPILER_FLAGS=  -O2 -c" "EXTRA_COMPILER_FLAGS=-g"
"Compiling emacps"
"Running Make libs in ps7_cortexa9_0/libsrc/gpiops_v3_0/src"
make -C ps7_cortexa9_0/libsrc/gpiops_v3_0/src -s libs  "SHELL=CMD" "COMPILER=arm-xilinx-eabi-gcc" "ARCHIVER=arm-xilinx-eabi-ar" "COMPILER_FLAGS=  -O2 -c" "EXTRA_COMPILER_FLAGS=-g"
"Compiling gpiops"
"Running Make libs in ps7_cortexa9_0/libsrc/qspips_v3_2/src"
make -C ps7_cortexa9_0/libsrc/qspips_v3_2/src -s libs  "SHELL=CMD" "COMPILER=arm-xilinx-eabi-gcc" "ARCHIVER=arm-xilinx-eabi-ar" "COMPILER_FLAGS=  -O2 -c" "EXTRA_COMPILER_FLAGS=-g"
"Compiling qspips"
"Running Make libs in ps7_cortexa9_0/libsrc/scugic_v3_0/src"
make -C ps7_cortexa9_0/libsrc/scugic_v3_0/src -s libs  "SHELL=CMD" "COMPILER=arm-xilinx-eabi-gcc" "ARCHIVER=arm-xilinx-eabi-ar" "COMPILER_FLAGS=  -O2 -c" "EXTRA_COMPILER_FLAGS=-g"
"Compiling scugic"
"Running Make libs in ps7_cortexa9_0/libsrc/scutimer_v2_1/src"
make -C ps7_cortexa9_0/libsrc/scutimer_v2_1/src -s libs  "SHELL=CMD" "COMPILER=arm-xilinx-eabi-gcc" "ARCHIVER=arm-xilinx-eabi-ar" "COMPILER_FLAGS=  -O2 -c" "EXTRA_COMPILER_FLAGS=-g"
"Compiling scutimer"
"Running Make libs in ps7_cortexa9_0/libsrc/scuwdt_v2_1/src"
make -C ps7_cortexa9_0/libsrc/scuwdt_v2_1/src -s libs  "SHELL=CMD" "COMPILER=arm-xilinx-eabi-gcc" "ARCHIVER=arm-xilinx-eabi-ar" "COMPILER_FLAGS=  -O2 -c" "EXTRA_COMPILER_FLAGS=-g"
"Compiling scuwdt"
"Running Make libs in ps7_cortexa9_0/libsrc/sdps_v2_4/src"
make -C ps7_cortexa9_0/libsrc/sdps_v2_4/src -s libs  "SHELL=CMD" "COMPILER=arm-xilinx-eabi-gcc" "ARCHIVER=arm-xilinx-eabi-ar" "COMPILER_FLAGS=  -O2 -c" "EXTRA_COMPILER_FLAGS=-g"
"Compiling sdps"
"Running Make libs in ps7_cortexa9_0/libsrc/standalone_v5_1/src"
make -C ps7_cortexa9_0/libsrc/standalone_v5_1/src -s libs  "SHELL=CMD" "COMPILER=arm-xilinx-eabi-gcc" "ARCHIVER=arm-xilinx-eabi-ar" "COMPILER_FLAGS=  -O2 -c" "EXTRA_COMPILER_FLAGS=-g"
"Compiling standalone"
"Running Make libs in ps7_cortexa9_0/libsrc/uartlite_v3_0/src"
make -C ps7_cortexa9_0/libsrc/uartlite_v3_0/src -s libs  "SHELL=CMD" "COMPILER=arm-xilinx-eabi-gcc" "ARCHIVER=arm-xilinx-eabi-ar" "COMPILER_FLAGS=  -O2 -c" "EXTRA_COMPILER_FLAGS=-g"
"Compiling uartlite"
"Running Make libs in ps7_cortexa9_0/libsrc/uartps_v3_0/src"
make -C ps7_cortexa9_0/libsrc/uartps_v3_0/src -s libs  "SHELL=CMD" "COMPILER=arm-xilinx-eabi-gcc" "ARCHIVER=arm-xilinx-eabi-ar" "COMPILER_FLAGS=  -O2 -c" "EXTRA_COMPILER_FLAGS=-g"
"Compiling uartps"
"Running Make libs in ps7_cortexa9_0/libsrc/usbps_v2_2/src"
make -C ps7_cortexa9_0/libsrc/usbps_v2_2/src -s libs  "SHELL=CMD" "COMPILER=arm-xilinx-eabi-gcc" "ARCHIVER=arm-xilinx-eabi-ar" "COMPILER_FLAGS=  -O2 -c" "EXTRA_COMPILER_FLAGS=-g"
"Compiling usbps"
"Running Make libs in ps7_cortexa9_0/libsrc/xadcps_v2_2/src"
make -C ps7_cortexa9_0/libsrc/xadcps_v2_2/src -s libs  "SHELL=CMD" "COMPILER=arm-xilinx-eabi-gcc" "ARCHIVER=arm-xilinx-eabi-ar" "COMPILER_FLAGS=  -O2 -c" "EXTRA_COMPILER_FLAGS=-g"
"Compiling xadcps"
"Running Make libs in ps7_cortexa9_0/libsrc/xilffs_v3_0/src"
make -C ps7_cortexa9_0/libsrc/xilffs_v3_0/src -s libs  "SHELL=CMD" "COMPILER=arm-xilinx-eabi-gcc" "ARCHIVER=arm-xilinx-eabi-ar" "COMPILER_FLAGS=  -O2 -c" "EXTRA_COMPILER_FLAGS=-g"
"Compiling XilFFs Library"
"Creating archive libxilffs.a"
"Running Make libs in ps7_cortexa9_0/libsrc/xilrsa_v1_1/src"
make -C ps7_cortexa9_0/libsrc/xilrsa_v1_1/src -s libs  "SHELL=CMD" "COMPILER=arm-xilinx-eabi-gcc" "ARCHIVER=arm-xilinx-eabi-ar" "COMPILER_FLAGS=  -O2 -c" "EXTRA_COMPILER_FLAGS=-g"
'Finished building libraries'
11:25:31 **** Build of configuration Debug for project fsbl_zynq1 ****
make all 
'Building file: ../src/fsbl_handoff.S'
'Invoking: ARM gcc compiler'
arm-xilinx-eabi-gcc -Wall -O0 -g3 -I"C:\Users\xiefe\Desktop\Multi_car\Multi_car.sdk\design_1_wrapper_hw_platform_0" -c -fmessage-length=0 -MT"src/fsbl_handoff.o" -I../../fsbl_zynq1_bsp/ps7_cortexa9_0/include -MMD -MP -MF"src/fsbl_handoff.d" -MT"src/fsbl_handoff.d" -o "src/fsbl_handoff.o" "../src/fsbl_handoff.S"
'Finished building: ../src/fsbl_handoff.S'
' '
'Building file: ../src/fsbl_hooks.c'
'Invoking: ARM gcc compiler'
arm-xilinx-eabi-gcc -Wall -O0 -g3 -I"C:\Users\xiefe\Desktop\Multi_car\Multi_car.sdk\design_1_wrapper_hw_platform_0" -c -fmessage-length=0 -MT"src/fsbl_hooks.o" -I../../fsbl_zynq1_bsp/ps7_cortexa9_0/include -MMD -MP -MF"src/fsbl_hooks.d" -MT"src/fsbl_hooks.d" -o "src/fsbl_hooks.o" "../src/fsbl_hooks.c"
'Finished building: ../src/fsbl_hooks.c'
' '
'Building file: ../src/image_mover.c'
'Invoking: ARM gcc compiler'
arm-xilinx-eabi-gcc -Wall -O0 -g3 -I"C:\Users\xiefe\Desktop\Multi_car\Multi_car.sdk\design_1_wrapper_hw_platform_0" -c -fmessage-length=0 -MT"src/image_mover.o" -I../../fsbl_zynq1_bsp/ps7_cortexa9_0/include -MMD -MP -MF"src/image_mover.d" -MT"src/image_mover.d" -o "src/image_mover.o" "../src/image_mover.c"
'Finished building: ../src/image_mover.c'
' '
'Building file: ../src/main.c'
'Invoking: ARM gcc compiler'
arm-xilinx-eabi-gcc -Wall -O0 -g3 -I"C:\Users\xiefe\Desktop\Multi_car\Multi_car.sdk\design_1_wrapper_hw_platform_0" -c -fmessage-length=0 -MT"src/main.o" -I../../fsbl_zynq1_bsp/ps7_cortexa9_0/include -MMD -MP -MF"src/main.d" -MT"src/main.d" -o "src/main.o" "../src/main.c"
'Finished building: ../src/main.c'
' '
'Building file: ../src/md5.c'
'Invoking: ARM gcc compiler'
arm-xilinx-eabi-gcc -Wall -O0 -g3 -I"C:\Users\xiefe\Desktop\Multi_car\Multi_car.sdk\design_1_wrapper_hw_platform_0" -c -fmessage-length=0 -MT"src/md5.o" -I../../fsbl_zynq1_bsp/ps7_cortexa9_0/include -MMD -MP -MF"src/md5.d" -MT"src/md5.d" -o "src/md5.o" "../src/md5.c"
'Finished building: ../src/md5.c'
' '
'Building file: ../src/nand.c'
'Invoking: ARM gcc compiler'
arm-xilinx-eabi-gcc -Wall -O0 -g3 -I"C:\Users\xiefe\Desktop\Multi_car\Multi_car.sdk\design_1_wrapper_hw_platform_0" -c -fmessage-length=0 -MT"src/nand.o" -I../../fsbl_zynq1_bsp/ps7_cortexa9_0/include -MMD -MP -MF"src/nand.d" -MT"src/nand.d" -o "src/nand.o" "../src/nand.c"
'Finished building: ../src/nand.c'
' '
'Building file: ../src/nor.c'
'Invoking: ARM gcc compiler'
arm-xilinx-eabi-gcc -Wall -O0 -g3 -I"C:\Users\xiefe\Desktop\Multi_car\Multi_car.sdk\design_1_wrapper_hw_platform_0" -c -fmessage-length=0 -MT"src/nor.o" -I../../fsbl_zynq1_bsp/ps7_cortexa9_0/include -MMD -MP -MF"src/nor.d" -MT"src/nor.d" -o "src/nor.o" "../src/nor.c"
'Finished building: ../src/nor.c'
' '
'Building file: ../src/pcap.c'
'Invoking: ARM gcc compiler'
arm-xilinx-eabi-gcc -Wall -O0 -g3 -I"C:\Users\xiefe\Desktop\Multi_car\Multi_car.sdk\design_1_wrapper_hw_platform_0" -c -fmessage-length=0 -MT"src/pcap.o" -I../../fsbl_zynq1_bsp/ps7_cortexa9_0/include -MMD -MP -MF"src/pcap.d" -MT"src/pcap.d" -o "src/pcap.o" "../src/pcap.c"
'Finished building: ../src/pcap.c'
' '
'Building file: C:/Users/xiefe/Desktop/Multi_car/Multi_car.sdk/design_1_wrapper_hw_platform_0/ps7_init.c'
'Invoking: ARM gcc compiler'
arm-xilinx-eabi-gcc -Wall -O0 -g3 -I"C:\Users\xiefe\Desktop\Multi_car\Multi_car.sdk\design_1_wrapper_hw_platform_0" -c -fmessage-length=0 -MT"src/ps7_init.o" -I../../fsbl_zynq1_bsp/ps7_cortexa9_0/include -MMD -MP -MF"src/ps7_init.d" -MT"src/ps7_init.d" -o "src/ps7_init.o" "C:/Users/xiefe/Desktop/Multi_car/Multi_car.sdk/design_1_wrapper_hw_platform_0/ps7_init.c"
'Finished building: C:/Users/xiefe/Desktop/Multi_car/Multi_car.sdk/design_1_wrapper_hw_platform_0/ps7_init.c'
' '
'Building file: ../src/qspi.c'
'Invoking: ARM gcc compiler'
arm-xilinx-eabi-gcc -Wall -O0 -g3 -I"C:\Users\xiefe\Desktop\Multi_car\Multi_car.sdk\design_1_wrapper_hw_platform_0" -c -fmessage-length=0 -MT"src/qspi.o" -I../../fsbl_zynq1_bsp/ps7_cortexa9_0/include -MMD -MP -MF"src/qspi.d" -MT"src/qspi.d" -o "src/qspi.o" "../src/qspi.c"
'Finished building: ../src/qspi.c'
' '
'Building file: ../src/rsa.c'
'Invoking: ARM gcc compiler'
arm-xilinx-eabi-gcc -Wall -O0 -g3 -I"C:\Users\xiefe\Desktop\Multi_car\Multi_car.sdk\design_1_wrapper_hw_platform_0" -c -fmessage-length=0 -MT"src/rsa.o" -I../../fsbl_zynq1_bsp/ps7_cortexa9_0/include -MMD -MP -MF"src/rsa.d" -MT"src/rsa.d" -o "src/rsa.o" "../src/rsa.c"
'Finished building: ../src/rsa.c'
' '
'Building file: ../src/sd.c'
'Invoking: ARM gcc compiler'
arm-xilinx-eabi-gcc -Wall -O0 -g3 -I"C:\Users\xiefe\Desktop\Multi_car\Multi_car.sdk\design_1_wrapper_hw_platform_0" -c -fmessage-length=0 -MT"src/sd.o" -I../../fsbl_zynq1_bsp/ps7_cortexa9_0/include -MMD -MP -MF"src/sd.d" -MT"src/sd.d" -o "src/sd.o" "../src/sd.c"
'Finished building: ../src/sd.c'
' '
'Building target: fsbl_zynq1.elf'
'Invoking: ARM gcc linker'
arm-xilinx-eabi-gcc -L"C:\Users\xiefe\Desktop\Multi_car\Multi_car.sdk\fsbl_zynq1\src" -Wl,-T -Wl,../src/lscript.ld -L../../fsbl_zynq1_bsp/ps7_cortexa9_0/lib -o "fsbl_zynq1.elf"  ./src/fsbl_handoff.o ./src/fsbl_hooks.o ./src/image_mover.o ./src/main.o ./src/md5.o ./src/nand.o ./src/nor.o ./src/pcap.o ./src/ps7_init.o ./src/qspi.o ./src/rsa.o ./src/sd.o   -lrsa -Wl,--start-group,-lxil,-lgcc,-lc,--end-group -Wl,--start-group,-lxilffs,-lxil,-lgcc,-lc,--end-group -Wl,--start-group,-lrsa,-lxil,-lgcc,-lc,--end-group
'Finished building target: fsbl_zynq1.elf'
' '
'Invoking: ARM Print Size'
arm-xilinx-eabi-size fsbl_zynq1.elf  |tee "fsbl_zynq1.elf.size"
   text	   data	    bss	    dec	    hex	filename
  74380	  12292	  73380	 160052	  27134	fsbl_zynq1.elf
'Finished building: fsbl_zynq1.elf.size'
' '
11:28:31 **** Build of project fsbl_zynq_bsp ****
make -k all 
"Running Make include in ps7_cortexa9_0/libsrc/coresightps_dcc_v1_0/src"
make -C ps7_cortexa9_0/libsrc/coresightps_dcc_v1_0/src -s include  "SHELL=CMD" "COMPILER=arm-xilinx-eabi-gcc" "ARCHIVER=arm-xilinx-eabi-ar" "COMPILER_FLAGS=  -O2 -c" "EXTRA_COMPILER_FLAGS=-g"
"Running Make include in ps7_cortexa9_0/libsrc/cpu_cortexa9_v2_1/src"
make -C ps7_cortexa9_0/libsrc/cpu_cortexa9_v2_1/src -s include  "SHELL=CMD" "COMPILER=arm-xilinx-eabi-gcc" "ARCHIVER=arm-xilinx-eabi-ar" "COMPILER_FLAGS=  -O2 -c" "EXTRA_COMPILER_FLAGS=-g"
"Running Make include in ps7_cortexa9_0/libsrc/devcfg_v3_3/src"
make -C ps7_cortexa9_0/libsrc/devcfg_v3_3/src -s include  "SHELL=CMD" "COMPILER=arm-xilinx-eabi-gcc" "ARCHIVER=arm-xilinx-eabi-ar" "COMPILER_FLAGS=  -O2 -c" "EXTRA_COMPILER_FLAGS=-g"
"Running Make include in ps7_cortexa9_0/libsrc/dmaps_v2_1/src"
make -C ps7_cortexa9_0/libsrc/dmaps_v2_1/src -s include  "SHELL=CMD" "COMPILER=arm-xilinx-eabi-gcc" "ARCHIVER=arm-xilinx-eabi-ar" "COMPILER_FLAGS=  -O2 -c" "EXTRA_COMPILER_FLAGS=-g"
"Running Make include in ps7_cortexa9_0/libsrc/emacps_v3_0/src"
make -C ps7_cortexa9_0/libsrc/emacps_v3_0/src -s include  "SHELL=CMD" "COMPILER=arm-xilinx-eabi-gcc" "ARCHIVER=arm-xilinx-eabi-ar" "COMPILER_FLAGS=  -O2 -c" "EXTRA_COMPILER_FLAGS=-g"
"Running Make include in ps7_cortexa9_0/libsrc/gpiops_v3_0/src"
make -C ps7_cortexa9_0/libsrc/gpiops_v3_0/src -s include  "SHELL=CMD" "COMPILER=arm-xilinx-eabi-gcc" "ARCHIVER=arm-xilinx-eabi-ar" "COMPILER_FLAGS=  -O2 -c" "EXTRA_COMPILER_FLAGS=-g"
"Running Make include in ps7_cortexa9_0/libsrc/qspips_v3_2/src"
make -C ps7_cortexa9_0/libsrc/qspips_v3_2/src -s include  "SHELL=CMD" "COMPILER=arm-xilinx-eabi-gcc" "ARCHIVER=arm-xilinx-eabi-ar" "COMPILER_FLAGS=  -O2 -c" "EXTRA_COMPILER_FLAGS=-g"
"Running Make include in ps7_cortexa9_0/libsrc/scugic_v3_0/src"
make -C ps7_cortexa9_0/libsrc/scugic_v3_0/src -s include  "SHELL=CMD" "COMPILER=arm-xilinx-eabi-gcc" "ARCHIVER=arm-xilinx-eabi-ar" "COMPILER_FLAGS=  -O2 -c" "EXTRA_COMPILER_FLAGS=-g"
"Running Make include in ps7_cortexa9_0/libsrc/scutimer_v2_1/src"
make -C ps7_cortexa9_0/libsrc/scutimer_v2_1/src -s include  "SHELL=CMD" "COMPILER=arm-xilinx-eabi-gcc" "ARCHIVER=arm-xilinx-eabi-ar" "COMPILER_FLAGS=  -O2 -c" "EXTRA_COMPILER_FLAGS=-g"
"Running Make include in ps7_cortexa9_0/libsrc/scuwdt_v2_1/src"
make -C ps7_cortexa9_0/libsrc/scuwdt_v2_1/src -s include  "SHELL=CMD" "COMPILER=arm-xilinx-eabi-gcc" "ARCHIVER=arm-xilinx-eabi-ar" "COMPILER_FLAGS=  -O2 -c" "EXTRA_COMPILER_FLAGS=-g"
"Running Make include in ps7_cortexa9_0/libsrc/sdps_v2_4/src"
make -C ps7_cortexa9_0/libsrc/sdps_v2_4/src -s include  "SHELL=CMD" "COMPILER=arm-xilinx-eabi-gcc" "ARCHIVER=arm-xilinx-eabi-ar" "COMPILER_FLAGS=  -O2 -c" "EXTRA_COMPILER_FLAGS=-g"
"Running Make include in ps7_cortexa9_0/libsrc/standalone_v5_1/src"
make -C ps7_cortexa9_0/libsrc/standalone_v5_1/src -s include  "SHELL=CMD" "COMPILER=arm-xilinx-eabi-gcc" "ARCHIVER=arm-xilinx-eabi-ar" "COMPILER_FLAGS=  -O2 -c" "EXTRA_COMPILER_FLAGS=-g"
"Running Make include in ps7_cortexa9_0/libsrc/uartlite_v3_0/src"
make -C ps7_cortexa9_0/libsrc/uartlite_v3_0/src -s include  "SHELL=CMD" "COMPILER=arm-xilinx-eabi-gcc" "ARCHIVER=arm-xilinx-eabi-ar" "COMPILER_FLAGS=  -O2 -c" "EXTRA_COMPILER_FLAGS=-g"
"Running Make include in ps7_cortexa9_0/libsrc/uartps_v3_0/src"
make -C ps7_cortexa9_0/libsrc/uartps_v3_0/src -s include  "SHELL=CMD" "COMPILER=arm-xilinx-eabi-gcc" "ARCHIVER=arm-xilinx-eabi-ar" "COMPILER_FLAGS=  -O2 -c" "EXTRA_COMPILER_FLAGS=-g"
"Running Make include in ps7_cortexa9_0/libsrc/usbps_v2_2/src"
make -C ps7_cortexa9_0/libsrc/usbps_v2_2/src -s include  "SHELL=CMD" "COMPILER=arm-xilinx-eabi-gcc" "ARCHIVER=arm-xilinx-eabi-ar" "COMPILER_FLAGS=  -O2 -c" "EXTRA_COMPILER_FLAGS=-g"
"Running Make include in ps7_cortexa9_0/libsrc/xadcps_v2_2/src"
make -C ps7_cortexa9_0/libsrc/xadcps_v2_2/src -s include  "SHELL=CMD" "COMPILER=arm-xilinx-eabi-gcc" "ARCHIVER=arm-xilinx-eabi-ar" "COMPILER_FLAGS=  -O2 -c" "EXTRA_COMPILER_FLAGS=-g"
"Running Make include in ps7_cortexa9_0/libsrc/xilffs_v3_0/src"
make -C ps7_cortexa9_0/libsrc/xilffs_v3_0/src -s include  "SHELL=CMD" "COMPILER=arm-xilinx-eabi-gcc" "ARCHIVER=arm-xilinx-eabi-ar" "COMPILER_FLAGS=  -O2 -c" "EXTRA_COMPILER_FLAGS=-g"
"Running Make include in ps7_cortexa9_0/libsrc/xilrsa_v1_1/src"
make -C ps7_cortexa9_0/libsrc/xilrsa_v1_1/src -s include  "SHELL=CMD" "COMPILER=arm-xilinx-eabi-gcc" "ARCHIVER=arm-xilinx-eabi-ar" "COMPILER_FLAGS=  -O2 -c" "EXTRA_COMPILER_FLAGS=-g"
"Running Make libs in ps7_cortexa9_0/libsrc/coresightps_dcc_v1_0/src"
make -C ps7_cortexa9_0/libsrc/coresightps_dcc_v1_0/src -s libs  "SHELL=CMD" "COMPILER=arm-xilinx-eabi-gcc" "ARCHIVER=arm-xilinx-eabi-ar" "COMPILER_FLAGS=  -O2 -c" "EXTRA_COMPILER_FLAGS=-g"
"Compiling coresightps_dcc"
arm-xilinx-eabi-ar: creating ../../../lib/libxil.a
"Running Make libs in ps7_cortexa9_0/libsrc/cpu_cortexa9_v2_1/src"
make -C ps7_cortexa9_0/libsrc/cpu_cortexa9_v2_1/src -s libs  "SHELL=CMD" "COMPILER=arm-xilinx-eabi-gcc" "ARCHIVER=arm-xilinx-eabi-ar" "COMPILER_FLAGS=  -O2 -c" "EXTRA_COMPILER_FLAGS=-g"
"Compiling cpu_cortexa9"
"Running Make libs in ps7_cortexa9_0/libsrc/devcfg_v3_3/src"
make -C ps7_cortexa9_0/libsrc/devcfg_v3_3/src -s libs  "SHELL=CMD" "COMPILER=arm-xilinx-eabi-gcc" "ARCHIVER=arm-xilinx-eabi-ar" "COMPILER_FLAGS=  -O2 -c" "EXTRA_COMPILER_FLAGS=-g"
"Compiling devcfg"
"Running Make libs in ps7_cortexa9_0/libsrc/dmaps_v2_1/src"
make -C ps7_cortexa9_0/libsrc/dmaps_v2_1/src -s libs  "SHELL=CMD" "COMPILER=arm-xilinx-eabi-gcc" "ARCHIVER=arm-xilinx-eabi-ar" "COMPILER_FLAGS=  -O2 -c" "EXTRA_COMPILER_FLAGS=-g"
"Compiling dmaps"
"Running Make libs in ps7_cortexa9_0/libsrc/emacps_v3_0/src"
make -C ps7_cortexa9_0/libsrc/emacps_v3_0/src -s libs  "SHELL=CMD" "COMPILER=arm-xilinx-eabi-gcc" "ARCHIVER=arm-xilinx-eabi-ar" "COMPILER_FLAGS=  -O2 -c" "EXTRA_COMPILER_FLAGS=-g"
"Compiling emacps"
"Running Make libs in ps7_cortexa9_0/libsrc/gpiops_v3_0/src"
make -C ps7_cortexa9_0/libsrc/gpiops_v3_0/src -s libs  "SHELL=CMD" "COMPILER=arm-xilinx-eabi-gcc" "ARCHIVER=arm-xilinx-eabi-ar" "COMPILER_FLAGS=  -O2 -c" "EXTRA_COMPILER_FLAGS=-g"
"Compiling gpiops"
"Running Make libs in ps7_cortexa9_0/libsrc/qspips_v3_2/src"
make -C ps7_cortexa9_0/libsrc/qspips_v3_2/src -s libs  "SHELL=CMD" "COMPILER=arm-xilinx-eabi-gcc" "ARCHIVER=arm-xilinx-eabi-ar" "COMPILER_FLAGS=  -O2 -c" "EXTRA_COMPILER_FLAGS=-g"
"Compiling qspips"
"Running Make libs in ps7_cortexa9_0/libsrc/scugic_v3_0/src"
make -C ps7_cortexa9_0/libsrc/scugic_v3_0/src -s libs  "SHELL=CMD" "COMPILER=arm-xilinx-eabi-gcc" "ARCHIVER=arm-xilinx-eabi-ar" "COMPILER_FLAGS=  -O2 -c" "EXTRA_COMPILER_FLAGS=-g"
"Compiling scugic"
"Running Make libs in ps7_cortexa9_0/libsrc/scutimer_v2_1/src"
make -C ps7_cortexa9_0/libsrc/scutimer_v2_1/src -s libs  "SHELL=CMD" "COMPILER=arm-xilinx-eabi-gcc" "ARCHIVER=arm-xilinx-eabi-ar" "COMPILER_FLAGS=  -O2 -c" "EXTRA_COMPILER_FLAGS=-g"
"Compiling scutimer"
"Running Make libs in ps7_cortexa9_0/libsrc/scuwdt_v2_1/src"
make -C ps7_cortexa9_0/libsrc/scuwdt_v2_1/src -s libs  "SHELL=CMD" "COMPILER=arm-xilinx-eabi-gcc" "ARCHIVER=arm-xilinx-eabi-ar" "COMPILER_FLAGS=  -O2 -c" "EXTRA_COMPILER_FLAGS=-g"
"Compiling scuwdt"
"Running Make libs in ps7_cortexa9_0/libsrc/sdps_v2_4/src"
make -C ps7_cortexa9_0/libsrc/sdps_v2_4/src -s libs  "SHELL=CMD" "COMPILER=arm-xilinx-eabi-gcc" "ARCHIVER=arm-xilinx-eabi-ar" "COMPILER_FLAGS=  -O2 -c" "EXTRA_COMPILER_FLAGS=-g"
"Compiling sdps"
"Running Make libs in ps7_cortexa9_0/libsrc/standalone_v5_1/src"
make -C ps7_cortexa9_0/libsrc/standalone_v5_1/src -s libs  "SHELL=CMD" "COMPILER=arm-xilinx-eabi-gcc" "ARCHIVER=arm-xilinx-eabi-ar" "COMPILER_FLAGS=  -O2 -c" "EXTRA_COMPILER_FLAGS=-g"
"Compiling standalone"
"Running Make libs in ps7_cortexa9_0/libsrc/uartlite_v3_0/src"
[...]
"Compiling uartps"
"Running Make libs in ps7_cortexa9_0/libsrc/usbps_v2_2/src"
make -C ps7_cortexa9_0/libsrc/usbps_v2_2/src -s libs  "SHELL=CMD" "COMPILER=arm-xilinx-eabi-gcc" "ARCHIVER=arm-xilinx-eabi-ar" "COMPILER_FLAGS=  -O2 -c" "EXTRA_COMPILER_FLAGS=-g"
"Compiling usbps"
"Running Make libs in ps7_cortexa9_0/libsrc/xadcps_v2_2/src"
make -C ps7_cortexa9_0/libsrc/xadcps_v2_2/src -s libs  "SHELL=CMD" "COMPILER=arm-xilinx-eabi-gcc" "ARCHIVER=arm-xilinx-eabi-ar" "COMPILER_FLAGS=  -O2 -c" "EXTRA_COMPILER_FLAGS=-g"
"Compiling xadcps"
"Running Make libs in ps7_cortexa9_0/libsrc/xilffs_v3_0/src"
make -C ps7_cortexa9_0/libsrc/xilffs_v3_0/src -s libs  "SHELL=CMD" "COMPILER=arm-xilinx-eabi-gcc" "ARCHIVER=arm-xilinx-eabi-ar" "COMPILER_FLAGS=  -O2 -c" "EXTRA_COMPILER_FLAGS=-g"
"Compiling XilFFs Library"
"Creating archive libxilffs.a"
"Running Make libs in ps7_cortexa9_0/libsrc/xilrsa_v1_1/src"
make -C ps7_cortexa9_0/libsrc/xilrsa_v1_1/src -s libs  "SHELL=CMD" "COMPILER=arm-xilinx-eabi-gcc" "ARCHIVER=arm-xilinx-eabi-ar" "COMPILER_FLAGS=  -O2 -c" "EXTRA_COMPILER_FLAGS=-g"
'Finished building libraries'
10:24:32 **** Build of configuration Debug for project fsbl_zynq2 ****
make all 
'Building file: ../src/fsbl_handoff.S'
'Invoking: ARM gcc compiler'
arm-xilinx-eabi-gcc -Wall -O0 -g3 -I"C:\Users\xiefe\Desktop\Multi_car\Multi_car.sdk\design_1_wrapper_hw_platform_0" -c -fmessage-length=0 -MT"src/fsbl_handoff.o" -I../../fsbl_zynq2_bsp/ps7_cortexa9_0/include -MMD -MP -MF"src/fsbl_handoff.d" -MT"src/fsbl_handoff.d" -o "src/fsbl_handoff.o" "../src/fsbl_handoff.S"
'Finished building: ../src/fsbl_handoff.S'
' '
'Building file: ../src/fsbl_hooks.c'
'Invoking: ARM gcc compiler'
arm-xilinx-eabi-gcc -Wall -O0 -g3 -I"C:\Users\xiefe\Desktop\Multi_car\Multi_car.sdk\design_1_wrapper_hw_platform_0" -c -fmessage-length=0 -MT"src/fsbl_hooks.o" -I../../fsbl_zynq2_bsp/ps7_cortexa9_0/include -MMD -MP -MF"src/fsbl_hooks.d" -MT"src/fsbl_hooks.d" -o "src/fsbl_hooks.o" "../src/fsbl_hooks.c"
'Finished building: ../src/fsbl_hooks.c'
' '
'Building file: ../src/image_mover.c'
'Invoking: ARM gcc compiler'
arm-xilinx-eabi-gcc -Wall -O0 -g3 -I"C:\Users\xiefe\Desktop\Multi_car\Multi_car.sdk\design_1_wrapper_hw_platform_0" -c -fmessage-length=0 -MT"src/image_mover.o" -I../../fsbl_zynq2_bsp/ps7_cortexa9_0/include -MMD -MP -MF"src/image_mover.d" -MT"src/image_mover.d" -o "src/image_mover.o" "../src/image_mover.c"
'Finished building: ../src/image_mover.c'
' '
'Building file: ../src/main.c'
'Invoking: ARM gcc compiler'
arm-xilinx-eabi-gcc -Wall -O0 -g3 -I"C:\Users\xiefe\Desktop\Multi_car\Multi_car.sdk\design_1_wrapper_hw_platform_0" -c -fmessage-length=0 -MT"src/main.o" -I../../fsbl_zynq2_bsp/ps7_cortexa9_0/include -MMD -MP -MF"src/main.d" -MT"src/main.d" -o "src/main.o" "../src/main.c"
'Finished building: ../src/main.c'
' '
'Building file: ../src/md5.c'
'Invoking: ARM gcc compiler'
arm-xilinx-eabi-gcc -Wall -O0 -g3 -I"C:\Users\xiefe\Desktop\Multi_car\Multi_car.sdk\design_1_wrapper_hw_platform_0" -c -fmessage-length=0 -MT"src/md5.o" -I../../fsbl_zynq2_bsp/ps7_cortexa9_0/include -MMD -MP -MF"src/md5.d" -MT"src/md5.d" -o "src/md5.o" "../src/md5.c"
'Finished building: ../src/md5.c'
' '
'Building file: ../src/nand.c'
'Invoking: ARM gcc compiler'
arm-xilinx-eabi-gcc -Wall -O0 -g3 -I"C:\Users\xiefe\Desktop\Multi_car\Multi_car.sdk\design_1_wrapper_hw_platform_0" -c -fmessage-length=0 -MT"src/nand.o" -I../../fsbl_zynq2_bsp/ps7_cortexa9_0/include -MMD -MP -MF"src/nand.d" -MT"src/nand.d" -o "src/nand.o" "../src/nand.c"
'Finished building: ../src/nand.c'
' '
'Building file: ../src/nor.c'
'Invoking: ARM gcc compiler'
arm-xilinx-eabi-gcc -Wall -O0 -g3 -I"C:\Users\xiefe\Desktop\Multi_car\Multi_car.sdk\design_1_wrapper_hw_platform_0" -c -fmessage-length=0 -MT"src/nor.o" -I../../fsbl_zynq2_bsp/ps7_cortexa9_0/include -MMD -MP -MF"src/nor.d" -MT"src/nor.d" -o "src/nor.o" "../src/nor.c"
'Finished building: ../src/nor.c'
' '
'Building file: ../src/pcap.c'
'Invoking: ARM gcc compiler'
arm-xilinx-eabi-gcc -Wall -O0 -g3 -I"C:\Users\xiefe\Desktop\Multi_car\Multi_car.sdk\design_1_wrapper_hw_platform_0" -c -fmessage-length=0 -MT"src/pcap.o" -I../../fsbl_zynq2_bsp/ps7_cortexa9_0/include -MMD -MP -MF"src/pcap.d" -MT"src/pcap.d" -o "src/pcap.o" "../src/pcap.c"
'Finished building: ../src/pcap.c'
' '
'Building file: C:/Users/xiefe/Desktop/Multi_car/Multi_car.sdk/design_1_wrapper_hw_platform_0/ps7_init.c'
'Invoking: ARM gcc compiler'
arm-xilinx-eabi-gcc -Wall -O0 -g3 -I"C:\Users\xiefe\Desktop\Multi_car\Multi_car.sdk\design_1_wrapper_hw_platform_0" -c -fmessage-length=0 -MT"src/ps7_init.o" -I../../fsbl_zynq2_bsp/ps7_cortexa9_0/include -MMD -MP -MF"src/ps7_init.d" -MT"src/ps7_init.d" -o "src/ps7_init.o" "C:/Users/xiefe/Desktop/Multi_car/Multi_car.sdk/design_1_wrapper_hw_platform_0/ps7_init.c"
'Finished building: C:/Users/xiefe/Desktop/Multi_car/Multi_car.sdk/design_1_wrapper_hw_platform_0/ps7_init.c'
' '
'Building file: ../src/qspi.c'
'Invoking: ARM gcc compiler'
arm-xilinx-eabi-gcc -Wall -O0 -g3 -I"C:\Users\xiefe\Desktop\Multi_car\Multi_car.sdk\design_1_wrapper_hw_platform_0" -c -fmessage-length=0 -MT"src/qspi.o" -I../../fsbl_zynq2_bsp/ps7_cortexa9_0/include -MMD -MP -MF"src/qspi.d" -MT"src/qspi.d" -o "src/qspi.o" "../src/qspi.c"
'Finished building: ../src/qspi.c'
' '
'Building file: ../src/rsa.c'
'Invoking: ARM gcc compiler'
arm-xilinx-eabi-gcc -Wall -O0 -g3 -I"C:\Users\xiefe\Desktop\Multi_car\Multi_car.sdk\design_1_wrapper_hw_platform_0" -c -fmessage-length=0 -MT"src/rsa.o" -I../../fsbl_zynq2_bsp/ps7_cortexa9_0/include -MMD -MP -MF"src/rsa.d" -MT"src/rsa.d" -o "src/rsa.o" "../src/rsa.c"
'Finished building: ../src/rsa.c'
' '
'Building file: ../src/sd.c'
'Invoking: ARM gcc compiler'
arm-xilinx-eabi-gcc -Wall -O0 -g3 -I"C:\Users\xiefe\Desktop\Multi_car\Multi_car.sdk\design_1_wrapper_hw_platform_0" -c -fmessage-length=0 -MT"src/sd.o" -I../../fsbl_zynq2_bsp/ps7_cortexa9_0/include -MMD -MP -MF"src/sd.d" -MT"src/sd.d" -o "src/sd.o" "../src/sd.c"
'Finished building: ../src/sd.c'
' '
'Building target: fsbl_zynq2.elf'
'Invoking: ARM gcc linker'
arm-xilinx-eabi-gcc -L"C:\Users\xiefe\Desktop\Multi_car\Multi_car.sdk\fsbl_zynq2\src" -Wl,-T -Wl,../src/lscript.ld -L../../fsbl_zynq2_bsp/ps7_cortexa9_0/lib -o "fsbl_zynq2.elf"  ./src/fsbl_handoff.o ./src/fsbl_hooks.o ./src/image_mover.o ./src/main.o ./src/md5.o ./src/nand.o ./src/nor.o ./src/pcap.o ./src/ps7_init.o ./src/qspi.o ./src/rsa.o ./src/sd.o   -lrsa -Wl,--start-group,-lxil,-lgcc,-lc,--end-group -Wl,--start-group,-lxilffs,-lxil,-lgcc,-lc,--end-group -Wl,--start-group,-lrsa,-lxil,-lgcc,-lc,--end-group
'Finished building target: fsbl_zynq2.elf'
' '
'Invoking: ARM Print Size'
arm-xilinx-eabi-size fsbl_zynq2.elf  |tee "fsbl_zynq2.elf.size"
   text	   data	    bss	    dec	    hex	filename
  74380	  12292	  73380	 160052	  27134	fsbl_zynq2.elf
'Finished building: fsbl_zynq2.elf.size'
' '
10:28:18 **** Auto Build of configuration Debug for project Multi_car ****
make all 
make: Nothing to be done for `all'.
10:43:07 **** Auto Build of configuration Debug for project Multi_car ****
make all 
'Building file: ../src/main.c'
'Invoking: ARM gcc compiler'
arm-xilinx-eabi-gcc -Wall -O0 -g3 -c -fmessage-length=0 -MT"src/main.o" -I../../Multi_car_bsp/ps7_cortexa9_0/include -MMD -MP -MF"src/main.d" -MT"src/main.d" -o "src/main.o" "../src/main.c"
'Finished building: ../src/main.c'
' '
'Building target: Multi_car.elf'
'Invoking: ARM gcc linker'
arm-xilinx-eabi-gcc -Wl,-T -Wl,../src/lscript.ld -L../../Multi_car_bsp/ps7_cortexa9_0/lib -o "Multi_car.elf"  ./src/helloworld.o ./src/main.o ./src/platform.o ./src/pwm.o ./src/ult.o   -Wl,--start-group,-lxil,-lgcc,-lc,--end-group
'Finished building target: Multi_car.elf'
' '
'Invoking: ARM Print Size'
arm-xilinx-eabi-size Multi_car.elf  |tee "Multi_car.elf.size"
   text	   data	    bss	    dec	    hex	filename
  64612	   2320	  22652	  89584	  15df0	Multi_car.elf
'Finished building: Multi_car.elf.size'
' '
10:48:19 **** Auto Build of configuration Debug for project Multi_car ****
make all 
'Building file: ../src/main.c'
'Invoking: ARM gcc compiler'
arm-xilinx-eabi-gcc -Wall -O0 -g3 -c -fmessage-length=0 -MT"src/main.o" -I../../Multi_car_bsp/ps7_cortexa9_0/include -MMD -MP -MF"src/main.d" -MT"src/main.d" -o "src/main.o" "../src/main.c"
'Finished building: ../src/main.c'
' '
'Building target: Multi_car.elf'
'Invoking: ARM gcc linker'
arm-xilinx-eabi-gcc -Wl,-T -Wl,../src/lscript.ld -L../../Multi_car_bsp/ps7_cortexa9_0/lib -o "Multi_car.elf"  ./src/helloworld.o ./src/main.o ./src/platform.o ./src/pwm.o ./src/ult.o   -Wl,--start-group,-lxil,-lgcc,-lc,--end-group
'Finished building target: Multi_car.elf'
' '
'Invoking: ARM Print Size'
arm-xilinx-eabi-size Multi_car.elf  |tee "Multi_car.elf.size"
   text	   data	    bss	    dec	    hex	filename
  65232	   2320	  22652	  90204	  1605c	Multi_car.elf
'Finished building: Multi_car.elf.size'
' '
10:53:44 **** Incremental Build of configuration Debug for project Multi_car ****
make all 
make: Nothing to be done for `all'.
11:05:45 **** Auto Build of configuration Debug for project Multi_car ****
make all 
'Building file: ../src/main.c'
'Invoking: ARM gcc compiler'
arm-xilinx-eabi-gcc -Wall -O0 -g3 -c -fmessage-length=0 -MT"src/main.o" -I../../Multi_car_bsp/ps7_cortexa9_0/include -MMD -MP -MF"src/main.d" -MT"src/main.d" -o "src/main.o" "../src/main.c"
'Finished building: ../src/main.c'
' '
'Building target: Multi_car.elf'
'Invoking: ARM gcc linker'
arm-xilinx-eabi-gcc -Wl,-T -Wl,../src/lscript.ld -L../../Multi_car_bsp/ps7_cortexa9_0/lib -o "Multi_car.elf"  ./src/helloworld.o ./src/main.o ./src/platform.o ./src/pwm.o ./src/ult.o   -Wl,--start-group,-lxil,-lgcc,-lc,--end-group
'Finished building target: Multi_car.elf'
' '
'Invoking: ARM Print Size'
arm-xilinx-eabi-size Multi_car.elf  |tee "Multi_car.elf.size"
   text	   data	    bss	    dec	    hex	filename
  64204	   2320	  22652	  89176	  15c58	Multi_car.elf
'Finished building: Multi_car.elf.size'
' '
11:06:09 **** Incremental Build of configuration Debug for project Multi_car ****
make all 
make: Nothing to be done for `all'.
11:06:46 **** Auto Build of configuration Debug for project Multi_car ****
make all 
'Building file: ../src/main.c'
'Invoking: ARM gcc compiler'
arm-xilinx-eabi-gcc -Wall -O0 -g3 -c -fmessage-length=0 -MT"src/main.o" -I../../Multi_car_bsp/ps7_cortexa9_0/include -MMD -MP -MF"src/main.d" -MT"src/main.d" -o "src/main.o" "../src/main.c"
'Finished building: ../src/main.c'
' '
'Building target: Multi_car.elf'
'Invoking: ARM gcc linker'
arm-xilinx-eabi-gcc -Wl,-T -Wl,../src/lscript.ld -L../../Multi_car_bsp/ps7_cortexa9_0/lib -o "Multi_car.elf"  ./src/helloworld.o ./src/main.o ./src/platform.o ./src/pwm.o ./src/ult.o   -Wl,--start-group,-lxil,-lgcc,-lc,--end-group
'Finished building target: Multi_car.elf'
' '
'Invoking: ARM Print Size'
arm-xilinx-eabi-size Multi_car.elf  |tee "Multi_car.elf.size"
   text	   data	    bss	    dec	    hex	filename
  64140	   2320	  22652	  89112	  15c18	Multi_car.elf
'Finished building: Multi_car.elf.size'
' '
11:07:40 **** Incremental Build of configuration Debug for project Multi_car ****
make all 
make: Nothing to be done for `all'.
11:10:22 **** Auto Build of configuration Debug for project Multi_car ****
make all 
'Building file: ../src/main.c'
'Invoking: ARM gcc compiler'
arm-xilinx-eabi-gcc -Wall -O0 -g3 -c -fmessage-length=0 -MT"src/main.o" -I../../Multi_car_bsp/ps7_cortexa9_0/include -MMD -MP -MF"src/main.d" -MT"src/main.d" -o "src/main.o" "../src/main.c"
'Finished building: ../src/main.c'
' '
'Building target: Multi_car.elf'
'Invoking: ARM gcc linker'
arm-xilinx-eabi-gcc -Wl,-T -Wl,../src/lscript.ld -L../../Multi_car_bsp/ps7_cortexa9_0/lib -o "Multi_car.elf"  ./src/helloworld.o ./src/main.o ./src/platform.o ./src/pwm.o ./src/ult.o   -Wl,--start-group,-lxil,-lgcc,-lc,--end-group
'Finished building target: Multi_car.elf'
' '
'Invoking: ARM Print Size'
arm-xilinx-eabi-size Multi_car.elf  |tee "Multi_car.elf.size"
   text	   data	    bss	    dec	    hex	filename
  64212	   2320	  22652	  89184	  15c60	Multi_car.elf
'Finished building: Multi_car.elf.size'
' '
11:10:52 **** Incremental Build of configuration Debug for project Multi_car ****
make all 
make: Nothing to be done for `all'.
11:14:47 **** Auto Build of configuration Debug for project Multi_car ****
make all 
'Building file: ../src/main.c'
'Invoking: ARM gcc compiler'
arm-xilinx-eabi-gcc -Wall -O0 -g3 -c -fmessage-length=0 -MT"src/main.o" -I../../Multi_car_bsp/ps7_cortexa9_0/include -MMD -MP -MF"src/main.d" -MT"src/main.d" -o "src/main.o" "../src/main.c"
'Finished building: ../src/main.c'
' '
'Building target: Multi_car.elf'
'Invoking: ARM gcc linker'
arm-xilinx-eabi-gcc -Wl,-T -Wl,../src/lscript.ld -L../../Multi_car_bsp/ps7_cortexa9_0/lib -o "Multi_car.elf"  ./src/helloworld.o ./src/main.o ./src/platform.o ./src/pwm.o ./src/ult.o   -Wl,--start-group,-lxil,-lgcc,-lc,--end-group
'Finished building target: Multi_car.elf'
' '
'Invoking: ARM Print Size'
arm-xilinx-eabi-size Multi_car.elf  |tee "Multi_car.elf.size"
   text	   data	    bss	    dec	    hex	filename
  64228	   2320	  22652	  89200	  15c70	Multi_car.elf
'Finished building: Multi_car.elf.size'
' '
11:15:44 **** Incremental Build of configuration Debug for project Multi_car ****
make all 
make: Nothing to be done for `all'.
11:21:04 **** Incremental Build of configuration Debug for project Multi_car ****
make all 
make: Nothing to be done for `all'.
11:21:13 **** Incremental Build of configuration Debug for project Multi_car ****
make all 
make: Nothing to be done for `all'.
11:23:59 **** Auto Build of configuration Debug for project Multi_car ****
make all 
'Building file: ../src/main.c'
'Invoking: ARM gcc compiler'
arm-xilinx-eabi-gcc -Wall -O0 -g3 -c -fmessage-length=0 -MT"src/main.o" -I../../Multi_car_bsp/ps7_cortexa9_0/include -MMD -MP -MF"src/main.d" -MT"src/main.d" -o "src/main.o" "../src/main.c"
'Finished building: ../src/main.c'
' '
'Building target: Multi_car.elf'
'Invoking: ARM gcc linker'
arm-xilinx-eabi-gcc -Wl,-T -Wl,../src/lscript.ld -L../../Multi_car_bsp/ps7_cortexa9_0/lib -o "Multi_car.elf"  ./src/helloworld.o ./src/main.o ./src/platform.o ./src/pwm.o ./src/ult.o   -Wl,--start-group,-lxil,-lgcc,-lc,--end-group
'Finished building target: Multi_car.elf'
' '
'Invoking: ARM Print Size'
arm-xilinx-eabi-size Multi_car.elf  |tee "Multi_car.elf.size"
   text	   data	    bss	    dec	    hex	filename
  64212	   2320	  22652	  89184	  15c60	Multi_car.elf
'Finished building: Multi_car.elf.size'
' '
11:24:42 **** Incremental Build of configuration Debug for project Multi_car ****
make all 
make: Nothing to be done for `all'.
11:36:22 **** Auto Build of configuration Debug for project Multi_car ****
make all 
'Building file: ../src/main.c'
'Invoking: ARM gcc compiler'
arm-xilinx-eabi-gcc -Wall -O0 -g3 -c -fmessage-length=0 -MT"src/main.o" -I../../Multi_car_bsp/ps7_cortexa9_0/include -MMD -MP -MF"src/main.d" -MT"src/main.d" -o "src/main.o" "../src/main.c"
'Finished building: ../src/main.c'
' '
'Building target: Multi_car.elf'
'Invoking: ARM gcc linker'
arm-xilinx-eabi-gcc -Wl,-T -Wl,../src/lscript.ld -L../../Multi_car_bsp/ps7_cortexa9_0/lib -o "Multi_car.elf"  ./src/helloworld.o ./src/main.o ./src/platform.o ./src/pwm.o ./src/ult.o   -Wl,--start-group,-lxil,-lgcc,-lc,--end-group
'Finished building target: Multi_car.elf'
' '
'Invoking: ARM Print Size'
arm-xilinx-eabi-size Multi_car.elf  |tee "Multi_car.elf.size"
   text	   data	    bss	    dec	    hex	filename
  64228	   2320	  22652	  89200	  15c70	Multi_car.elf
'Finished building: Multi_car.elf.size'
' '
11:36:39 **** Incremental Build of configuration Debug for project Multi_car ****
make all 
make: Nothing to be done for `all'.
11:47:43 **** Auto Build of configuration Debug for project Multi_car ****
make all 
'Building file: ../src/main.c'
'Invoking: ARM gcc compiler'
arm-xilinx-eabi-gcc -Wall -O0 -g3 -c -fmessage-length=0 -MT"src/main.o" -I../../Multi_car_bsp/ps7_cortexa9_0/include -MMD -MP -MF"src/main.d" -MT"src/main.d" -o "src/main.o" "../src/main.c"
'Finished building: ../src/main.c'
' '
'Building target: Multi_car.elf'
'Invoking: ARM gcc linker'
arm-xilinx-eabi-gcc -Wl,-T -Wl,../src/lscript.ld -L../../Multi_car_bsp/ps7_cortexa9_0/lib -o "Multi_car.elf"  ./src/helloworld.o ./src/main.o ./src/platform.o ./src/pwm.o ./src/ult.o   -Wl,--start-group,-lxil,-lgcc,-lc,--end-group
'Finished building target: Multi_car.elf'
' '
'Invoking: ARM Print Size'
arm-xilinx-eabi-size Multi_car.elf  |tee "Multi_car.elf.size"
   text	   data	    bss	    dec	    hex	filename
  64356	   2320	  22652	  89328	  15cf0	Multi_car.elf
'Finished building: Multi_car.elf.size'
' '
11:48:55 **** Auto Build of configuration Debug for project Multi_car ****
make all 
'Building file: ../src/main.c'
'Invoking: ARM gcc compiler'
arm-xilinx-eabi-gcc -Wall -O0 -g3 -c -fmessage-length=0 -MT"src/main.o" -I../../Multi_car_bsp/ps7_cortexa9_0/include -MMD -MP -MF"src/main.d" -MT"src/main.d" -o "src/main.o" "../src/main.c"
'Finished building: ../src/main.c'
' '
'Building target: Multi_car.elf'
'Invoking: ARM gcc linker'
arm-xilinx-eabi-gcc -Wl,-T -Wl,../src/lscript.ld -L../../Multi_car_bsp/ps7_cortexa9_0/lib -o "Multi_car.elf"  ./src/helloworld.o ./src/main.o ./src/platform.o ./src/pwm.o ./src/ult.o   -Wl,--start-group,-lxil,-lgcc,-lc,--end-group
'Finished building target: Multi_car.elf'
' '
'Invoking: ARM Print Size'
arm-xilinx-eabi-size Multi_car.elf  |tee "Multi_car.elf.size"
   text	   data	    bss	    dec	    hex	filename
  64624	   2320	  22652	  89596	  15dfc	Multi_car.elf
'Finished building: Multi_car.elf.size'
' '
11:49:15 **** Incremental Build of configuration Debug for project Multi_car ****
make all 
make: Nothing to be done for `all'.
11:50:25 **** Auto Build of configuration Debug for project Multi_car ****
make all 
'Building file: ../src/main.c'
'Invoking: ARM gcc compiler'
arm-xilinx-eabi-gcc -Wall -O0 -g3 -c -fmessage-length=0 -MT"src/main.o" -I../../Multi_car_bsp/ps7_cortexa9_0/include -MMD -MP -MF"src/main.d" -MT"src/main.d" -o "src/main.o" "../src/main.c"
'Finished building: ../src/main.c'
' '
'Building target: Multi_car.elf'
'Invoking: ARM gcc linker'
arm-xilinx-eabi-gcc -Wl,-T -Wl,../src/lscript.ld -L../../Multi_car_bsp/ps7_cortexa9_0/lib -o "Multi_car.elf"  ./src/helloworld.o ./src/main.o ./src/platform.o ./src/pwm.o ./src/ult.o   -Wl,--start-group,-lxil,-lgcc,-lc,--end-group
'Finished building target: Multi_car.elf'
' '
'Invoking: ARM Print Size'
arm-xilinx-eabi-size Multi_car.elf  |tee "Multi_car.elf.size"
   text	   data	    bss	    dec	    hex	filename
  64424	   2320	  22652	  89396	  15d34	Multi_car.elf
'Finished building: Multi_car.elf.size'
' '
11:51:20 **** Incremental Build of configuration Debug for project Multi_car ****
make all 
make: Nothing to be done for `all'.
11:53:32 **** Auto Build of configuration Debug for project Multi_car ****
make all 
'Building file: ../src/main.c'
'Invoking: ARM gcc compiler'
arm-xilinx-eabi-gcc -Wall -O0 -g3 -c -fmessage-length=0 -MT"src/main.o" -I../../Multi_car_bsp/ps7_cortexa9_0/include -MMD -MP -MF"src/main.d" -MT"src/main.d" -o "src/main.o" "../src/main.c"
'Finished building: ../src/main.c'
' '
'Building target: Multi_car.elf'
'Invoking: ARM gcc linker'
arm-xilinx-eabi-gcc -Wl,-T -Wl,../src/lscript.ld -L../../Multi_car_bsp/ps7_cortexa9_0/lib -o "Multi_car.elf"  ./src/helloworld.o ./src/main.o ./src/platform.o ./src/pwm.o ./src/ult.o   -Wl,--start-group,-lxil,-lgcc,-lc,--end-group
'Finished building target: Multi_car.elf'
' '
'Invoking: ARM Print Size'
arm-xilinx-eabi-size Multi_car.elf  |tee "Multi_car.elf.size"
   text	   data	    bss	    dec	    hex	filename
  64228	   2320	  22652	  89200	  15c70	Multi_car.elf
'Finished building: Multi_car.elf.size'
' '
11:53:55 **** Incremental Build of configuration Debug for project Multi_car ****
make all 
make: Nothing to be done for `all'.
