15:42:56 **** Build of project ultrasonic_pwm_bsp ****
make -k all 
"Running Make include in ps7_cortexa9_0/libsrc/coresightps_dcc_v1_0/src"
make -C ps7_cortexa9_0/libsrc/coresightps_dcc_v1_0/src -s include  "SHELL=CMD" "COMPILER=arm-xilinx-eabi-gcc" "ARCHIVER=arm-xilinx-eabi-ar" "COMPILER_FLAGS=  -O2 -c" "EXTRA_COMPILER_FLAGS=-g"
"Running Make include in ps7_cortexa9_0/libsrc/cpu_cortexa9_v2_1/src"
make -C ps7_cortexa9_0/libsrc/cpu_cortexa9_v2_1/src -s include  "SHELL=CMD" "COMPILER=arm-xilinx-eabi-gcc" "ARCHIVER=arm-xilinx-eabi-ar" "COMPILER_FLAGS=  -O2 -c" "EXTRA_COMPILER_FLAGS=-g"
"Running Make include in ps7_cortexa9_0/libsrc/devcfg_v3_3/src"
make -C ps7_cortexa9_0/libsrc/devcfg_v3_3/src -s include  "SHELL=CMD" "COMPILER=arm-xilinx-eabi-gcc" "ARCHIVER=arm-xilinx-eabi-ar" "COMPILER_FLAGS=  -O2 -c" "EXTRA_COMPILER_FLAGS=-g"
"Running Make include in ps7_cortexa9_0/libsrc/dmaps_v2_1/src"
make -C ps7_cortexa9_0/libsrc/dmaps_v2_1/src -s include  "SHELL=CMD" "COMPILER=arm-xilinx-eabi-gcc" "ARCHIVER=arm-xilinx-eabi-ar" "COMPILER_FLAGS=  -O2 -c" "EXTRA_COMPILER_FLAGS=-g"
"Running Make include in ps7_cortexa9_0/libsrc/emacps_v3_0/src"
make -C ps7_cortexa9_0/libsrc/emacps_v3_0/src -s include  "SHELL=CMD" "COMPILER=arm-xilinx-eabi-gcc" "ARCHIVER=arm-xilinx-eabi-ar" "COMPILER_FLAGS=  -O2 -c" "EXTRA_COMPILER_FLAGS=-g"
"Running Make include in ps7_cortexa9_0/libsrc/gpiops_v3_0/src"
make -C ps7_cortexa9_0/libsrc/gpiops_v3_0/src -s include  "SHELL=CMD" "COMPILER=arm-xilinx-eabi-gcc" "ARCHIVER=arm-xilinx-eabi-ar" "COMPILER_FLAGS=  -O2 -c" "EXTRA_COMPILER_FLAGS=-g"
"Running Make include in ps7_cortexa9_0/libsrc/qspips_v3_2/src"
make -C ps7_cortexa9_0/libsrc/qspips_v3_2/src -s include  "SHELL=CMD" "COMPILER=arm-xilinx-eabi-gcc" "ARCHIVER=arm-xilinx-eabi-ar" "COMPILER_FLAGS=  -O2 -c" "EXTRA_COMPILER_FLAGS=-g"
"Running Make include in ps7_cortexa9_0/libsrc/scugic_v3_0/src"
make -C ps7_cortexa9_0/libsrc/scugic_v3_0/src -s include  "SHELL=CMD" "COMPILER=arm-xilinx-eabi-gcc" "ARCHIVER=arm-xilinx-eabi-ar" "COMPILER_FLAGS=  -O2 -c" "EXTRA_COMPILER_FLAGS=-g"
"Running Make include in ps7_cortexa9_0/libsrc/scutimer_v2_1/src"
make -C ps7_cortexa9_0/libsrc/scutimer_v2_1/src -s include  "SHELL=CMD" "COMPILER=arm-xilinx-eabi-gcc" "ARCHIVER=arm-xilinx-eabi-ar" "COMPILER_FLAGS=  -O2 -c" "EXTRA_COMPILER_FLAGS=-g"
"Running Make include in ps7_cortexa9_0/libsrc/scuwdt_v2_1/src"
make -C ps7_cortexa9_0/libsrc/scuwdt_v2_1/src -s include  "SHELL=CMD" "COMPILER=arm-xilinx-eabi-gcc" "ARCHIVER=arm-xilinx-eabi-ar" "COMPILER_FLAGS=  -O2 -c" "EXTRA_COMPILER_FLAGS=-g"
"Running Make include in ps7_cortexa9_0/libsrc/sdps_v2_4/src"
make -C ps7_cortexa9_0/libsrc/sdps_v2_4/src -s include  "SHELL=CMD" "COMPILER=arm-xilinx-eabi-gcc" "ARCHIVER=arm-xilinx-eabi-ar" "COMPILER_FLAGS=  -O2 -c" "EXTRA_COMPILER_FLAGS=-g"
"Running Make include in ps7_cortexa9_0/libsrc/standalone_v5_1/src"
make -C ps7_cortexa9_0/libsrc/standalone_v5_1/src -s include  "SHELL=CMD" "COMPILER=arm-xilinx-eabi-gcc" "ARCHIVER=arm-xilinx-eabi-ar" "COMPILER_FLAGS=  -O2 -c" "EXTRA_COMPILER_FLAGS=-g"
"Running Make include in ps7_cortexa9_0/libsrc/uartps_v3_0/src"
make -C ps7_cortexa9_0/libsrc/uartps_v3_0/src -s include  "SHELL=CMD" "COMPILER=arm-xilinx-eabi-gcc" "ARCHIVER=arm-xilinx-eabi-ar" "COMPILER_FLAGS=  -O2 -c" "EXTRA_COMPILER_FLAGS=-g"
"Running Make include in ps7_cortexa9_0/libsrc/usbps_v2_2/src"
make -C ps7_cortexa9_0/libsrc/usbps_v2_2/src -s include  "SHELL=CMD" "COMPILER=arm-xilinx-eabi-gcc" "ARCHIVER=arm-xilinx-eabi-ar" "COMPILER_FLAGS=  -O2 -c" "EXTRA_COMPILER_FLAGS=-g"
"Running Make include in ps7_cortexa9_0/libsrc/xadcps_v2_2/src"
make -C ps7_cortexa9_0/libsrc/xadcps_v2_2/src -s include  "SHELL=CMD" "COMPILER=arm-xilinx-eabi-gcc" "ARCHIVER=arm-xilinx-eabi-ar" "COMPILER_FLAGS=  -O2 -c" "EXTRA_COMPILER_FLAGS=-g"
"Running Make libs in ps7_cortexa9_0/libsrc/coresightps_dcc_v1_0/src"
make -C ps7_cortexa9_0/libsrc/coresightps_dcc_v1_0/src -s libs  "SHELL=CMD" "COMPILER=arm-xilinx-eabi-gcc" "ARCHIVER=arm-xilinx-eabi-ar" "COMPILER_FLAGS=  -O2 -c" "EXTRA_COMPILER_FLAGS=-g"
"Compiling coresightps_dcc"
arm-xilinx-eabi-ar: creating ../../../lib/libxil.a
"Running Make libs in ps7_cortexa9_0/libsrc/cpu_cortexa9_v2_1/src"
make -C ps7_cortexa9_0/libsrc/cpu_cortexa9_v2_1/src -s libs  "SHELL=CMD" "COMPILER=arm-xilinx-eabi-gcc" "ARCHIVER=arm-xilinx-eabi-ar" "COMPILER_FLAGS=  -O2 -c" "EXTRA_COMPILER_FLAGS=-g"
"Compiling cpu_cortexa9"
"Running Make libs in ps7_cortexa9_0/libsrc/devcfg_v3_3/src"
make -C ps7_cortexa9_0/libsrc/devcfg_v3_3/src -s libs  "SHELL=CMD" "COMPILER=arm-xilinx-eabi-gcc" "ARCHIVER=arm-xilinx-eabi-ar" "COMPILER_FLAGS=  -O2 -c" "EXTRA_COMPILER_FLAGS=-g"
"Compiling devcfg"
"Running Make libs in ps7_cortexa9_0/libsrc/dmaps_v2_1/src"
make -C ps7_cortexa9_0/libsrc/dmaps_v2_1/src -s libs  "SHELL=CMD" "COMPILER=arm-xilinx-eabi-gcc" "ARCHIVER=arm-xilinx-eabi-ar" "COMPILER_FLAGS=  -O2 -c" "EXTRA_COMPILER_FLAGS=-g"
"Compiling dmaps"
"Running Make libs in ps7_cortexa9_0/libsrc/emacps_v3_0/src"
make -C ps7_cortexa9_0/libsrc/emacps_v3_0/src -s libs  "SHELL=CMD" "COMPILER=arm-xilinx-eabi-gcc" "ARCHIVER=arm-xilinx-eabi-ar" "COMPILER_FLAGS=  -O2 -c" "EXTRA_COMPILER_FLAGS=-g"
"Compiling emacps"
"Running Make libs in ps7_cortexa9_0/libsrc/gpiops_v3_0/src"
make -C ps7_cortexa9_0/libsrc/gpiops_v3_0/src -s libs  "SHELL=CMD" "COMPILER=arm-xilinx-eabi-gcc" "ARCHIVER=arm-xilinx-eabi-ar" "COMPILER_FLAGS=  -O2 -c" "EXTRA_COMPILER_FLAGS=-g"
"Compiling gpiops"
"Running Make libs in ps7_cortexa9_0/libsrc/qspips_v3_2/src"
make -C ps7_cortexa9_0/libsrc/qspips_v3_2/src -s libs  "SHELL=CMD" "COMPILER=arm-xilinx-eabi-gcc" "ARCHIVER=arm-xilinx-eabi-ar" "COMPILER_FLAGS=  -O2 -c" "EXTRA_COMPILER_FLAGS=-g"
"Compiling qspips"
"Running Make libs in ps7_cortexa9_0/libsrc/scugic_v3_0/src"
make -C ps7_cortexa9_0/libsrc/scugic_v3_0/src -s libs  "SHELL=CMD" "COMPILER=arm-xilinx-eabi-gcc" "ARCHIVER=arm-xilinx-eabi-ar" "COMPILER_FLAGS=  -O2 -c" "EXTRA_COMPILER_FLAGS=-g"
"Compiling scugic"
"Running Make libs in ps7_cortexa9_0/libsrc/scutimer_v2_1/src"
make -C ps7_cortexa9_0/libsrc/scutimer_v2_1/src -s libs  "SHELL=CMD" "COMPILER=arm-xilinx-eabi-gcc" "ARCHIVER=arm-xilinx-eabi-ar" "COMPILER_FLAGS=  -O2 -c" "EXTRA_COMPILER_FLAGS=-g"
"Compiling scutimer"
"Running Make libs in ps7_cortexa9_0/libsrc/scuwdt_v2_1/src"
make -C ps7_cortexa9_0/libsrc/scuwdt_v2_1/src -s libs  "SHELL=CMD" "COMPILER=arm-xilinx-eabi-gcc" "ARCHIVER=arm-xilinx-eabi-ar" "COMPILER_FLAGS=  -O2 -c" "EXTRA_COMPILER_FLAGS=-g"
"Compiling scuwdt"
"Running Make libs in ps7_cortexa9_0/libsrc/sdps_v2_4/src"
make -C ps7_cortexa9_0/libsrc/sdps_v2_4/src -s libs  "SHELL=CMD" "COMPILER=arm-xilinx-eabi-gcc" "ARCHIVER=arm-xilinx-eabi-ar" "COMPILER_FLAGS=  -O2 -c" "EXTRA_COMPILER_FLAGS=-g"
"Compiling sdps"
"Running Make libs in ps7_cortexa9_0/libsrc/standalone_v5_1/src"
make -C ps7_cortexa9_0/libsrc/standalone_v5_1/src -s libs  "SHELL=CMD" "COMPILER=arm-xilinx-eabi-gcc" "ARCHIVER=arm-xilinx-eabi-ar" "COMPILER_FLAGS=  -O2 -c" "EXTRA_COMPILER_FLAGS=-g"
"Compiling standalone"
"Running Make libs in ps7_cortexa9_0/libsrc/uartps_v3_0/src"
make -C ps7_cortexa9_0/libsrc/uartps_v3_0/src -s libs  "SHELL=CMD" "COMPILER=arm-xilinx-eabi-gcc" "ARCHIVER=arm-xilinx-eabi-ar" "COMPILER_FLAGS=  -O2 -c" "EXTRA_COMPILER_FLAGS=-g"
"Compiling uartps"
"Running Make libs in ps7_cortexa9_0/libsrc/usbps_v2_2/src"
make -C ps7_cortexa9_0/libsrc/usbps_v2_2/src -s libs  "SHELL=CMD" "COMPILER=arm-xilinx-eabi-gcc" "ARCHIVER=arm-xilinx-eabi-ar" "COMPILER_FLAGS=  -O2 -c" "EXTRA_COMPILER_FLAGS=-g"
"Compiling usbps"
"Running Make libs in ps7_cortexa9_0/libsrc/xadcps_v2_2/src"
make -C ps7_cortexa9_0/libsrc/xadcps_v2_2/src -s libs  "SHELL=CMD" "COMPILER=arm-xilinx-eabi-gcc" "ARCHIVER=arm-xilinx-eabi-ar" "COMPILER_FLAGS=  -O2 -c" "EXTRA_COMPILER_FLAGS=-g"
"Compiling xadcps"
'Finished building libraries'
15:43:22 **** Build of configuration Debug for project ultrasonic_pwm ****
make all 
'Building file: ../src/helloworld.c'
'Invoking: ARM gcc compiler'
arm-xilinx-eabi-gcc -Wall -O0 -g3 -c -fmessage-length=0 -MT"src/helloworld.o" -I../../ultrasonic_pwm_bsp/ps7_cortexa9_0/include -MMD -MP -MF"src/helloworld.d" -MT"src/helloworld.d" -o "src/helloworld.o" "../src/helloworld.c"
'Finished building: ../src/helloworld.c'
' '
'Building file: ../src/platform.c'
'Invoking: ARM gcc compiler'
arm-xilinx-eabi-gcc -Wall -O0 -g3 -c -fmessage-length=0 -MT"src/platform.o" -I../../ultrasonic_pwm_bsp/ps7_cortexa9_0/include -MMD -MP -MF"src/platform.d" -MT"src/platform.d" -o "src/platform.o" "../src/platform.c"
'Finished building: ../src/platform.c'
' '
'Building target: ultrasonic_pwm.elf'
'Invoking: ARM gcc linker'
arm-xilinx-eabi-gcc -Wl,-T -Wl,../src/lscript.ld -L../../ultrasonic_pwm_bsp/ps7_cortexa9_0/lib -o "ultrasonic_pwm.elf"  ./src/helloworld.o ./src/platform.o   -Wl,--start-group,-lxil,-lgcc,-lc,--end-group
'Finished building target: ultrasonic_pwm.elf'
' '
'Invoking: ARM Print Size'
arm-xilinx-eabi-size ultrasonic_pwm.elf  |tee "ultrasonic_pwm.elf.size"
   text	   data	    bss	    dec	    hex	filename
  22884	   1152	  22564	  46600	   b608	ultrasonic_pwm.elf
'Finished building: ultrasonic_pwm.elf.size'
' '
15:44:58 **** Auto Build of configuration Debug for project ultrasonic_pwm ****
make all 
make: Nothing to be done for `all'.
15:54:50 **** Auto Build of configuration Debug for project ultrasonic_pwm ****
make all 
'Building file: ../src/helloworld.c'
'Invoking: ARM gcc compiler'
arm-xilinx-eabi-gcc -Wall -O0 -g3 -c -fmessage-length=0 -MT"src/helloworld.o" -I../../ultrasonic_pwm_bsp/ps7_cortexa9_0/include -MMD -MP -MF"src/helloworld.d" -MT"src/helloworld.d" -o "src/helloworld.o" "../src/helloworld.c"
../src/helloworld.c: In function 'main':
../src/helloworld.c:29:6: warning: unused variable 'mode' [-Wunused-variable]
  int mode = 0;
      ^
'Finished building: ../src/helloworld.c'
' '
'Building file: ../src/ult.c'
'Invoking: ARM gcc compiler'
arm-xilinx-eabi-gcc -Wall -O0 -g3 -c -fmessage-length=0 -MT"src/ult.o" -I../../ultrasonic_pwm_bsp/ps7_cortexa9_0/include -MMD -MP -MF"src/ult.d" -MT"src/ult.d" -o "src/ult.o" "../src/ult.c"
'Finished building: ../src/ult.c'
' '
'Building target: ultrasonic_pwm.elf'
'Invoking: ARM gcc linker'
arm-xilinx-eabi-gcc -Wl,-T -Wl,../src/lscript.ld -L../../ultrasonic_pwm_bsp/ps7_cortexa9_0/lib -o "ultrasonic_pwm.elf"  ./src/helloworld.o ./src/platform.o ./src/ult.o   -Wl,--start-group,-lxil,-lgcc,-lc,--end-group
'Finished building target: ultrasonic_pwm.elf'
' '
'Invoking: ARM Print Size'
arm-xilinx-eabi-size ultrasonic_pwm.elf  |tee "ultrasonic_pwm.elf.size"
   text	   data	    bss	    dec	    hex	filename
  61284	   2320	  22652	  86256	  150f0	ultrasonic_pwm.elf
'Finished building: ultrasonic_pwm.elf.size'
' '
15:55:57 **** Incremental Build of configuration Debug for project ultrasonic_pwm ****
make all 
make: Nothing to be done for `all'.
15:59:49 **** Build of project fsbl_zynq_bsp ****
make -k all 
"Running Make include in ps7_cortexa9_0/libsrc/coresightps_dcc_v1_0/src"
make -C ps7_cortexa9_0/libsrc/coresightps_dcc_v1_0/src -s include  "SHELL=CMD" "COMPILER=arm-xilinx-eabi-gcc" "ARCHIVER=arm-xilinx-eabi-ar" "COMPILER_FLAGS=  -O2 -c" "EXTRA_COMPILER_FLAGS=-g"
"Running Make include in ps7_cortexa9_0/libsrc/cpu_cortexa9_v2_1/src"
make -C ps7_cortexa9_0/libsrc/cpu_cortexa9_v2_1/src -s include  "SHELL=CMD" "COMPILER=arm-xilinx-eabi-gcc" "ARCHIVER=arm-xilinx-eabi-ar" "COMPILER_FLAGS=  -O2 -c" "EXTRA_COMPILER_FLAGS=-g"
"Running Make include in ps7_cortexa9_0/libsrc/devcfg_v3_3/src"
make -C ps7_cortexa9_0/libsrc/devcfg_v3_3/src -s include  "SHELL=CMD" "COMPILER=arm-xilinx-eabi-gcc" "ARCHIVER=arm-xilinx-eabi-ar" "COMPILER_FLAGS=  -O2 -c" "EXTRA_COMPILER_FLAGS=-g"
"Running Make include in ps7_cortexa9_0/libsrc/dmaps_v2_1/src"
make -C ps7_cortexa9_0/libsrc/dmaps_v2_1/src -s include  "SHELL=CMD" "COMPILER=arm-xilinx-eabi-gcc" "ARCHIVER=arm-xilinx-eabi-ar" "COMPILER_FLAGS=  -O2 -c" "EXTRA_COMPILER_FLAGS=-g"
"Running Make include in ps7_cortexa9_0/libsrc/emacps_v3_0/src"
make -C ps7_cortexa9_0/libsrc/emacps_v3_0/src -s include  "SHELL=CMD" "COMPILER=arm-xilinx-eabi-gcc" "ARCHIVER=arm-xilinx-eabi-ar" "COMPILER_FLAGS=  -O2 -c" "EXTRA_COMPILER_FLAGS=-g"
"Running Make include in ps7_cortexa9_0/libsrc/gpiops_v3_0/src"
make -C ps7_cortexa9_0/libsrc/gpiops_v3_0/src -s include  "SHELL=CMD" "COMPILER=arm-xilinx-eabi-gcc" "ARCHIVER=arm-xilinx-eabi-ar" "COMPILER_FLAGS=  -O2 -c" "EXTRA_COMPILER_FLAGS=-g"
"Running Make include in ps7_cortexa9_0/libsrc/qspips_v3_2/src"
make -C ps7_cortexa9_0/libsrc/qspips_v3_2/src -s include  "SHELL=CMD" "COMPILER=arm-xilinx-eabi-gcc" "ARCHIVER=arm-xilinx-eabi-ar" "COMPILER_FLAGS=  -O2 -c" "EXTRA_COMPILER_FLAGS=-g"
"Running Make include in ps7_cortexa9_0/libsrc/scugic_v3_0/src"
make -C ps7_cortexa9_0/libsrc/scugic_v3_0/src -s include  "SHELL=CMD" "COMPILER=arm-xilinx-eabi-gcc" "ARCHIVER=arm-xilinx-eabi-ar" "COMPILER_FLAGS=  -O2 -c" "EXTRA_COMPILER_FLAGS=-g"
"Running Make include in ps7_cortexa9_0/libsrc/scutimer_v2_1/src"
make -C ps7_cortexa9_0/libsrc/scutimer_v2_1/src -s include  "SHELL=CMD" "COMPILER=arm-xilinx-eabi-gcc" "ARCHIVER=arm-xilinx-eabi-ar" "COMPILER_FLAGS=  -O2 -c" "EXTRA_COMPILER_FLAGS=-g"
"Running Make include in ps7_cortexa9_0/libsrc/scuwdt_v2_1/src"
make -C ps7_cortexa9_0/libsrc/scuwdt_v2_1/src -s include  "SHELL=CMD" "COMPILER=arm-xilinx-eabi-gcc" "ARCHIVER=arm-xilinx-eabi-ar" "COMPILER_FLAGS=  -O2 -c" "EXTRA_COMPILER_FLAGS=-g"
"Running Make include in ps7_cortexa9_0/libsrc/sdps_v2_4/src"
make -C ps7_cortexa9_0/libsrc/sdps_v2_4/src -s include  "SHELL=CMD" "COMPILER=arm-xilinx-eabi-gcc" "ARCHIVER=arm-xilinx-eabi-ar" "COMPILER_FLAGS=  -O2 -c" "EXTRA_COMPILER_FLAGS=-g"
"Running Make include in ps7_cortexa9_0/libsrc/standalone_v5_1/src"
make -C ps7_cortexa9_0/libsrc/standalone_v5_1/src -s include  "SHELL=CMD" "COMPILER=arm-xilinx-eabi-gcc" "ARCHIVER=arm-xilinx-eabi-ar" "COMPILER_FLAGS=  -O2 -c" "EXTRA_COMPILER_FLAGS=-g"
"Running Make include in ps7_cortexa9_0/libsrc/uartps_v3_0/src"
make -C ps7_cortexa9_0/libsrc/uartps_v3_0/src -s include  "SHELL=CMD" "COMPILER=arm-xilinx-eabi-gcc" "ARCHIVER=arm-xilinx-eabi-ar" "COMPILER_FLAGS=  -O2 -c" "EXTRA_COMPILER_FLAGS=-g"
"Running Make include in ps7_cortexa9_0/libsrc/usbps_v2_2/src"
make -C ps7_cortexa9_0/libsrc/usbps_v2_2/src -s include  "SHELL=CMD" "COMPILER=arm-xilinx-eabi-gcc" "ARCHIVER=arm-xilinx-eabi-ar" "COMPILER_FLAGS=  -O2 -c" "EXTRA_COMPILER_FLAGS=-g"
"Running Make include in ps7_cortexa9_0/libsrc/xadcps_v2_2/src"
make -C ps7_cortexa9_0/libsrc/xadcps_v2_2/src -s include  "SHELL=CMD" "COMPILER=arm-xilinx-eabi-gcc" "ARCHIVER=arm-xilinx-eabi-ar" "COMPILER_FLAGS=  -O2 -c" "EXTRA_COMPILER_FLAGS=-g"
"Running Make include in ps7_cortexa9_0/libsrc/xilffs_v3_0/src"
make -C ps7_cortexa9_0/libsrc/xilffs_v3_0/src -s include  "SHELL=CMD" "COMPILER=arm-xilinx-eabi-gcc" "ARCHIVER=arm-xilinx-eabi-ar" "COMPILER_FLAGS=  -O2 -c" "EXTRA_COMPILER_FLAGS=-g"
"Running Make include in ps7_cortexa9_0/libsrc/xilrsa_v1_1/src"
make -C ps7_cortexa9_0/libsrc/xilrsa_v1_1/src -s include  "SHELL=CMD" "COMPILER=arm-xilinx-eabi-gcc" "ARCHIVER=arm-xilinx-eabi-ar" "COMPILER_FLAGS=  -O2 -c" "EXTRA_COMPILER_FLAGS=-g"
"Running Make libs in ps7_cortexa9_0/libsrc/coresightps_dcc_v1_0/src"
make -C ps7_cortexa9_0/libsrc/coresightps_dcc_v1_0/src -s libs  "SHELL=CMD" "COMPILER=arm-xilinx-eabi-gcc" "ARCHIVER=arm-xilinx-eabi-ar" "COMPILER_FLAGS=  -O2 -c" "EXTRA_COMPILER_FLAGS=-g"
"Compiling coresightps_dcc"
arm-xilinx-eabi-ar: creating ../../../lib/libxil.a
"Running Make libs in ps7_cortexa9_0/libsrc/cpu_cortexa9_v2_1/src"
make -C ps7_cortexa9_0/libsrc/cpu_cortexa9_v2_1/src -s libs  "SHELL=CMD" "COMPILER=arm-xilinx-eabi-gcc" "ARCHIVER=arm-xilinx-eabi-ar" "COMPILER_FLAGS=  -O2 -c" "EXTRA_COMPILER_FLAGS=-g"
"Compiling cpu_cortexa9"
"Running Make libs in ps7_cortexa9_0/libsrc/devcfg_v3_3/src"
make -C ps7_cortexa9_0/libsrc/devcfg_v3_3/src -s libs  "SHELL=CMD" "COMPILER=arm-xilinx-eabi-gcc" "ARCHIVER=arm-xilinx-eabi-ar" "COMPILER_FLAGS=  -O2 -c" "EXTRA_COMPILER_FLAGS=-g"
"Compiling devcfg"
"Running Make libs in ps7_cortexa9_0/libsrc/dmaps_v2_1/src"
make -C ps7_cortexa9_0/libsrc/dmaps_v2_1/src -s libs  "SHELL=CMD" "COMPILER=arm-xilinx-eabi-gcc" "ARCHIVER=arm-xilinx-eabi-ar" "COMPILER_FLAGS=  -O2 -c" "EXTRA_COMPILER_FLAGS=-g"
"Compiling dmaps"
"Running Make libs in ps7_cortexa9_0/libsrc/emacps_v3_0/src"
make -C ps7_cortexa9_0/libsrc/emacps_v3_0/src -s libs  "SHELL=CMD" "COMPILER=arm-xilinx-eabi-gcc" "ARCHIVER=arm-xilinx-eabi-ar" "COMPILER_FLAGS=  -O2 -c" "EXTRA_COMPILER_FLAGS=-g"
"Compiling emacps"
"Running Make libs in ps7_cortexa9_0/libsrc/gpiops_v3_0/src"
make -C ps7_cortexa9_0/libsrc/gpiops_v3_0/src -s libs  "SHELL=CMD" "COMPILER=arm-xilinx-eabi-gcc" "ARCHIVER=arm-xilinx-eabi-ar" "COMPILER_FLAGS=  -O2 -c" "EXTRA_COMPILER_FLAGS=-g"
"Compiling gpiops"
"Running Make libs in ps7_cortexa9_0/libsrc/qspips_v3_2/src"
make -C ps7_cortexa9_0/libsrc/qspips_v3_2/src -s libs  "SHELL=CMD" "COMPILER=arm-xilinx-eabi-gcc" "ARCHIVER=arm-xilinx-eabi-ar" "COMPILER_FLAGS=  -O2 -c" "EXTRA_COMPILER_FLAGS=-g"
"Compiling qspips"
"Running Make libs in ps7_cortexa9_0/libsrc/scugic_v3_0/src"
make -C ps7_cortexa9_0/libsrc/scugic_v3_0/src -s libs  "SHELL=CMD" "COMPILER=arm-xilinx-eabi-gcc" "ARCHIVER=arm-xilinx-eabi-ar" "COMPILER_FLAGS=  -O2 -c" "EXTRA_COMPILER_FLAGS=-g"
"Compiling scugic"
"Running Make libs in ps7_cortexa9_0/libsrc/scutimer_v2_1/src"
make -C ps7_cortexa9_0/libsrc/scutimer_v2_1/src -s libs  "SHELL=CMD" "COMPILER=arm-xilinx-eabi-gcc" "ARCHIVER=arm-xilinx-eabi-ar" "COMPILER_FLAGS=  -O2 -c" "EXTRA_COMPILER_FLAGS=-g"
"Compiling scutimer"
"Running Make libs in ps7_cortexa9_0/libsrc/scuwdt_v2_1/src"
make -C ps7_cortexa9_0/libsrc/scuwdt_v2_1/src -s libs  "SHELL=CMD" "COMPILER=arm-xilinx-eabi-gcc" "ARCHIVER=arm-xilinx-eabi-ar" "COMPILER_FLAGS=  -O2 -c" "EXTRA_COMPILER_FLAGS=-g"
"Compiling scuwdt"
"Running Make libs in ps7_cortexa9_0/libsrc/sdps_v2_4/src"
make -C ps7_cortexa9_0/libsrc/sdps_v2_4/src -s libs  "SHELL=CMD" "COMPILER=arm-xilinx-eabi-gcc" "ARCHIVER=arm-xilinx-eabi-ar" "COMPILER_FLAGS=  -O2 -c" "EXTRA_COMPILER_FLAGS=-g"
"Compiling sdps"
"Running Make libs in ps7_cortexa9_0/libsrc/standalone_v5_1/src"
make -C ps7_cortexa9_0/libsrc/standalone_v5_1/src -s libs  "SHELL=CMD" "COMPILER=arm-xilinx-eabi-gcc" "ARCHIVER=arm-xilinx-eabi-ar" "COMPILER_FLAGS=  -O2 -c" "EXTRA_COMPILER_FLAGS=-g"
"Compiling standalone"
"Running Make libs in ps7_cortexa9_0/libsrc/uartps_v3_0/src"
make -C ps7_cortexa9_0/libsrc/uartps_v3_0/src -s libs  "SHELL=CMD" "COMPILER=arm-xilinx-eabi-gcc" "ARCHIVER=arm-xilinx-eabi-ar" "COMPILER_FLAGS=  -O2 -c" "EXTRA_COMPILER_FLAGS=-g"
"Compiling uartps"
"Running Make libs in ps7_cortexa9_0/libsrc/usbps_v2_2/src"
make -C ps7_cortexa9_0/libsrc/usbps_v2_2/src -s libs  "SHELL=CMD" "COMPILER=arm-xilinx-eabi-gcc" "ARCHIVER=arm-xilinx-eabi-ar" "COMPILER_FLAGS=  -O2 -c" "EXTRA_COMPILER_FLAGS=-g"
"Compiling usbps"
"Running Make libs in ps7_cortexa9_0/libsrc/xadcps_v2_2/src"
make -C ps7_cortexa9_0/libsrc/xadcps_v2_2/src -s libs  "SHELL=CMD" "COMPILER=arm-xilinx-eabi-gcc" "ARCHIVER=arm-xilinx-eabi-ar" "COMPILER_FLAGS=  -O2 -c" "EXTRA_COMPILER_FLAGS=-g"
"Compiling xadcps"
"Running Make libs in ps7_cortexa9_0/libsrc/xilffs_v3_0/src"
make -C ps7_cortexa9_0/libsrc/xilffs_v3_0/src -s libs  "SHELL=CMD" "COMPILER=arm-xilinx-eabi-gcc" "ARCHIVER=arm-xilinx-eabi-ar" "COMPILER_FLAGS=  -O2 -c" "EXTRA_COMPILER_FLAGS=-g"
"Compiling XilFFs Library"
"Creating archive libxilffs.a"
"Running Make libs in ps7_cortexa9_0/libsrc/xilrsa_v1_1/src"
make -C ps7_cortexa9_0/libsrc/xilrsa_v1_1/src -s libs  "SHELL=CMD" "COMPILER=arm-xilinx-eabi-gcc" "ARCHIVER=arm-xilinx-eabi-ar" "COMPILER_FLAGS=  -O2 -c" "EXTRA_COMPILER_FLAGS=-g"
'Finished building libraries'
16:00:14 **** Build of configuration Debug for project fsbl_zynq ****
make all 
'Building file: ../src/fsbl_handoff.S'
'Invoking: ARM gcc compiler'
arm-xilinx-eabi-gcc -Wall -O0 -g3 -I"C:\Users\bjut\Desktop\ultrasonic\ultrasonic_ps\ultrasonic_ps.sdk\design_1_wrapper_hw_platform_0" -c -fmessage-length=0 -MT"src/fsbl_handoff.o" -I../../fsbl_zynq_bsp/ps7_cortexa9_0/include -MMD -MP -MF"src/fsbl_handoff.d" -MT"src/fsbl_handoff.d" -o "src/fsbl_handoff.o" "../src/fsbl_handoff.S"
'Finished building: ../src/fsbl_handoff.S'
' '
'Building file: ../src/fsbl_hooks.c'
'Invoking: ARM gcc compiler'
arm-xilinx-eabi-gcc -Wall -O0 -g3 -I"C:\Users\bjut\Desktop\ultrasonic\ultrasonic_ps\ultrasonic_ps.sdk\design_1_wrapper_hw_platform_0" -c -fmessage-length=0 -MT"src/fsbl_hooks.o" -I../../fsbl_zynq_bsp/ps7_cortexa9_0/include -MMD -MP -MF"src/fsbl_hooks.d" -MT"src/fsbl_hooks.d" -o "src/fsbl_hooks.o" "../src/fsbl_hooks.c"
'Finished building: ../src/fsbl_hooks.c'
' '
'Building file: ../src/image_mover.c'
'Invoking: ARM gcc compiler'
arm-xilinx-eabi-gcc -Wall -O0 -g3 -I"C:\Users\bjut\Desktop\ultrasonic\ultrasonic_ps\ultrasonic_ps.sdk\design_1_wrapper_hw_platform_0" -c -fmessage-length=0 -MT"src/image_mover.o" -I../../fsbl_zynq_bsp/ps7_cortexa9_0/include -MMD -MP -MF"src/image_mover.d" -MT"src/image_mover.d" -o "src/image_mover.o" "../src/image_mover.c"
'Finished building: ../src/image_mover.c'
' '
'Building file: ../src/main.c'
'Invoking: ARM gcc compiler'
arm-xilinx-eabi-gcc -Wall -O0 -g3 -I"C:\Users\bjut\Desktop\ultrasonic\ultrasonic_ps\ultrasonic_ps.sdk\design_1_wrapper_hw_platform_0" -c -fmessage-length=0 -MT"src/main.o" -I../../fsbl_zynq_bsp/ps7_cortexa9_0/include -MMD -MP -MF"src/main.d" -MT"src/main.d" -o "src/main.o" "../src/main.c"
'Finished building: ../src/main.c'
' '
'Building file: ../src/md5.c'
'Invoking: ARM gcc compiler'
arm-xilinx-eabi-gcc -Wall -O0 -g3 -I"C:\Users\bjut\Desktop\ultrasonic\ultrasonic_ps\ultrasonic_ps.sdk\design_1_wrapper_hw_platform_0" -c -fmessage-length=0 -MT"src/md5.o" -I../../fsbl_zynq_bsp/ps7_cortexa9_0/include -MMD -MP -MF"src/md5.d" -MT"src/md5.d" -o "src/md5.o" "../src/md5.c"
'Finished building: ../src/md5.c'
' '
'Building file: ../src/nand.c'
'Invoking: ARM gcc compiler'
arm-xilinx-eabi-gcc -Wall -O0 -g3 -I"C:\Users\bjut\Desktop\ultrasonic\ultrasonic_ps\ultrasonic_ps.sdk\design_1_wrapper_hw_platform_0" -c -fmessage-length=0 -MT"src/nand.o" -I../../fsbl_zynq_bsp/ps7_cortexa9_0/include -MMD -MP -MF"src/nand.d" -MT"src/nand.d" -o "src/nand.o" "../src/nand.c"
'Finished building: ../src/nand.c'
' '
'Building file: ../src/nor.c'
'Invoking: ARM gcc compiler'
arm-xilinx-eabi-gcc -Wall -O0 -g3 -I"C:\Users\bjut\Desktop\ultrasonic\ultrasonic_ps\ultrasonic_ps.sdk\design_1_wrapper_hw_platform_0" -c -fmessage-length=0 -MT"src/nor.o" -I../../fsbl_zynq_bsp/ps7_cortexa9_0/include -MMD -MP -MF"src/nor.d" -MT"src/nor.d" -o "src/nor.o" "../src/nor.c"
'Finished building: ../src/nor.c'
' '
'Building file: ../src/pcap.c'
'Invoking: ARM gcc compiler'
arm-xilinx-eabi-gcc -Wall -O0 -g3 -I"C:\Users\bjut\Desktop\ultrasonic\ultrasonic_ps\ultrasonic_ps.sdk\design_1_wrapper_hw_platform_0" -c -fmessage-length=0 -MT"src/pcap.o" -I../../fsbl_zynq_bsp/ps7_cortexa9_0/include -MMD -MP -MF"src/pcap.d" -MT"src/pcap.d" -o "src/pcap.o" "../src/pcap.c"
'Finished building: ../src/pcap.c'
' '
'Building file: C:/Users/bjut/Desktop/ultrasonic/ultrasonic_ps/ultrasonic_ps.sdk/design_1_wrapper_hw_platform_0/ps7_init.c'
'Invoking: ARM gcc compiler'
arm-xilinx-eabi-gcc -Wall -O0 -g3 -I"C:\Users\bjut\Desktop\ultrasonic\ultrasonic_ps\ultrasonic_ps.sdk\design_1_wrapper_hw_platform_0" -c -fmessage-length=0 -MT"src/ps7_init.o" -I../../fsbl_zynq_bsp/ps7_cortexa9_0/include -MMD -MP -MF"src/ps7_init.d" -MT"src/ps7_init.d" -o "src/ps7_init.o" "C:/Users/bjut/Desktop/ultrasonic/ultrasonic_ps/ultrasonic_ps.sdk/design_1_wrapper_hw_platform_0/ps7_init.c"
'Finished building: C:/Users/bjut/Desktop/ultrasonic/ultrasonic_ps/ultrasonic_ps.sdk/design_1_wrapper_hw_platform_0/ps7_init.c'
' '
'Building file: ../src/qspi.c'
'Invoking: ARM gcc compiler'
arm-xilinx-eabi-gcc -Wall -O0 -g3 -I"C:\Users\bjut\Desktop\ultrasonic\ultrasonic_ps\ultrasonic_ps.sdk\design_1_wrapper_hw_platform_0" -c -fmessage-length=0 -MT"src/qspi.o" -I../../fsbl_zynq_bsp/ps7_cortexa9_0/include -MMD -MP -MF"src/qspi.d" -MT"src/qspi.d" -o "src/qspi.o" "../src/qspi.c"
'Finished building: ../src/qspi.c'
' '
'Building file: ../src/rsa.c'
'Invoking: ARM gcc compiler'
arm-xilinx-eabi-gcc -Wall -O0 -g3 -I"C:\Users\bjut\Desktop\ultrasonic\ultrasonic_ps\ultrasonic_ps.sdk\design_1_wrapper_hw_platform_0" -c -fmessage-length=0 -MT"src/rsa.o" -I../../fsbl_zynq_bsp/ps7_cortexa9_0/include -MMD -MP -MF"src/rsa.d" -MT"src/rsa.d" -o "src/rsa.o" "../src/rsa.c"
'Finished building: ../src/rsa.c'
' '
'Building file: ../src/sd.c'
'Invoking: ARM gcc compiler'
arm-xilinx-eabi-gcc -Wall -O0 -g3 -I"C:\Users\bjut\Desktop\ultrasonic\ultrasonic_ps\ultrasonic_ps.sdk\design_1_wrapper_hw_platform_0" -c -fmessage-length=0 -MT"src/sd.o" -I../../fsbl_zynq_bsp/ps7_cortexa9_0/include -MMD -MP -MF"src/sd.d" -MT"src/sd.d" -o "src/sd.o" "../src/sd.c"
'Finished building: ../src/sd.c'
' '
'Building target: fsbl_zynq.elf'
'Invoking: ARM gcc linker'
arm-xilinx-eabi-gcc -L"C:\Users\bjut\Desktop\ultrasonic\ultrasonic_ps\ultrasonic_ps.sdk\fsbl_zynq\src" -Wl,-T -Wl,../src/lscript.ld -L../../fsbl_zynq_bsp/ps7_cortexa9_0/lib -o "fsbl_zynq.elf"  ./src/fsbl_handoff.o ./src/fsbl_hooks.o ./src/image_mover.o ./src/main.o ./src/md5.o ./src/nand.o ./src/nor.o ./src/pcap.o ./src/ps7_init.o ./src/qspi.o ./src/rsa.o ./src/sd.o   -lrsa -Wl,--start-group,-lxil,-lgcc,-lc,--end-group -Wl,--start-group,-lxilffs,-lxil,-lgcc,-lc,--end-group -Wl,--start-group,-lrsa,-lxil,-lgcc,-lc,--end-group
'Finished building target: fsbl_zynq.elf'
' '
'Invoking: ARM Print Size'
arm-xilinx-eabi-size fsbl_zynq.elf  |tee "fsbl_zynq.elf.size"
   text	   data	    bss	    dec	    hex	filename
  74380	  12292	  73380	 160052	  27134	fsbl_zynq.elf
'Finished building: fsbl_zynq.elf.size'
' '
16:01:53 **** Auto Build of configuration Debug for project ultrasonic_pwm ****
make all 
make: Nothing to be done for `all'.
16:27:30 **** Auto Build of configuration Debug for project ultrasonic_pwm ****
make all 
'Building file: ../src/helloworld.c'
'Invoking: ARM gcc compiler'
arm-xilinx-eabi-gcc -Wall -O0 -g3 -c -fmessage-length=0 -MT"src/helloworld.o" -I../../ultrasonic_pwm_bsp/ps7_cortexa9_0/include -MMD -MP -MF"src/helloworld.d" -MT"src/helloworld.d" -o "src/helloworld.o" "../src/helloworld.c"
../src/helloworld.c: In function 'main':
../src/helloworld.c:29:6: warning: unused variable 'mode' [-Wunused-variable]
  int mode = 0;
      ^
'Finished building: ../src/helloworld.c'
' '
'Building target: ultrasonic_pwm.elf'
'Invoking: ARM gcc linker'
arm-xilinx-eabi-gcc -Wl,-T -Wl,../src/lscript.ld -L../../ultrasonic_pwm_bsp/ps7_cortexa9_0/lib -o "ultrasonic_pwm.elf"  ./src/helloworld.o ./src/platform.o ./src/ult.o   -Wl,--start-group,-lxil,-lgcc,-lc,--end-group
'Finished building target: ultrasonic_pwm.elf'
' '
'Invoking: ARM Print Size'
arm-xilinx-eabi-size ultrasonic_pwm.elf  |tee "ultrasonic_pwm.elf.size"
   text	   data	    bss	    dec	    hex	filename
  61220	   2320	  22652	  86192	  150b0	ultrasonic_pwm.elf
'Finished building: ultrasonic_pwm.elf.size'
' '
16:29:22 **** Incremental Build of configuration Debug for project ultrasonic_pwm ****
make all 
make: Nothing to be done for `all'.
16:30:19 **** Auto Build of configuration Debug for project ultrasonic_pwm ****
make all 
'Building file: ../src/helloworld.c'
'Invoking: ARM gcc compiler'
arm-xilinx-eabi-gcc -Wall -O0 -g3 -c -fmessage-length=0 -MT"src/helloworld.o" -I../../ultrasonic_pwm_bsp/ps7_cortexa9_0/include -MMD -MP -MF"src/helloworld.d" -MT"src/helloworld.d" -o "src/helloworld.o" "../src/helloworld.c"
../src/helloworld.c: In function 'main':
../src/helloworld.c:29:6: warning: unused variable 'mode' [-Wunused-variable]
  int mode = 0;
      ^
'Finished building: ../src/helloworld.c'
' '
'Building target: ultrasonic_pwm.elf'
'Invoking: ARM gcc linker'
arm-xilinx-eabi-gcc -Wl,-T -Wl,../src/lscript.ld -L../../ultrasonic_pwm_bsp/ps7_cortexa9_0/lib -o "ultrasonic_pwm.elf"  ./src/helloworld.o ./src/platform.o ./src/ult.o   -Wl,--start-group,-lxil,-lgcc,-lc,--end-group
'Finished building target: ultrasonic_pwm.elf'
' '
'Invoking: ARM Print Size'
arm-xilinx-eabi-size ultrasonic_pwm.elf  |tee "ultrasonic_pwm.elf.size"
   text	   data	    bss	    dec	    hex	filename
  61220	   2320	  22652	  86192	  150b0	ultrasonic_pwm.elf
'Finished building: ultrasonic_pwm.elf.size'
' '
16:30:35 **** Incremental Build of configuration Debug for project ultrasonic_pwm ****
make all 
make: Nothing to be done for `all'.
16:31:38 **** Incremental Build of configuration Debug for project ultrasonic_pwm ****
make all 
make: Nothing to be done for `all'.
16:37:47 **** Auto Build of configuration Debug for project ultrasonic_pwm ****
make all 
'Building file: ../src/helloworld.c'
'Invoking: ARM gcc compiler'
arm-xilinx-eabi-gcc -Wall -O0 -g3 -c -fmessage-length=0 -MT"src/helloworld.o" -I../../ultrasonic_pwm_bsp/ps7_cortexa9_0/include -MMD -MP -MF"src/helloworld.d" -MT"src/helloworld.d" -o "src/helloworld.o" "../src/helloworld.c"
../src/helloworld.c: In function 'main':
../src/helloworld.c:29:6: warning: unused variable 'mode' [-Wunused-variable]
  int mode = 0;
      ^
'Finished building: ../src/helloworld.c'
' '
'Building target: ultrasonic_pwm.elf'
'Invoking: ARM gcc linker'
arm-xilinx-eabi-gcc -Wl,-T -Wl,../src/lscript.ld -L../../ultrasonic_pwm_bsp/ps7_cortexa9_0/lib -o "ultrasonic_pwm.elf"  ./src/helloworld.o ./src/platform.o ./src/ult.o   -Wl,--start-group,-lxil,-lgcc,-lc,--end-group
'Finished building target: ultrasonic_pwm.elf'
' '
'Invoking: ARM Print Size'
arm-xilinx-eabi-size ultrasonic_pwm.elf  |tee "ultrasonic_pwm.elf.size"
   text	   data	    bss	    dec	    hex	filename
  61220	   2320	  22652	  86192	  150b0	ultrasonic_pwm.elf
'Finished building: ultrasonic_pwm.elf.size'
' '
16:38:43 **** Incremental Build of configuration Debug for project ultrasonic_pwm ****
make all 
make: Nothing to be done for `all'.
16:40:05 **** Auto Build of configuration Debug for project ultrasonic_pwm ****
make all 
'Building file: ../src/helloworld.c'
'Invoking: ARM gcc compiler'
arm-xilinx-eabi-gcc -Wall -O0 -g3 -c -fmessage-length=0 -MT"src/helloworld.o" -I../../ultrasonic_pwm_bsp/ps7_cortexa9_0/include -MMD -MP -MF"src/helloworld.d" -MT"src/helloworld.d" -o "src/helloworld.o" "../src/helloworld.c"
../src/helloworld.c: In function 'main':
../src/helloworld.c:29:6: warning: unused variable 'mode' [-Wunused-variable]
  int mode = 0;
      ^
'Finished building: ../src/helloworld.c'
' '
'Building target: ultrasonic_pwm.elf'
'Invoking: ARM gcc linker'
arm-xilinx-eabi-gcc -Wl,-T -Wl,../src/lscript.ld -L../../ultrasonic_pwm_bsp/ps7_cortexa9_0/lib -o "ultrasonic_pwm.elf"  ./src/helloworld.o ./src/platform.o ./src/ult.o   -Wl,--start-group,-lxil,-lgcc,-lc,--end-group
'Finished building target: ultrasonic_pwm.elf'
' '
'Invoking: ARM Print Size'
arm-xilinx-eabi-size ultrasonic_pwm.elf  |tee "ultrasonic_pwm.elf.size"
   text	   data	    bss	    dec	    hex	filename
  61220	   2320	  22652	  86192	  150b0	ultrasonic_pwm.elf
'Finished building: ultrasonic_pwm.elf.size'
' '
16:46:48 **** Auto Build of configuration Debug for project ultrasonic_pwm ****
make all 
'Building file: ../src/helloworld.c'
'Invoking: ARM gcc compiler'
arm-xilinx-eabi-gcc -Wall -O0 -g3 -c -fmessage-length=0 -MT"src/helloworld.o" -I../../ultrasonic_pwm_bsp/ps7_cortexa9_0/include -MMD -MP -MF"src/helloworld.d" -MT"src/helloworld.d" -o "src/helloworld.o" "../src/helloworld.c"
../src/helloworld.c: In function 'main':
../src/helloworld.c:60:4: error: 'for' loop initial declarations are only allowed in C99 or C11 mode
    for( int j =0; j < 100; j++)
    ^
../src/helloworld.c:60:4: note: use option -std=c99, -std=gnu99, -std=c11 or -std=gnu11 to compile your code
make: *** [src/helloworld.o] ´íÎó 1
16:47:24 **** Auto Build of configuration Debug for project ultrasonic_pwm ****
make all 
'Building file: ../src/helloworld.c'
'Invoking: ARM gcc compiler'
arm-xilinx-eabi-gcc -Wall -O0 -g3 -c -fmessage-length=0 -MT"src/helloworld.o" -I../../ultrasonic_pwm_bsp/ps7_cortexa9_0/include -MMD -MP -MF"src/helloworld.d" -MT"src/helloworld.d" -o "src/helloworld.o" "../src/helloworld.c"
../src/helloworld.c: In function 'main':
../src/helloworld.c:60:4: error: 'for' loop initial declarations are only allowed in C99 or C11 mode
    for( int j =12; j < 100; j++)
    ^
../src/helloworld.c:60:4: note: use option -std=c99, -std=gnu99, -std=c11 or -std=gnu11 to compile your code
make: *** [src/helloworld.o] ´íÎó 1
16:47:56 **** Auto Build of configuration Debug for project ultrasonic_pwm ****
make all 
'Building file: ../src/helloworld.c'
'Invoking: ARM gcc compiler'
arm-xilinx-eabi-gcc -Wall -O0 -g3 -c -fmessage-length=0 -MT"src/helloworld.o" -I../../ultrasonic_pwm_bsp/ps7_cortexa9_0/include -MMD -MP -MF"src/helloworld.d" -MT"src/helloworld.d" -o "src/helloworld.o" "../src/helloworld.c"
'Finished building: ../src/helloworld.c'
' '
'Building target: ultrasonic_pwm.elf'
'Invoking: ARM gcc linker'
arm-xilinx-eabi-gcc -Wl,-T -Wl,../src/lscript.ld -L../../ultrasonic_pwm_bsp/ps7_cortexa9_0/lib -o "ultrasonic_pwm.elf"  ./src/helloworld.o ./src/platform.o ./src/ult.o   -Wl,--start-group,-lxil,-lgcc,-lc,--end-group
'Finished building target: ultrasonic_pwm.elf'
' '
'Invoking: ARM Print Size'
arm-xilinx-eabi-size ultrasonic_pwm.elf  |tee "ultrasonic_pwm.elf.size"
   text	   data	    bss	    dec	    hex	filename
  61348	   2320	  22652	  86320	  15130	ultrasonic_pwm.elf
'Finished building: ultrasonic_pwm.elf.size'
' '
16:48:29 **** Auto Build of configuration Debug for project ultrasonic_pwm ****
make all 
'Building file: ../src/helloworld.c'
'Invoking: ARM gcc compiler'
arm-xilinx-eabi-gcc -Wall -O0 -g3 -c -fmessage-length=0 -MT"src/helloworld.o" -I../../ultrasonic_pwm_bsp/ps7_cortexa9_0/include -MMD -MP -MF"src/helloworld.d" -MT"src/helloworld.d" -o "src/helloworld.o" "../src/helloworld.c"
'Finished building: ../src/helloworld.c'
' '
'Building target: ultrasonic_pwm.elf'
'Invoking: ARM gcc linker'
arm-xilinx-eabi-gcc -Wl,-T -Wl,../src/lscript.ld -L../../ultrasonic_pwm_bsp/ps7_cortexa9_0/lib -o "ultrasonic_pwm.elf"  ./src/helloworld.o ./src/platform.o ./src/ult.o   -Wl,--start-group,-lxil,-lgcc,-lc,--end-group
'Finished building target: ultrasonic_pwm.elf'
' '
'Invoking: ARM Print Size'
arm-xilinx-eabi-size ultrasonic_pwm.elf  |tee "ultrasonic_pwm.elf.size"
   text	   data	    bss	    dec	    hex	filename
  61348	   2320	  22652	  86320	  15130	ultrasonic_pwm.elf
'Finished building: ultrasonic_pwm.elf.size'
' '
16:48:58 **** Auto Build of configuration Debug for project ultrasonic_pwm ****
make all 
'Building file: ../src/helloworld.c'
'Invoking: ARM gcc compiler'
arm-xilinx-eabi-gcc -Wall -O0 -g3 -c -fmessage-length=0 -MT"src/helloworld.o" -I../../ultrasonic_pwm_bsp/ps7_cortexa9_0/include -MMD -MP -MF"src/helloworld.d" -MT"src/helloworld.d" -o "src/helloworld.o" "../src/helloworld.c"
'Finished building: ../src/helloworld.c'
' '
'Building target: ultrasonic_pwm.elf'
'Invoking: ARM gcc linker'
arm-xilinx-eabi-gcc -Wl,-T -Wl,../src/lscript.ld -L../../ultrasonic_pwm_bsp/ps7_cortexa9_0/lib -o "ultrasonic_pwm.elf"  ./src/helloworld.o ./src/platform.o ./src/ult.o   -Wl,--start-group,-lxil,-lgcc,-lc,--end-group
'Finished building target: ultrasonic_pwm.elf'
' '
'Invoking: ARM Print Size'
arm-xilinx-eabi-size ultrasonic_pwm.elf  |tee "ultrasonic_pwm.elf.size"
   text	   data	    bss	    dec	    hex	filename
  61348	   2320	  22652	  86320	  15130	ultrasonic_pwm.elf
'Finished building: ultrasonic_pwm.elf.size'
' '
16:49:50 **** Incremental Build of configuration Debug for project ultrasonic_pwm ****
make all 
make: Nothing to be done for `all'.
16:51:22 **** Auto Build of configuration Debug for project ultrasonic_pwm ****
make all 
'Building file: ../src/helloworld.c'
'Invoking: ARM gcc compiler'
arm-xilinx-eabi-gcc -Wall -O0 -g3 -c -fmessage-length=0 -MT"src/helloworld.o" -I../../ultrasonic_pwm_bsp/ps7_cortexa9_0/include -MMD -MP -MF"src/helloworld.d" -MT"src/helloworld.d" -o "src/helloworld.o" "../src/helloworld.c"
'Finished building: ../src/helloworld.c'
' '
'Building target: ultrasonic_pwm.elf'
'Invoking: ARM gcc linker'
arm-xilinx-eabi-gcc -Wl,-T -Wl,../src/lscript.ld -L../../ultrasonic_pwm_bsp/ps7_cortexa9_0/lib -o "ultrasonic_pwm.elf"  ./src/helloworld.o ./src/platform.o ./src/ult.o   -Wl,--start-group,-lxil,-lgcc,-lc,--end-group
'Finished building target: ultrasonic_pwm.elf'
' '
'Invoking: ARM Print Size'
arm-xilinx-eabi-size ultrasonic_pwm.elf  |tee "ultrasonic_pwm.elf.size"
   text	   data	    bss	    dec	    hex	filename
  61348	   2320	  22652	  86320	  15130	ultrasonic_pwm.elf
'Finished building: ultrasonic_pwm.elf.size'
' '
16:52:05 **** Auto Build of configuration Debug for project ultrasonic_pwm ****
make all 
'Building file: ../src/helloworld.c'
'Invoking: ARM gcc compiler'
arm-xilinx-eabi-gcc -Wall -O0 -g3 -c -fmessage-length=0 -MT"src/helloworld.o" -I../../ultrasonic_pwm_bsp/ps7_cortexa9_0/include -MMD -MP -MF"src/helloworld.d" -MT"src/helloworld.d" -o "src/helloworld.o" "../src/helloworld.c"
'Finished building: ../src/helloworld.c'
' '
'Building target: ultrasonic_pwm.elf'
'Invoking: ARM gcc linker'
arm-xilinx-eabi-gcc -Wl,-T -Wl,../src/lscript.ld -L../../ultrasonic_pwm_bsp/ps7_cortexa9_0/lib -o "ultrasonic_pwm.elf"  ./src/helloworld.o ./src/platform.o ./src/ult.o   -Wl,--start-group,-lxil,-lgcc,-lc,--end-group
'Finished building target: ultrasonic_pwm.elf'
' '
'Invoking: ARM Print Size'
arm-xilinx-eabi-size ultrasonic_pwm.elf  |tee "ultrasonic_pwm.elf.size"
   text	   data	    bss	    dec	    hex	filename
  61348	   2320	  22652	  86320	  15130	ultrasonic_pwm.elf
'Finished building: ultrasonic_pwm.elf.size'
' '
16:52:57 **** Auto Build of configuration Debug for project ultrasonic_pwm ****
make all 
'Building file: ../src/helloworld.c'
'Invoking: ARM gcc compiler'
arm-xilinx-eabi-gcc -Wall -O0 -g3 -c -fmessage-length=0 -MT"src/helloworld.o" -I../../ultrasonic_pwm_bsp/ps7_cortexa9_0/include -MMD -MP -MF"src/helloworld.d" -MT"src/helloworld.d" -o "src/helloworld.o" "../src/helloworld.c"
'Finished building: ../src/helloworld.c'
' '
'Building target: ultrasonic_pwm.elf'
'Invoking: ARM gcc linker'
arm-xilinx-eabi-gcc -Wl,-T -Wl,../src/lscript.ld -L../../ultrasonic_pwm_bsp/ps7_cortexa9_0/lib -o "ultrasonic_pwm.elf"  ./src/helloworld.o ./src/platform.o ./src/ult.o   -Wl,--start-group,-lxil,-lgcc,-lc,--end-group
'Finished building target: ultrasonic_pwm.elf'
' '
'Invoking: ARM Print Size'
arm-xilinx-eabi-size ultrasonic_pwm.elf  |tee "ultrasonic_pwm.elf.size"
   text	   data	    bss	    dec	    hex	filename
  61348	   2320	  22652	  86320	  15130	ultrasonic_pwm.elf
'Finished building: ultrasonic_pwm.elf.size'
' '
16:53:21 **** Incremental Build of configuration Debug for project ultrasonic_pwm ****
make all 
make: Nothing to be done for `all'.
17:02:38 **** Auto Build of configuration Debug for project ultrasonic_pwm ****
make all 
'Building file: ../src/helloworld.c'
'Invoking: ARM gcc compiler'
arm-xilinx-eabi-gcc -Wall -O0 -g3 -c -fmessage-length=0 -MT"src/helloworld.o" -I../../ultrasonic_pwm_bsp/ps7_cortexa9_0/include -MMD -MP -MF"src/helloworld.d" -MT"src/helloworld.d" -o "src/helloworld.o" "../src/helloworld.c"
'Finished building: ../src/helloworld.c'
' '
'Building target: ultrasonic_pwm.elf'
'Invoking: ARM gcc linker'
arm-xilinx-eabi-gcc -Wl,-T -Wl,../src/lscript.ld -L../../ultrasonic_pwm_bsp/ps7_cortexa9_0/lib -o "ultrasonic_pwm.elf"  ./src/helloworld.o ./src/platform.o ./src/ult.o   -Wl,--start-group,-lxil,-lgcc,-lc,--end-group
'Finished building target: ultrasonic_pwm.elf'
' '
'Invoking: ARM Print Size'
arm-xilinx-eabi-size ultrasonic_pwm.elf  |tee "ultrasonic_pwm.elf.size"
   text	   data	    bss	    dec	    hex	filename
  61348	   2320	  22652	  86320	  15130	ultrasonic_pwm.elf
'Finished building: ultrasonic_pwm.elf.size'
' '
17:02:56 **** Incremental Build of configuration Debug for project ultrasonic_pwm ****
make all 
make: Nothing to be done for `all'.
09:01:03 **** Incremental Build of configuration Debug for project ultrasonic_pwm ****
make all 
'Building file: ../src/helloworld.c'
'Invoking: ARM gcc compiler'
arm-xilinx-eabi-gcc -Wall -O0 -g3 -c -fmessage-length=0 -MT"src/helloworld.o" -I../../ultrasonic_pwm_bsp/ps7_cortexa9_0/include -MMD -MP -MF"src/helloworld.d" -MT"src/helloworld.d" -o "src/helloworld.o" "../src/helloworld.c"
'Finished building: ../src/helloworld.c'
' '
'Building target: ultrasonic_pwm.elf'
'Invoking: ARM gcc linker'
arm-xilinx-eabi-gcc -Wl,-T -Wl,../src/lscript.ld -L../../ultrasonic_pwm_bsp/ps7_cortexa9_0/lib -o "ultrasonic_pwm.elf"  ./src/helloworld.o ./src/platform.o ./src/ult.o   -Wl,--start-group,-lxil,-lgcc,-lc,--end-group
../../ultrasonic_pwm_bsp/ps7_cortexa9_0/lib\libxil.a(xil-crt0.o): In function `_start':
C:\Users\bjut\Desktop\ultrasonic\ultrasonic_ps\ultrasonic_ps.sdk\ultrasonic_pwm_bsp\ps7_cortexa9_0\libsrc\standalone_v5_1\src/xil-crt0.S:128: undefined reference to `main'
collect2.exe: error: ld returned 1 exit status
make: *** [ultrasonic_pwm.elf] ´íÎó 1
09:01:38 **** Auto Build of configuration Debug for project ultrasonic_pwm ****
make all 
'Building file: ../src/main.c'
'Invoking: ARM gcc compiler'
arm-xilinx-eabi-gcc -Wall -O0 -g3 -c -fmessage-length=0 -MT"src/main.o" -I../../ultrasonic_pwm_bsp/ps7_cortexa9_0/include -MMD -MP -MF"src/main.d" -MT"src/main.d" -o "src/main.o" "../src/main.c"
../src/main.c: In function 'main':
../src/main.c:43:1: warning: implicit declaration of function 'XGpio_SetDataDirection' [-Wimplicit-function-declaration]
 XGpio_SetDataDirection(&SWS_Ptr, 2, 0xFF);
 ^
../src/main.c:43:25: error: 'SWS_Ptr' undeclared (first use in this function)
 XGpio_SetDataDirection(&SWS_Ptr, 2, 0xFF);
                         ^
../src/main.c:43:25: note: each undeclared identifier is reported only once for each function it appears in
../src/main.c:112:8: error: 'ARM_GRAB' undeclared (first use in this function)
   case ARM_GRAB:
        ^
../src/main.c:113:4: warning: implicit declaration of function 'arm_grab' [-Wimplicit-function-declaration]
    arm_grab(UartLite, armPhase, actionTime);
    ^
../src/main.c:113:13: error: 'UartLite' undeclared (first use in this function)
    arm_grab(UartLite, armPhase, actionTime);
             ^
../src/main.c:113:23: error: 'armPhase' undeclared (first use in this function)
    arm_grab(UartLite, armPhase, actionTime);
                       ^
../src/main.c:113:33: error: 'actionTime' undeclared (first use in this function)
    arm_grab(UartLite, armPhase, actionTime);
                                 ^
../src/main.c:116:8: error: 'ARM_RESET' undeclared (first use in this function)
   case ARM_RESET:
        ^
../src/main.c:117:4: warning: implicit declaration of function 'arm_reset' [-Wimplicit-function-declaration]
    arm_reset(armPhase, actionTime, steeringPace);
    ^
../src/main.c:117:36: error: 'steeringPace' undeclared (first use in this function)
    arm_reset(armPhase, actionTime, steeringPace);
                                    ^
../src/main.c:120:8: error: 'ARM_LIE_DOWN' undeclared (first use in this function)
   case ARM_LIE_DOWN:
        ^
../src/main.c:121:4: warning: implicit declaration of function 'arm_lie_down' [-Wimplicit-function-declaration]
    arm_lie_down(armPhase);
    ^
../src/main.c:124:8: error: 'ARM_LIFT_UP' undeclared (first use in this function)
   case ARM_LIFT_UP:
        ^
../src/main.c:125:4: warning: implicit declaration of function 'arm_lift_up' [-Wimplicit-function-declaration]
    arm_lift_up(armPhase);
    ^
../src/main.c:128:8: error: 'ARM_SPEED_UP' undeclared (first use in this function)
   case ARM_SPEED_UP:
        ^
../src/main.c:129:4: warning: implicit declaration of function 'arm_speed_up' [-Wimplicit-function-declaration]
    arm_speed_up(actionTime);
    ^
../src/main.c:131:8: error: 'ARM_SPEED_DOWN' undeclared (first use in this function)
   case ARM_SPEED_DOWN:
        ^
../src/main.c:132:4: warning: implicit declaration of function 'arm_speed_down' [-Wimplicit-function-declaration]
    arm_speed_down(actionTime);
    ^
../src/main.c:134:8: error: 'ARM_PACE_UP' undeclared (first use in this function)
   case ARM_PACE_UP:
        ^
../src/main.c:135:4: warning: implicit declaration of function 'arm_pace_up' [-Wimplicit-function-declaration]
    arm_pace_up(steeringPace);
    ^
../src/main.c:137:8: error: 'ARM_PACE_DOWN' undeclared (first use in this function)
   case ARM_PACE_DOWN:
        ^
../src/main.c:138:4: warning: implicit declaration of function 'arm_pace_down' [-Wimplicit-function-declaration]
    arm_pace_down(steeringPace);
    ^
../src/main.c:36:5: warning: variable 'lastCmd' set but not used [-Wunused-but-set-variable]
 u16 lastCmd = 0;
     ^
make: *** [src/main.o] ´íÎó 1
09:02:03 **** Auto Build of configuration Debug for project ultrasonic_pwm ****
make all 
'Building file: ../src/main.c'
'Invoking: ARM gcc compiler'
arm-xilinx-eabi-gcc -Wall -O0 -g3 -c -fmessage-length=0 -MT"src/main.o" -I../../ultrasonic_pwm_bsp/ps7_cortexa9_0/include -MMD -MP -MF"src/main.d" -MT"src/main.d" -o "src/main.o" "../src/main.c"
../src/main.c: In function 'main':
../src/main.c:43:1: warning: implicit declaration of function 'XGpio_SetDataDirection' [-Wimplicit-function-declaration]
 XGpio_SetDataDirection(&SWS_Ptr, 2, 0xFF);
 ^
../src/main.c:43:25: error: 'SWS_Ptr' undeclared (first use in this function)
 XGpio_SetDataDirection(&SWS_Ptr, 2, 0xFF);
                         ^
../src/main.c:43:25: note: each undeclared identifier is reported only once for each function it appears in
../src/main.c:36:5: warning: variable 'lastCmd' set but not used [-Wunused-but-set-variable]
 u16 lastCmd = 0;
     ^
make: *** [src/main.o] ´íÎó 1
09:02:25 **** Auto Build of configuration Debug for project ultrasonic_pwm ****
make all 
'Building file: ../src/main.c'
'Invoking: ARM gcc compiler'
arm-xilinx-eabi-gcc -Wall -O0 -g3 -c -fmessage-length=0 -MT"src/main.o" -I../../ultrasonic_pwm_bsp/ps7_cortexa9_0/include -MMD -MP -MF"src/main.d" -MT"src/main.d" -o "src/main.o" "../src/main.c"
../src/main.c: In function 'main':
../src/main.c:36:5: warning: variable 'lastCmd' set but not used [-Wunused-but-set-variable]
 u16 lastCmd = 0;
     ^
'Finished building: ../src/main.c'
' '
'Building file: ../src/pwm.c'
'Invoking: ARM gcc compiler'
arm-xilinx-eabi-gcc -Wall -O0 -g3 -c -fmessage-length=0 -MT"src/pwm.o" -I../../ultrasonic_pwm_bsp/ps7_cortexa9_0/include -MMD -MP -MF"src/pwm.d" -MT"src/pwm.d" -o "src/pwm.o" "../src/pwm.c"
'Finished building: ../src/pwm.c'
' '
'Building target: ultrasonic_pwm.elf'
'Invoking: ARM gcc linker'
arm-xilinx-eabi-gcc -Wl,-T -Wl,../src/lscript.ld -L../../ultrasonic_pwm_bsp/ps7_cortexa9_0/lib -o "ultrasonic_pwm.elf"  ./src/helloworld.o ./src/main.o ./src/platform.o ./src/pwm.o ./src/ult.o   -Wl,--start-group,-lxil,-lgcc,-lc,--end-group
'Finished building target: ultrasonic_pwm.elf'
' '
'Invoking: ARM Print Size'
arm-xilinx-eabi-size ultrasonic_pwm.elf  |tee "ultrasonic_pwm.elf.size"
   text	   data	    bss	    dec	    hex	filename
  28436	   2192	  22628	  53256	   d008	ultrasonic_pwm.elf
'Finished building: ultrasonic_pwm.elf.size'
' '
09:05:11 **** Incremental Build of configuration Debug for project ultrasonic_pwm ****
make all 
make: Nothing to be done for `all'.
09:07:48 **** Incremental Build of configuration Debug for project ultrasonic_pwm ****
make all 
'Building file: ../src/main.c'
'Invoking: ARM gcc compiler'
arm-xilinx-eabi-gcc -Wall -O0 -g3 -c -fmessage-length=0 -MT"src/main.o" -I../../ultrasonic_pwm_bsp/ps7_cortexa9_0/include -MMD -MP -MF"src/main.d" -MT"src/main.d" -o "src/main.o" "../src/main.c"
../src/main.c: In function 'main':
../src/main.c:36:5: warning: variable 'lastCmd' set but not used [-Wunused-but-set-variable]
 u16 lastCmd = 0;
     ^
'Finished building: ../src/main.c'
' '
'Building target: ultrasonic_pwm.elf'
'Invoking: ARM gcc linker'
arm-xilinx-eabi-gcc -Wl,-T -Wl,../src/lscript.ld -L../../ultrasonic_pwm_bsp/ps7_cortexa9_0/lib -o "ultrasonic_pwm.elf"  ./src/helloworld.o ./src/main.o ./src/platform.o ./src/pwm.o ./src/ult.o   -Wl,--start-group,-lxil,-lgcc,-lc,--end-group
'Finished building target: ultrasonic_pwm.elf'
' '
'Invoking: ARM Print Size'
arm-xilinx-eabi-size ultrasonic_pwm.elf  |tee "ultrasonic_pwm.elf.size"
   text	   data	    bss	    dec	    hex	filename
  28436	   2192	  22628	  53256	   d008	ultrasonic_pwm.elf
'Finished building: ultrasonic_pwm.elf.size'
' '
09:07:57 **** Incremental Build of configuration Debug for project ultrasonic_pwm ****
make all 
make: Nothing to be done for `all'.
09:09:13 **** Auto Build of configuration Debug for project ultrasonic_pwm ****
make all 
'Building file: ../src/main.c'
'Invoking: ARM gcc compiler'
arm-xilinx-eabi-gcc -Wall -O0 -g3 -c -fmessage-length=0 -MT"src/main.o" -I../../ultrasonic_pwm_bsp/ps7_cortexa9_0/include -MMD -MP -MF"src/main.d" -MT"src/main.d" -o "src/main.o" "../src/main.c"
../src/main.c: In function 'main':
../src/main.c:36:5: warning: variable 'lastCmd' set but not used [-Wunused-but-set-variable]
 u16 lastCmd = 0;
     ^
'Finished building: ../src/main.c'
' '
'Building target: ultrasonic_pwm.elf'
'Invoking: ARM gcc linker'
arm-xilinx-eabi-gcc -Wl,-T -Wl,../src/lscript.ld -L../../ultrasonic_pwm_bsp/ps7_cortexa9_0/lib -o "ultrasonic_pwm.elf"  ./src/helloworld.o ./src/main.o ./src/platform.o ./src/pwm.o ./src/ult.o   -Wl,--start-group,-lxil,-lgcc,-lc,--end-group
'Finished building target: ultrasonic_pwm.elf'
' '
'Invoking: ARM Print Size'
arm-xilinx-eabi-size ultrasonic_pwm.elf  |tee "ultrasonic_pwm.elf.size"
   text	   data	    bss	    dec	    hex	filename
  28436	   2192	  22628	  53256	   d008	ultrasonic_pwm.elf
'Finished building: ultrasonic_pwm.elf.size'
' '
09:09:27 **** Incremental Build of configuration Debug for project ultrasonic_pwm ****
make all 
make: Nothing to be done for `all'.
09:11:16 **** Auto Build of configuration Debug for project ultrasonic_pwm ****
make all 
'Building file: ../src/main.c'
'Invoking: ARM gcc compiler'
arm-xilinx-eabi-gcc -Wall -O0 -g3 -c -fmessage-length=0 -MT"src/main.o" -I../../ultrasonic_pwm_bsp/ps7_cortexa9_0/include -MMD -MP -MF"src/main.d" -MT"src/main.d" -o "src/main.o" "../src/main.c"
../src/main.c: In function 'main':
../src/main.c:36:5: warning: variable 'lastCmd' set but not used [-Wunused-but-set-variable]
 u16 lastCmd = 0;
     ^
'Finished building: ../src/main.c'
' '
'Building target: ultrasonic_pwm.elf'
'Invoking: ARM gcc linker'
arm-xilinx-eabi-gcc -Wl,-T -Wl,../src/lscript.ld -L../../ultrasonic_pwm_bsp/ps7_cortexa9_0/lib -o "ultrasonic_pwm.elf"  ./src/helloworld.o ./src/main.o ./src/platform.o ./src/pwm.o ./src/ult.o   -Wl,--start-group,-lxil,-lgcc,-lc,--end-group
'Finished building target: ultrasonic_pwm.elf'
' '
'Invoking: ARM Print Size'
arm-xilinx-eabi-size ultrasonic_pwm.elf  |tee "ultrasonic_pwm.elf.size"
   text	   data	    bss	    dec	    hex	filename
  28436	   2192	  22628	  53256	   d008	ultrasonic_pwm.elf
'Finished building: ultrasonic_pwm.elf.size'
' '
09:11:46 **** Incremental Build of configuration Debug for project ultrasonic_pwm ****
make all 
make: Nothing to be done for `all'.
09:12:33 **** Auto Build of configuration Debug for project ultrasonic_pwm ****
make all 
'Building file: ../src/main.c'
'Invoking: ARM gcc compiler'
arm-xilinx-eabi-gcc -Wall -O0 -g3 -c -fmessage-length=0 -MT"src/main.o" -I../../ultrasonic_pwm_bsp/ps7_cortexa9_0/include -MMD -MP -MF"src/main.d" -MT"src/main.d" -o "src/main.o" "../src/main.c"
../src/main.c: In function 'main':
../src/main.c:36:5: warning: variable 'lastCmd' set but not used [-Wunused-but-set-variable]
 u16 lastCmd = 0;
     ^
'Finished building: ../src/main.c'
' '
'Building target: ultrasonic_pwm.elf'
'Invoking: ARM gcc linker'
arm-xilinx-eabi-gcc -Wl,-T -Wl,../src/lscript.ld -L../../ultrasonic_pwm_bsp/ps7_cortexa9_0/lib -o "ultrasonic_pwm.elf"  ./src/helloworld.o ./src/main.o ./src/platform.o ./src/pwm.o ./src/ult.o   -Wl,--start-group,-lxil,-lgcc,-lc,--end-group
'Finished building target: ultrasonic_pwm.elf'
' '
'Invoking: ARM Print Size'
arm-xilinx-eabi-size ultrasonic_pwm.elf  |tee "ultrasonic_pwm.elf.size"
   text	   data	    bss	    dec	    hex	filename
  63300	   2320	  22652	  88272	  158d0	ultrasonic_pwm.elf
'Finished building: ultrasonic_pwm.elf.size'
' '
09:12:53 **** Incremental Build of configuration Debug for project ultrasonic_pwm ****
make all 
make: Nothing to be done for `all'.
09:12:58 **** Incremental Build of configuration Debug for project ultrasonic_pwm ****
make all 
make: Nothing to be done for `all'.
09:16:53 **** Auto Build of configuration Debug for project ultrasonic_pwm ****
make all 
'Building file: ../src/main.c'
'Invoking: ARM gcc compiler'
arm-xilinx-eabi-gcc -Wall -O0 -g3 -c -fmessage-length=0 -MT"src/main.o" -I../../ultrasonic_pwm_bsp/ps7_cortexa9_0/include -MMD -MP -MF"src/main.d" -MT"src/main.d" -o "src/main.o" "../src/main.c"
../src/main.c: In function 'main':
../src/main.c:37:5: warning: variable 'move' set but not used [-Wunused-but-set-variable]
 int move = 0;
     ^
../src/main.c:36:5: warning: variable 'lastCmd' set but not used [-Wunused-but-set-variable]
 u16 lastCmd = 0;
     ^
'Finished building: ../src/main.c'
' '
'Building target: ultrasonic_pwm.elf'
'Invoking: ARM gcc linker'
arm-xilinx-eabi-gcc -Wl,-T -Wl,../src/lscript.ld -L../../ultrasonic_pwm_bsp/ps7_cortexa9_0/lib -o "ultrasonic_pwm.elf"  ./src/helloworld.o ./src/main.o ./src/platform.o ./src/pwm.o ./src/ult.o   -Wl,--start-group,-lxil,-lgcc,-lc,--end-group
'Finished building target: ultrasonic_pwm.elf'
' '
'Invoking: ARM Print Size'
arm-xilinx-eabi-size ultrasonic_pwm.elf  |tee "ultrasonic_pwm.elf.size"
   text	   data	    bss	    dec	    hex	filename
  63300	   2320	  22652	  88272	  158d0	ultrasonic_pwm.elf
'Finished building: ultrasonic_pwm.elf.size'
' '
09:17:09 **** Incremental Build of configuration Debug for project ultrasonic_pwm ****
make all 
make: Nothing to be done for `all'.
09:17:19 **** Incremental Build of configuration Debug for project ultrasonic_pwm ****
make all 
make: Nothing to be done for `all'.
09:19:53 **** Auto Build of configuration Debug for project ultrasonic_pwm ****
make all 
'Building file: ../src/main.c'
'Invoking: ARM gcc compiler'
arm-xilinx-eabi-gcc -Wall -O0 -g3 -c -fmessage-length=0 -MT"src/main.o" -I../../ultrasonic_pwm_bsp/ps7_cortexa9_0/include -MMD -MP -MF"src/main.d" -MT"src/main.d" -o "src/main.o" "../src/main.c"
../src/main.c: In function 'main':
../src/main.c:37:5: warning: variable 'move' set but not used [-Wunused-but-set-variable]
 int move = 0;
     ^
../src/main.c:36:5: warning: variable 'lastCmd' set but not used [-Wunused-but-set-variable]
 u16 lastCmd = 0;
     ^
'Finished building: ../src/main.c'
' '
'Building target: ultrasonic_pwm.elf'
'Invoking: ARM gcc linker'
arm-xilinx-eabi-gcc -Wl,-T -Wl,../src/lscript.ld -L../../ultrasonic_pwm_bsp/ps7_cortexa9_0/lib -o "ultrasonic_pwm.elf"  ./src/helloworld.o ./src/main.o ./src/platform.o ./src/pwm.o ./src/ult.o   -Wl,--start-group,-lxil,-lgcc,-lc,--end-group
'Finished building target: ultrasonic_pwm.elf'
' '
'Invoking: ARM Print Size'
arm-xilinx-eabi-size ultrasonic_pwm.elf  |tee "ultrasonic_pwm.elf.size"
   text	   data	    bss	    dec	    hex	filename
  63300	   2320	  22652	  88272	  158d0	ultrasonic_pwm.elf
'Finished building: ultrasonic_pwm.elf.size'
' '
09:20:29 **** Incremental Build of configuration Debug for project ultrasonic_pwm ****
make all 
make: Nothing to be done for `all'.
09:22:19 **** Auto Build of configuration Debug for project ultrasonic_pwm ****
make all 
'Building file: ../src/main.c'
'Invoking: ARM gcc compiler'
arm-xilinx-eabi-gcc -Wall -O0 -g3 -c -fmessage-length=0 -MT"src/main.o" -I../../ultrasonic_pwm_bsp/ps7_cortexa9_0/include -MMD -MP -MF"src/main.d" -MT"src/main.d" -o "src/main.o" "../src/main.c"
../src/main.c: In function 'main':
../src/main.c:37:5: warning: variable 'move' set but not used [-Wunused-but-set-variable]
 int move = 0;
     ^
../src/main.c:36:5: warning: variable 'lastCmd' set but not used [-Wunused-but-set-variable]
 u16 lastCmd = 0;
     ^
'Finished building: ../src/main.c'
' '
'Building target: ultrasonic_pwm.elf'
'Invoking: ARM gcc linker'
arm-xilinx-eabi-gcc -Wl,-T -Wl,../src/lscript.ld -L../../ultrasonic_pwm_bsp/ps7_cortexa9_0/lib -o "ultrasonic_pwm.elf"  ./src/helloworld.o ./src/main.o ./src/platform.o ./src/pwm.o ./src/ult.o   -Wl,--start-group,-lxil,-lgcc,-lc,--end-group
'Finished building target: ultrasonic_pwm.elf'
' '
'Invoking: ARM Print Size'
arm-xilinx-eabi-size ultrasonic_pwm.elf  |tee "ultrasonic_pwm.elf.size"
   text	   data	    bss	    dec	    hex	filename
  63300	   2320	  22652	  88272	  158d0	ultrasonic_pwm.elf
'Finished building: ultrasonic_pwm.elf.size'
' '
09:23:37 **** Incremental Build of configuration Debug for project ultrasonic_pwm ****
make all 
make: Nothing to be done for `all'.
09:23:42 **** Incremental Build of configuration Debug for project ultrasonic_pwm ****
make all 
make: Nothing to be done for `all'.
09:25:26 **** Incremental Build of configuration Debug for project ultrasonic_pwm ****
make all 
make: Nothing to be done for `all'.
09:28:53 **** Incremental Build of configuration Debug for project ultrasonic_pwm ****
make all 
make: Nothing to be done for `all'.
09:35:46 **** Build of project fsbl_zynq1_bsp ****
make -k all 
"Running Make include in ps7_cortexa9_0/libsrc/coresightps_dcc_v1_0/src"
make -C ps7_cortexa9_0/libsrc/coresightps_dcc_v1_0/src -s include  "SHELL=CMD" "COMPILER=arm-xilinx-eabi-gcc" "ARCHIVER=arm-xilinx-eabi-ar" "COMPILER_FLAGS=  -O2 -c" "EXTRA_COMPILER_FLAGS=-g"
"Running Make include in ps7_cortexa9_0/libsrc/cpu_cortexa9_v2_1/src"
make -C ps7_cortexa9_0/libsrc/cpu_cortexa9_v2_1/src -s include  "SHELL=CMD" "COMPILER=arm-xilinx-eabi-gcc" "ARCHIVER=arm-xilinx-eabi-ar" "COMPILER_FLAGS=  -O2 -c" "EXTRA_COMPILER_FLAGS=-g"
"Running Make include in ps7_cortexa9_0/libsrc/devcfg_v3_3/src"
make -C ps7_cortexa9_0/libsrc/devcfg_v3_3/src -s include  "SHELL=CMD" "COMPILER=arm-xilinx-eabi-gcc" "ARCHIVER=arm-xilinx-eabi-ar" "COMPILER_FLAGS=  -O2 -c" "EXTRA_COMPILER_FLAGS=-g"
"Running Make include in ps7_cortexa9_0/libsrc/dmaps_v2_1/src"
make -C ps7_cortexa9_0/libsrc/dmaps_v2_1/src -s include  "SHELL=CMD" "COMPILER=arm-xilinx-eabi-gcc" "ARCHIVER=arm-xilinx-eabi-ar" "COMPILER_FLAGS=  -O2 -c" "EXTRA_COMPILER_FLAGS=-g"
"Running Make include in ps7_cortexa9_0/libsrc/emacps_v3_0/src"
make -C ps7_cortexa9_0/libsrc/emacps_v3_0/src -s include  "SHELL=CMD" "COMPILER=arm-xilinx-eabi-gcc" "ARCHIVER=arm-xilinx-eabi-ar" "COMPILER_FLAGS=  -O2 -c" "EXTRA_COMPILER_FLAGS=-g"
"Running Make include in ps7_cortexa9_0/libsrc/gpiops_v3_0/src"
make -C ps7_cortexa9_0/libsrc/gpiops_v3_0/src -s include  "SHELL=CMD" "COMPILER=arm-xilinx-eabi-gcc" "ARCHIVER=arm-xilinx-eabi-ar" "COMPILER_FLAGS=  -O2 -c" "EXTRA_COMPILER_FLAGS=-g"
"Running Make include in ps7_cortexa9_0/libsrc/qspips_v3_2/src"
make -C ps7_cortexa9_0/libsrc/qspips_v3_2/src -s include  "SHELL=CMD" "COMPILER=arm-xilinx-eabi-gcc" "ARCHIVER=arm-xilinx-eabi-ar" "COMPILER_FLAGS=  -O2 -c" "EXTRA_COMPILER_FLAGS=-g"
"Running Make include in ps7_cortexa9_0/libsrc/scugic_v3_0/src"
make -C ps7_cortexa9_0/libsrc/scugic_v3_0/src -s include  "SHELL=CMD" "COMPILER=arm-xilinx-eabi-gcc" "ARCHIVER=arm-xilinx-eabi-ar" "COMPILER_FLAGS=  -O2 -c" "EXTRA_COMPILER_FLAGS=-g"
"Running Make include in ps7_cortexa9_0/libsrc/scutimer_v2_1/src"
make -C ps7_cortexa9_0/libsrc/scutimer_v2_1/src -s include  "SHELL=CMD" "COMPILER=arm-xilinx-eabi-gcc" "ARCHIVER=arm-xilinx-eabi-ar" "COMPILER_FLAGS=  -O2 -c" "EXTRA_COMPILER_FLAGS=-g"
"Running Make include in ps7_cortexa9_0/libsrc/scuwdt_v2_1/src"
make -C ps7_cortexa9_0/libsrc/scuwdt_v2_1/src -s include  "SHELL=CMD" "COMPILER=arm-xilinx-eabi-gcc" "ARCHIVER=arm-xilinx-eabi-ar" "COMPILER_FLAGS=  -O2 -c" "EXTRA_COMPILER_FLAGS=-g"
"Running Make include in ps7_cortexa9_0/libsrc/sdps_v2_4/src"
make -C ps7_cortexa9_0/libsrc/sdps_v2_4/src -s include  "SHELL=CMD" "COMPILER=arm-xilinx-eabi-gcc" "ARCHIVER=arm-xilinx-eabi-ar" "COMPILER_FLAGS=  -O2 -c" "EXTRA_COMPILER_FLAGS=-g"
"Running Make include in ps7_cortexa9_0/libsrc/standalone_v5_1/src"
make -C ps7_cortexa9_0/libsrc/standalone_v5_1/src -s include  "SHELL=CMD" "COMPILER=arm-xilinx-eabi-gcc" "ARCHIVER=arm-xilinx-eabi-ar" "COMPILER_FLAGS=  -O2 -c" "EXTRA_COMPILER_FLAGS=-g"
"Running Make include in ps7_cortexa9_0/libsrc/uartps_v3_0/src"
make -C ps7_cortexa9_0/libsrc/uartps_v3_0/src -s include  "SHELL=CMD" "COMPILER=arm-xilinx-eabi-gcc" "ARCHIVER=arm-xilinx-eabi-ar" "COMPILER_FLAGS=  -O2 -c" "EXTRA_COMPILER_FLAGS=-g"
"Running Make include in ps7_cortexa9_0/libsrc/usbps_v2_2/src"
make -C ps7_cortexa9_0/libsrc/usbps_v2_2/src -s include  "SHELL=CMD" "COMPILER=arm-xilinx-eabi-gcc" "ARCHIVER=arm-xilinx-eabi-ar" "COMPILER_FLAGS=  -O2 -c" "EXTRA_COMPILER_FLAGS=-g"
"Running Make include in ps7_cortexa9_0/libsrc/xadcps_v2_2/src"
make -C ps7_cortexa9_0/libsrc/xadcps_v2_2/src -s include  "SHELL=CMD" "COMPILER=arm-xilinx-eabi-gcc" "ARCHIVER=arm-xilinx-eabi-ar" "COMPILER_FLAGS=  -O2 -c" "EXTRA_COMPILER_FLAGS=-g"
"Running Make include in ps7_cortexa9_0/libsrc/xilffs_v3_0/src"
make -C ps7_cortexa9_0/libsrc/xilffs_v3_0/src -s include  "SHELL=CMD" "COMPILER=arm-xilinx-eabi-gcc" "ARCHIVER=arm-xilinx-eabi-ar" "COMPILER_FLAGS=  -O2 -c" "EXTRA_COMPILER_FLAGS=-g"
"Running Make include in ps7_cortexa9_0/libsrc/xilrsa_v1_1/src"
make -C ps7_cortexa9_0/libsrc/xilrsa_v1_1/src -s include  "SHELL=CMD" "COMPILER=arm-xilinx-eabi-gcc" "ARCHIVER=arm-xilinx-eabi-ar" "COMPILER_FLAGS=  -O2 -c" "EXTRA_COMPILER_FLAGS=-g"
"Running Make libs in ps7_cortexa9_0/libsrc/coresightps_dcc_v1_0/src"
make -C ps7_cortexa9_0/libsrc/coresightps_dcc_v1_0/src -s libs  "SHELL=CMD" "COMPILER=arm-xilinx-eabi-gcc" "ARCHIVER=arm-xilinx-eabi-ar" "COMPILER_FLAGS=  -O2 -c" "EXTRA_COMPILER_FLAGS=-g"
"Compiling coresightps_dcc"
arm-xilinx-eabi-ar: creating ../../../lib/libxil.a
"Running Make libs in ps7_cortexa9_0/libsrc/cpu_cortexa9_v2_1/src"
make -C ps7_cortexa9_0/libsrc/cpu_cortexa9_v2_1/src -s libs  "SHELL=CMD" "COMPILER=arm-xilinx-eabi-gcc" "ARCHIVER=arm-xilinx-eabi-ar" "COMPILER_FLAGS=  -O2 -c" "EXTRA_COMPILER_FLAGS=-g"
"Compiling cpu_cortexa9"
"Running Make libs in ps7_cortexa9_0/libsrc/devcfg_v3_3/src"
make -C ps7_cortexa9_0/libsrc/devcfg_v3_3/src -s libs  "SHELL=CMD" "COMPILER=arm-xilinx-eabi-gcc" "ARCHIVER=arm-xilinx-eabi-ar" "COMPILER_FLAGS=  -O2 -c" "EXTRA_COMPILER_FLAGS=-g"
"Compiling devcfg"
"Running Make libs in ps7_cortexa9_0/libsrc/dmaps_v2_1/src"
make -C ps7_cortexa9_0/libsrc/dmaps_v2_1/src -s libs  "SHELL=CMD" "COMPILER=arm-xilinx-eabi-gcc" "ARCHIVER=arm-xilinx-eabi-ar" "COMPILER_FLAGS=  -O2 -c" "EXTRA_COMPILER_FLAGS=-g"
"Compiling dmaps"
"Running Make libs in ps7_cortexa9_0/libsrc/emacps_v3_0/src"
make -C ps7_cortexa9_0/libsrc/emacps_v3_0/src -s libs  "SHELL=CMD" "COMPILER=arm-xilinx-eabi-gcc" "ARCHIVER=arm-xilinx-eabi-ar" "COMPILER_FLAGS=  -O2 -c" "EXTRA_COMPILER_FLAGS=-g"
"Compiling emacps"
"Running Make libs in ps7_cortexa9_0/libsrc/gpiops_v3_0/src"
make -C ps7_cortexa9_0/libsrc/gpiops_v3_0/src -s libs  "SHELL=CMD" "COMPILER=arm-xilinx-eabi-gcc" "ARCHIVER=arm-xilinx-eabi-ar" "COMPILER_FLAGS=  -O2 -c" "EXTRA_COMPILER_FLAGS=-g"
"Compiling gpiops"
"Running Make libs in ps7_cortexa9_0/libsrc/qspips_v3_2/src"
make -C ps7_cortexa9_0/libsrc/qspips_v3_2/src -s libs  "SHELL=CMD" "COMPILER=arm-xilinx-eabi-gcc" "ARCHIVER=arm-xilinx-eabi-ar" "COMPILER_FLAGS=  -O2 -c" "EXTRA_COMPILER_FLAGS=-g"
"Compiling qspips"
"Running Make libs in ps7_cortexa9_0/libsrc/scugic_v3_0/src"
make -C ps7_cortexa9_0/libsrc/scugic_v3_0/src -s libs  "SHELL=CMD" "COMPILER=arm-xilinx-eabi-gcc" "ARCHIVER=arm-xilinx-eabi-ar" "COMPILER_FLAGS=  -O2 -c" "EXTRA_COMPILER_FLAGS=-g"
"Compiling scugic"
"Running Make libs in ps7_cortexa9_0/libsrc/scutimer_v2_1/src"
make -C ps7_cortexa9_0/libsrc/scutimer_v2_1/src -s libs  "SHELL=CMD" "COMPILER=arm-xilinx-eabi-gcc" "ARCHIVER=arm-xilinx-eabi-ar" "COMPILER_FLAGS=  -O2 -c" "EXTRA_COMPILER_FLAGS=-g"
"Compiling scutimer"
"Running Make libs in ps7_cortexa9_0/libsrc/scuwdt_v2_1/src"
make -C ps7_cortexa9_0/libsrc/scuwdt_v2_1/src -s libs  "SHELL=CMD" "COMPILER=arm-xilinx-eabi-gcc" "ARCHIVER=arm-xilinx-eabi-ar" "COMPILER_FLAGS=  -O2 -c" "EXTRA_COMPILER_FLAGS=-g"
"Compiling scuwdt"
"Running Make libs in ps7_cortexa9_0/libsrc/sdps_v2_4/src"
make -C ps7_cortexa9_0/libsrc/sdps_v2_4/src -s libs  "SHELL=CMD" "COMPILER=arm-xilinx-eabi-gcc" "ARCHIVER=arm-xilinx-eabi-ar" "COMPILER_FLAGS=  -O2 -c" "EXTRA_COMPILER_FLAGS=-g"
"Compiling sdps"
"Running Make libs in ps7_cortexa9_0/libsrc/standalone_v5_1/src"
make -C ps7_cortexa9_0/libsrc/standalone_v5_1/src -s libs  "SHELL=CMD" "COMPILER=arm-xilinx-eabi-gcc" "ARCHIVER=arm-xilinx-eabi-ar" "COMPILER_FLAGS=  -O2 -c" "EXTRA_COMPILER_FLAGS=-g"
"Compiling standalone"
"Running Make libs in ps7_cortexa9_0/libsrc/uartps_v3_0/src"
make -C ps7_cortexa9_0/libsrc/uartps_v3_0/src -s libs  "SHELL=CMD" "COMPILER=arm-xilinx-eabi-gcc" "ARCHIVER=arm-xilinx-eabi-ar" "COMPILER_FLAGS=  -O2 -c" "EXTRA_COMPILER_FLAGS=-g"
"Compiling uartps"
"Running Make libs in ps7_cortexa9_0/libsrc/usbps_v2_2/src"
make -C ps7_cortexa9_0/libsrc/usbps_v2_2/src -s libs  "SHELL=CMD" "COMPILER=arm-xilinx-eabi-gcc" "ARCHIVER=arm-xilinx-eabi-ar" "COMPILER_FLAGS=  -O2 -c" "EXTRA_COMPILER_FLAGS=-g"
"Compiling usbps"
"Running Make libs in ps7_cortexa9_0/libsrc/xadcps_v2_2/src"
make -C ps7_cortexa9_0/libsrc/xadcps_v2_2/src -s libs  "SHELL=CMD" "COMPILER=arm-xilinx-eabi-gcc" "ARCHIVER=arm-xilinx-eabi-ar" "COMPILER_FLAGS=  -O2 -c" "EXTRA_COMPILER_FLAGS=-g"
"Compiling xadcps"
"Running Make libs in ps7_cortexa9_0/libsrc/xilffs_v3_0/src"
make -C ps7_cortexa9_0/libsrc/xilffs_v3_0/src -s libs  "SHELL=CMD" "COMPILER=arm-xilinx-eabi-gcc" "ARCHIVER=arm-xilinx-eabi-ar" "COMPILER_FLAGS=  -O2 -c" "EXTRA_COMPILER_FLAGS=-g"
"Compiling XilFFs Library"
"Creating archive libxilffs.a"
"Running Make libs in ps7_cortexa9_0/libsrc/xilrsa_v1_1/src"
make -C ps7_cortexa9_0/libsrc/xilrsa_v1_1/src -s libs  "SHELL=CMD" "COMPILER=arm-xilinx-eabi-gcc" "ARCHIVER=arm-xilinx-eabi-ar" "COMPILER_FLAGS=  -O2 -c" "EXTRA_COMPILER_FLAGS=-g"
'Finished building libraries'
09:36:05 **** Build of configuration Debug for project fsbl_zynq1 ****
make all 
'Building file: ../src/fsbl_handoff.S'
'Invoking: ARM gcc compiler'
arm-xilinx-eabi-gcc -Wall -O0 -g3 -I"C:\Users\bjut\Desktop\ultrasonic\ultrasonic_ps\ultrasonic_ps.sdk\design_1_wrapper_hw_platform_0" -c -fmessage-length=0 -MT"src/fsbl_handoff.o" -I../../fsbl_zynq1_bsp/ps7_cortexa9_0/include -MMD -MP -MF"src/fsbl_handoff.d" -MT"src/fsbl_handoff.d" -o "src/fsbl_handoff.o" "../src/fsbl_handoff.S"
'Finished building: ../src/fsbl_handoff.S'
' '
'Building file: ../src/fsbl_hooks.c'
'Invoking: ARM gcc compiler'
arm-xilinx-eabi-gcc -Wall -O0 -g3 -I"C:\Users\bjut\Desktop\ultrasonic\ultrasonic_ps\ultrasonic_ps.sdk\design_1_wrapper_hw_platform_0" -c -fmessage-length=0 -MT"src/fsbl_hooks.o" -I../../fsbl_zynq1_bsp/ps7_cortexa9_0/include -MMD -MP -MF"src/fsbl_hooks.d" -MT"src/fsbl_hooks.d" -o "src/fsbl_hooks.o" "../src/fsbl_hooks.c"
'Finished building: ../src/fsbl_hooks.c'
' '
'Building file: ../src/image_mover.c'
'Invoking: ARM gcc compiler'
arm-xilinx-eabi-gcc -Wall -O0 -g3 -I"C:\Users\bjut\Desktop\ultrasonic\ultrasonic_ps\ultrasonic_ps.sdk\design_1_wrapper_hw_platform_0" -c -fmessage-length=0 -MT"src/image_mover.o" -I../../fsbl_zynq1_bsp/ps7_cortexa9_0/include -MMD -MP -MF"src/image_mover.d" -MT"src/image_mover.d" -o "src/image_mover.o" "../src/image_mover.c"
'Finished building: ../src/image_mover.c'
' '
'Building file: ../src/main.c'
'Invoking: ARM gcc compiler'
arm-xilinx-eabi-gcc -Wall -O0 -g3 -I"C:\Users\bjut\Desktop\ultrasonic\ultrasonic_ps\ultrasonic_ps.sdk\design_1_wrapper_hw_platform_0" -c -fmessage-length=0 -MT"src/main.o" -I../../fsbl_zynq1_bsp/ps7_cortexa9_0/include -MMD -MP -MF"src/main.d" -MT"src/main.d" -o "src/main.o" "../src/main.c"
'Finished building: ../src/main.c'
' '
'Building file: ../src/md5.c'
'Invoking: ARM gcc compiler'
arm-xilinx-eabi-gcc -Wall -O0 -g3 -I"C:\Users\bjut\Desktop\ultrasonic\ultrasonic_ps\ultrasonic_ps.sdk\design_1_wrapper_hw_platform_0" -c -fmessage-length=0 -MT"src/md5.o" -I../../fsbl_zynq1_bsp/ps7_cortexa9_0/include -MMD -MP -MF"src/md5.d" -MT"src/md5.d" -o "src/md5.o" "../src/md5.c"
'Finished building: ../src/md5.c'
' '
'Building file: ../src/nand.c'
'Invoking: ARM gcc compiler'
arm-xilinx-eabi-gcc -Wall -O0 -g3 -I"C:\Users\bjut\Desktop\ultrasonic\ultrasonic_ps\ultrasonic_ps.sdk\design_1_wrapper_hw_platform_0" -c -fmessage-length=0 -MT"src/nand.o" -I../../fsbl_zynq1_bsp/ps7_cortexa9_0/include -MMD -MP -MF"src/nand.d" -MT"src/nand.d" -o "src/nand.o" "../src/nand.c"
'Finished building: ../src/nand.c'
' '
'Building file: ../src/nor.c'
'Invoking: ARM gcc compiler'
arm-xilinx-eabi-gcc -Wall -O0 -g3 -I"C:\Users\bjut\Desktop\ultrasonic\ultrasonic_ps\ultrasonic_ps.sdk\design_1_wrapper_hw_platform_0" -c -fmessage-length=0 -MT"src/nor.o" -I../../fsbl_zynq1_bsp/ps7_cortexa9_0/include -MMD -MP -MF"src/nor.d" -MT"src/nor.d" -o "src/nor.o" "../src/nor.c"
'Finished building: ../src/nor.c'
' '
'Building file: ../src/pcap.c'
'Invoking: ARM gcc compiler'
arm-xilinx-eabi-gcc -Wall -O0 -g3 -I"C:\Users\bjut\Desktop\ultrasonic\ultrasonic_ps\ultrasonic_ps.sdk\design_1_wrapper_hw_platform_0" -c -fmessage-length=0 -MT"src/pcap.o" -I../../fsbl_zynq1_bsp/ps7_cortexa9_0/include -MMD -MP -MF"src/pcap.d" -MT"src/pcap.d" -o "src/pcap.o" "../src/pcap.c"
'Finished building: ../src/pcap.c'
' '
'Building file: C:/Users/bjut/Desktop/ultrasonic/ultrasonic_ps/ultrasonic_ps.sdk/design_1_wrapper_hw_platform_0/ps7_init.c'
'Invoking: ARM gcc compiler'
arm-xilinx-eabi-gcc -Wall -O0 -g3 -I"C:\Users\bjut\Desktop\ultrasonic\ultrasonic_ps\ultrasonic_ps.sdk\design_1_wrapper_hw_platform_0" -c -fmessage-length=0 -MT"src/ps7_init.o" -I../../fsbl_zynq1_bsp/ps7_cortexa9_0/include -MMD -MP -MF"src/ps7_init.d" -MT"src/ps7_init.d" -o "src/ps7_init.o" "C:/Users/bjut/Desktop/ultrasonic/ultrasonic_ps/ultrasonic_ps.sdk/design_1_wrapper_hw_platform_0/ps7_init.c"
'Finished building: C:/Users/bjut/Desktop/ultrasonic/ultrasonic_ps/ultrasonic_ps.sdk/design_1_wrapper_hw_platform_0/ps7_init.c'
' '
'Building file: ../src/qspi.c'
'Invoking: ARM gcc compiler'
arm-xilinx-eabi-gcc -Wall -O0 -g3 -I"C:\Users\bjut\Desktop\ultrasonic\ultrasonic_ps\ultrasonic_ps.sdk\design_1_wrapper_hw_platform_0" -c -fmessage-length=0 -MT"src/qspi.o" -I../../fsbl_zynq1_bsp/ps7_cortexa9_0/include -MMD -MP -MF"src/qspi.d" -MT"src/qspi.d" -o "src/qspi.o" "../src/qspi.c"
'Finished building: ../src/qspi.c'
' '
'Building file: ../src/rsa.c'
'Invoking: ARM gcc compiler'
arm-xilinx-eabi-gcc -Wall -O0 -g3 -I"C:\Users\bjut\Desktop\ultrasonic\ultrasonic_ps\ultrasonic_ps.sdk\design_1_wrapper_hw_platform_0" -c -fmessage-length=0 -MT"src/rsa.o" -I../../fsbl_zynq1_bsp/ps7_cortexa9_0/include -MMD -MP -MF"src/rsa.d" -MT"src/rsa.d" -o "src/rsa.o" "../src/rsa.c"
'Finished building: ../src/rsa.c'
' '
'Building file: ../src/sd.c'
'Invoking: ARM gcc compiler'
arm-xilinx-eabi-gcc -Wall -O0 -g3 -I"C:\Users\bjut\Desktop\ultrasonic\ultrasonic_ps\ultrasonic_ps.sdk\design_1_wrapper_hw_platform_0" -c -fmessage-length=0 -MT"src/sd.o" -I../../fsbl_zynq1_bsp/ps7_cortexa9_0/include -MMD -MP -MF"src/sd.d" -MT"src/sd.d" -o "src/sd.o" "../src/sd.c"
'Finished building: ../src/sd.c'
' '
'Building target: fsbl_zynq1.elf'
'Invoking: ARM gcc linker'
arm-xilinx-eabi-gcc -L"C:\Users\bjut\Desktop\ultrasonic\ultrasonic_ps\ultrasonic_ps.sdk\fsbl_zynq1\src" -Wl,-T -Wl,../src/lscript.ld -L../../fsbl_zynq1_bsp/ps7_cortexa9_0/lib -o "fsbl_zynq1.elf"  ./src/fsbl_handoff.o ./src/fsbl_hooks.o ./src/image_mover.o ./src/main.o ./src/md5.o ./src/nand.o ./src/nor.o ./src/pcap.o ./src/ps7_init.o ./src/qspi.o ./src/rsa.o ./src/sd.o   -lrsa -Wl,--start-group,-lxil,-lgcc,-lc,--end-group -Wl,--start-group,-lxilffs,-lxil,-lgcc,-lc,--end-group -Wl,--start-group,-lrsa,-lxil,-lgcc,-lc,--end-group
'Finished building target: fsbl_zynq1.elf'
' '
'Invoking: ARM Print Size'
arm-xilinx-eabi-size fsbl_zynq1.elf  |tee "fsbl_zynq1.elf.size"
   text	   data	    bss	    dec	    hex	filename
  74380	  12292	  73380	 160052	  27134	fsbl_zynq1.elf
'Finished building: fsbl_zynq1.elf.size'
' '
09:37:42 **** Auto Build of configuration Debug for project ultrasonic_pwm ****
make all 
make: Nothing to be done for `all'.
09:53:11 **** Incremental Build of configuration Debug for project ultrasonic_pwm ****
make all 
make: Nothing to be done for `all'.
09:53:17 **** Incremental Build of configuration Debug for project ultrasonic_pwm ****
make all 
make: Nothing to be done for `all'.
10:08:10 **** Auto Build of configuration Debug for project ultrasonic_pwm ****
make all 
'Building file: ../src/main.c'
'Invoking: ARM gcc compiler'
arm-xilinx-eabi-gcc -Wall -O0 -g3 -c -fmessage-length=0 -MT"src/main.o" -I../../ultrasonic_pwm_bsp/ps7_cortexa9_0/include -MMD -MP -MF"src/main.d" -MT"src/main.d" -o "src/main.o" "../src/main.c"
../src/main.c: In function 'main':
../src/main.c:37:5: warning: variable 'move' set but not used [-Wunused-but-set-variable]
 int move = 0;
     ^
../src/main.c:36:5: warning: variable 'lastCmd' set but not used [-Wunused-but-set-variable]
 u16 lastCmd = 0;
     ^
'Finished building: ../src/main.c'
' '
'Building target: ultrasonic_pwm.elf'
'Invoking: ARM gcc linker'
arm-xilinx-eabi-gcc -Wl,-T -Wl,../src/lscript.ld -L../../ultrasonic_pwm_bsp/ps7_cortexa9_0/lib -o "ultrasonic_pwm.elf"  ./src/helloworld.o ./src/main.o ./src/platform.o ./src/pwm.o ./src/ult.o   -Wl,--start-group,-lxil,-lgcc,-lc,--end-group
'Finished building target: ultrasonic_pwm.elf'
' '
'Invoking: ARM Print Size'
arm-xilinx-eabi-size ultrasonic_pwm.elf  |tee "ultrasonic_pwm.elf.size"
   text	   data	    bss	    dec	    hex	filename
  63364	   2320	  22652	  88336	  15910	ultrasonic_pwm.elf
'Finished building: ultrasonic_pwm.elf.size'
' '
10:08:47 **** Incremental Build of configuration Debug for project ultrasonic_pwm ****
make all 
make: Nothing to be done for `all'.
10:10:02 **** Auto Build of configuration Debug for project ultrasonic_pwm ****
make all 
'Building file: ../src/main.c'
'Invoking: ARM gcc compiler'
arm-xilinx-eabi-gcc -Wall -O0 -g3 -c -fmessage-length=0 -MT"src/main.o" -I../../ultrasonic_pwm_bsp/ps7_cortexa9_0/include -MMD -MP -MF"src/main.d" -MT"src/main.d" -o "src/main.o" "../src/main.c"
../src/main.c: In function 'main':
../src/main.c:37:5: warning: variable 'move' set but not used [-Wunused-but-set-variable]
 int move = 0;
     ^
../src/main.c:36:5: warning: variable 'lastCmd' set but not used [-Wunused-but-set-variable]
 u16 lastCmd = 0;
     ^
'Finished building: ../src/main.c'
' '
'Building target: ultrasonic_pwm.elf'
'Invoking: ARM gcc linker'
arm-xilinx-eabi-gcc -Wl,-T -Wl,../src/lscript.ld -L../../ultrasonic_pwm_bsp/ps7_cortexa9_0/lib -o "ultrasonic_pwm.elf"  ./src/helloworld.o ./src/main.o ./src/platform.o ./src/pwm.o ./src/ult.o   -Wl,--start-group,-lxil,-lgcc,-lc,--end-group
'Finished building target: ultrasonic_pwm.elf'
' '
'Invoking: ARM Print Size'
arm-xilinx-eabi-size ultrasonic_pwm.elf  |tee "ultrasonic_pwm.elf.size"
   text	   data	    bss	    dec	    hex	filename
  63364	   2320	  22652	  88336	  15910	ultrasonic_pwm.elf
'Finished building: ultrasonic_pwm.elf.size'
' '
10:10:15 **** Incremental Build of configuration Debug for project ultrasonic_pwm ****
make all 
make: Nothing to be done for `all'.
10:10:37 **** Incremental Build of configuration Debug for project ultrasonic_pwm ****
make all 
make: Nothing to be done for `all'.
10:11:59 **** Auto Build of configuration Debug for project ultrasonic_pwm ****
make all 
'Building file: ../src/main.c'
'Invoking: ARM gcc compiler'
arm-xilinx-eabi-gcc -Wall -O0 -g3 -c -fmessage-length=0 -MT"src/main.o" -I../../ultrasonic_pwm_bsp/ps7_cortexa9_0/include -MMD -MP -MF"src/main.d" -MT"src/main.d" -o "src/main.o" "../src/main.c"
../src/main.c: In function 'main':
../src/main.c:37:5: warning: variable 'move' set but not used [-Wunused-but-set-variable]
 int move = 0;
     ^
../src/main.c:36:5: warning: variable 'lastCmd' set but not used [-Wunused-but-set-variable]
 u16 lastCmd = 0;
     ^
'Finished building: ../src/main.c'
' '
'Building target: ultrasonic_pwm.elf'
'Invoking: ARM gcc linker'
arm-xilinx-eabi-gcc -Wl,-T -Wl,../src/lscript.ld -L../../ultrasonic_pwm_bsp/ps7_cortexa9_0/lib -o "ultrasonic_pwm.elf"  ./src/helloworld.o ./src/main.o ./src/platform.o ./src/pwm.o ./src/ult.o   -Wl,--start-group,-lxil,-lgcc,-lc,--end-group
'Finished building target: ultrasonic_pwm.elf'
' '
'Invoking: ARM Print Size'
arm-xilinx-eabi-size ultrasonic_pwm.elf  |tee "ultrasonic_pwm.elf.size"
   text	   data	    bss	    dec	    hex	filename
  63364	   2320	  22652	  88336	  15910	ultrasonic_pwm.elf
'Finished building: ultrasonic_pwm.elf.size'
' '
10:18:03 **** Incremental Build of configuration Debug for project ultrasonic_pwm ****
make all 
make: Nothing to be done for `all'.
10:20:02 **** Auto Build of configuration Debug for project ultrasonic_pwm ****
make all 
'Building file: ../src/main.c'
'Invoking: ARM gcc compiler'
arm-xilinx-eabi-gcc -Wall -O0 -g3 -c -fmessage-length=0 -MT"src/main.o" -I../../ultrasonic_pwm_bsp/ps7_cortexa9_0/include -MMD -MP -MF"src/main.d" -MT"src/main.d" -o "src/main.o" "../src/main.c"
../src/main.c: In function 'main':
../src/main.c:37:5: warning: variable 'move' set but not used [-Wunused-but-set-variable]
 int move = 0;
     ^
../src/main.c:36:5: warning: variable 'lastCmd' set but not used [-Wunused-but-set-variable]
 u16 lastCmd = 0;
     ^
'Finished building: ../src/main.c'
' '
'Building target: ultrasonic_pwm.elf'
'Invoking: ARM gcc linker'
arm-xilinx-eabi-gcc -Wl,-T -Wl,../src/lscript.ld -L../../ultrasonic_pwm_bsp/ps7_cortexa9_0/lib -o "ultrasonic_pwm.elf"  ./src/helloworld.o ./src/main.o ./src/platform.o ./src/pwm.o ./src/ult.o   -Wl,--start-group,-lxil,-lgcc,-lc,--end-group
'Finished building target: ultrasonic_pwm.elf'
' '
'Invoking: ARM Print Size'
arm-xilinx-eabi-size ultrasonic_pwm.elf  |tee "ultrasonic_pwm.elf.size"
   text	   data	    bss	    dec	    hex	filename
  63364	   2320	  22652	  88336	  15910	ultrasonic_pwm.elf
'Finished building: ultrasonic_pwm.elf.size'
' '
10:21:48 **** Incremental Build of configuration Debug for project ultrasonic_pwm ****
make all 
make: Nothing to be done for `all'.
10:24:03 **** Auto Build of configuration Debug for project ultrasonic_pwm ****
make all 
'Building file: ../src/main.c'
'Invoking: ARM gcc compiler'
arm-xilinx-eabi-gcc -Wall -O0 -g3 -c -fmessage-length=0 -MT"src/main.o" -I../../ultrasonic_pwm_bsp/ps7_cortexa9_0/include -MMD -MP -MF"src/main.d" -MT"src/main.d" -o "src/main.o" "../src/main.c"
../src/main.c: In function 'main':
../src/main.c:37:5: warning: variable 'move' set but not used [-Wunused-but-set-variable]
 int move = 0;
     ^
../src/main.c:36:5: warning: variable 'lastCmd' set but not used [-Wunused-but-set-variable]
 u16 lastCmd = 0;
     ^
'Finished building: ../src/main.c'
' '
'Building target: ultrasonic_pwm.elf'
'Invoking: ARM gcc linker'
arm-xilinx-eabi-gcc -Wl,-T -Wl,../src/lscript.ld -L../../ultrasonic_pwm_bsp/ps7_cortexa9_0/lib -o "ultrasonic_pwm.elf"  ./src/helloworld.o ./src/main.o ./src/platform.o ./src/pwm.o ./src/ult.o   -Wl,--start-group,-lxil,-lgcc,-lc,--end-group
'Finished building target: ultrasonic_pwm.elf'
' '
'Invoking: ARM Print Size'
arm-xilinx-eabi-size ultrasonic_pwm.elf  |tee "ultrasonic_pwm.elf.size"
   text	   data	    bss	    dec	    hex	filename
  63364	   2320	  22652	  88336	  15910	ultrasonic_pwm.elf
'Finished building: ultrasonic_pwm.elf.size'
' '
10:24:23 **** Incremental Build of configuration Debug for project ultrasonic_pwm ****
make all 
make: Nothing to be done for `all'.
10:26:13 **** Build of project fsbl_zynq2_bsp ****
make -k all 
"Running Make include in ps7_cortexa9_0/libsrc/coresightps_dcc_v1_0/src"
make -C ps7_cortexa9_0/libsrc/coresightps_dcc_v1_0/src -s include  "SHELL=CMD" "COMPILER=arm-xilinx-eabi-gcc" "ARCHIVER=arm-xilinx-eabi-ar" "COMPILER_FLAGS=  -O2 -c" "EXTRA_COMPILER_FLAGS=-g"
[...]
'Finished building: fsbl_zynq12.elf.size'
' '
14:07:00 **** Auto Build of configuration Debug for project ultrasonic_pwm ****
make all 
make: Nothing to be done for `all'.
14:18:24 **** Incremental Build of configuration Debug for project ultrasonic_pwm ****
make all 
make: Nothing to be done for `all'.
14:27:21 **** Auto Build of configuration Debug for project ultrasonic_pwm ****
make all 
'Building file: ../src/main.c'
'Invoking: ARM gcc compiler'
arm-xilinx-eabi-gcc -Wall -O0 -g3 -c -fmessage-length=0 -MT"src/main.o" -I../../ultrasonic_pwm_bsp/ps7_cortexa9_0/include -MMD -MP -MF"src/main.d" -MT"src/main.d" -o "src/main.o" "../src/main.c"
../src/main.c: In function 'main':
../src/main.c:53:7: warning: variable 'pre_ult_data' set but not used [-Wunused-but-set-variable]
 float pre_ult_data = 0;
       ^
../src/main.c:37:5: warning: variable 'move' set but not used [-Wunused-but-set-variable]
 int move = 0;
     ^
../src/main.c:36:5: warning: variable 'lastCmd' set but not used [-Wunused-but-set-variable]
 u16 lastCmd = 0;
     ^
'Finished building: ../src/main.c'
' '
'Building target: ultrasonic_pwm.elf'
'Invoking: ARM gcc linker'
arm-xilinx-eabi-gcc -Wl,-T -Wl,../src/lscript.ld -L../../ultrasonic_pwm_bsp/ps7_cortexa9_0/lib -o "ultrasonic_pwm.elf"  ./src/helloworld.o ./src/main.o ./src/platform.o ./src/pwm.o ./src/ult.o   -Wl,--start-group,-lxil,-lgcc,-lc,--end-group
'Finished building target: ultrasonic_pwm.elf'
' '
'Invoking: ARM Print Size'
arm-xilinx-eabi-size ultrasonic_pwm.elf  |tee "ultrasonic_pwm.elf.size"
   text	   data	    bss	    dec	    hex	filename
  63364	   2320	  22652	  88336	  15910	ultrasonic_pwm.elf
'Finished building: ultrasonic_pwm.elf.size'
' '
14:27:45 **** Incremental Build of configuration Debug for project ultrasonic_pwm ****
make all 
make: Nothing to be done for `all'.
14:28:31 **** Auto Build of configuration Debug for project ultrasonic_pwm ****
make all 
'Building file: ../src/main.c'
'Invoking: ARM gcc compiler'
arm-xilinx-eabi-gcc -Wall -O0 -g3 -c -fmessage-length=0 -MT"src/main.o" -I../../ultrasonic_pwm_bsp/ps7_cortexa9_0/include -MMD -MP -MF"src/main.d" -MT"src/main.d" -o "src/main.o" "../src/main.c"
../src/main.c: In function 'main':
../src/main.c:53:7: warning: variable 'pre_ult_data' set but not used [-Wunused-but-set-variable]
 float pre_ult_data = 0;
       ^
../src/main.c:37:5: warning: variable 'move' set but not used [-Wunused-but-set-variable]
 int move = 0;
     ^
../src/main.c:36:5: warning: variable 'lastCmd' set but not used [-Wunused-but-set-variable]
 u16 lastCmd = 0;
     ^
'Finished building: ../src/main.c'
' '
'Building target: ultrasonic_pwm.elf'
'Invoking: ARM gcc linker'
arm-xilinx-eabi-gcc -Wl,-T -Wl,../src/lscript.ld -L../../ultrasonic_pwm_bsp/ps7_cortexa9_0/lib -o "ultrasonic_pwm.elf"  ./src/helloworld.o ./src/main.o ./src/platform.o ./src/pwm.o ./src/ult.o   -Wl,--start-group,-lxil,-lgcc,-lc,--end-group
'Finished building target: ultrasonic_pwm.elf'
' '
'Invoking: ARM Print Size'
arm-xilinx-eabi-size ultrasonic_pwm.elf  |tee "ultrasonic_pwm.elf.size"
   text	   data	    bss	    dec	    hex	filename
  63364	   2320	  22652	  88336	  15910	ultrasonic_pwm.elf
'Finished building: ultrasonic_pwm.elf.size'
' '
14:28:54 **** Incremental Build of configuration Debug for project ultrasonic_pwm ****
make all 
make: Nothing to be done for `all'.
14:29:04 **** Incremental Build of configuration Debug for project ultrasonic_pwm ****
make all 
make: Nothing to be done for `all'.
14:30:31 **** Auto Build of configuration Debug for project ultrasonic_pwm ****
make all 
'Building file: ../src/main.c'
'Invoking: ARM gcc compiler'
arm-xilinx-eabi-gcc -Wall -O0 -g3 -c -fmessage-length=0 -MT"src/main.o" -I../../ultrasonic_pwm_bsp/ps7_cortexa9_0/include -MMD -MP -MF"src/main.d" -MT"src/main.d" -o "src/main.o" "../src/main.c"
../src/main.c: In function 'main':
../src/main.c:53:7: warning: variable 'pre_ult_data' set but not used [-Wunused-but-set-variable]
 float pre_ult_data = 0;
       ^
../src/main.c:37:5: warning: variable 'move' set but not used [-Wunused-but-set-variable]
 int move = 0;
     ^
../src/main.c:36:5: warning: variable 'lastCmd' set but not used [-Wunused-but-set-variable]
 u16 lastCmd = 0;
     ^
'Finished building: ../src/main.c'
' '
'Building target: ultrasonic_pwm.elf'
'Invoking: ARM gcc linker'
arm-xilinx-eabi-gcc -Wl,-T -Wl,../src/lscript.ld -L../../ultrasonic_pwm_bsp/ps7_cortexa9_0/lib -o "ultrasonic_pwm.elf"  ./src/helloworld.o ./src/main.o ./src/platform.o ./src/pwm.o ./src/ult.o   -Wl,--start-group,-lxil,-lgcc,-lc,--end-group
'Finished building target: ultrasonic_pwm.elf'
' '
'Invoking: ARM Print Size'
arm-xilinx-eabi-size ultrasonic_pwm.elf  |tee "ultrasonic_pwm.elf.size"
   text	   data	    bss	    dec	    hex	filename
  63364	   2320	  22652	  88336	  15910	ultrasonic_pwm.elf
'Finished building: ultrasonic_pwm.elf.size'
' '
14:31:17 **** Build of project fsbl_zynq13_bsp ****
make -k all 
"Running Make include in ps7_cortexa9_0/libsrc/coresightps_dcc_v1_0/src"
make -C ps7_cortexa9_0/libsrc/coresightps_dcc_v1_0/src -s include  "SHELL=CMD" "COMPILER=arm-xilinx-eabi-gcc" "ARCHIVER=arm-xilinx-eabi-ar" "COMPILER_FLAGS=  -O2 -c" "EXTRA_COMPILER_FLAGS=-g"
"Running Make include in ps7_cortexa9_0/libsrc/cpu_cortexa9_v2_1/src"
make -C ps7_cortexa9_0/libsrc/cpu_cortexa9_v2_1/src -s include  "SHELL=CMD" "COMPILER=arm-xilinx-eabi-gcc" "ARCHIVER=arm-xilinx-eabi-ar" "COMPILER_FLAGS=  -O2 -c" "EXTRA_COMPILER_FLAGS=-g"
"Running Make include in ps7_cortexa9_0/libsrc/devcfg_v3_3/src"
make -C ps7_cortexa9_0/libsrc/devcfg_v3_3/src -s include  "SHELL=CMD" "COMPILER=arm-xilinx-eabi-gcc" "ARCHIVER=arm-xilinx-eabi-ar" "COMPILER_FLAGS=  -O2 -c" "EXTRA_COMPILER_FLAGS=-g"
"Running Make include in ps7_cortexa9_0/libsrc/dmaps_v2_1/src"
make -C ps7_cortexa9_0/libsrc/dmaps_v2_1/src -s include  "SHELL=CMD" "COMPILER=arm-xilinx-eabi-gcc" "ARCHIVER=arm-xilinx-eabi-ar" "COMPILER_FLAGS=  -O2 -c" "EXTRA_COMPILER_FLAGS=-g"
"Running Make include in ps7_cortexa9_0/libsrc/emacps_v3_0/src"
make -C ps7_cortexa9_0/libsrc/emacps_v3_0/src -s include  "SHELL=CMD" "COMPILER=arm-xilinx-eabi-gcc" "ARCHIVER=arm-xilinx-eabi-ar" "COMPILER_FLAGS=  -O2 -c" "EXTRA_COMPILER_FLAGS=-g"
"Running Make include in ps7_cortexa9_0/libsrc/gpiops_v3_0/src"
make -C ps7_cortexa9_0/libsrc/gpiops_v3_0/src -s include  "SHELL=CMD" "COMPILER=arm-xilinx-eabi-gcc" "ARCHIVER=arm-xilinx-eabi-ar" "COMPILER_FLAGS=  -O2 -c" "EXTRA_COMPILER_FLAGS=-g"
"Running Make include in ps7_cortexa9_0/libsrc/qspips_v3_2/src"
make -C ps7_cortexa9_0/libsrc/qspips_v3_2/src -s include  "SHELL=CMD" "COMPILER=arm-xilinx-eabi-gcc" "ARCHIVER=arm-xilinx-eabi-ar" "COMPILER_FLAGS=  -O2 -c" "EXTRA_COMPILER_FLAGS=-g"
"Running Make include in ps7_cortexa9_0/libsrc/scugic_v3_0/src"
make -C ps7_cortexa9_0/libsrc/scugic_v3_0/src -s include  "SHELL=CMD" "COMPILER=arm-xilinx-eabi-gcc" "ARCHIVER=arm-xilinx-eabi-ar" "COMPILER_FLAGS=  -O2 -c" "EXTRA_COMPILER_FLAGS=-g"
"Running Make include in ps7_cortexa9_0/libsrc/scutimer_v2_1/src"
make -C ps7_cortexa9_0/libsrc/scutimer_v2_1/src -s include  "SHELL=CMD" "COMPILER=arm-xilinx-eabi-gcc" "ARCHIVER=arm-xilinx-eabi-ar" "COMPILER_FLAGS=  -O2 -c" "EXTRA_COMPILER_FLAGS=-g"
"Running Make include in ps7_cortexa9_0/libsrc/scuwdt_v2_1/src"
make -C ps7_cortexa9_0/libsrc/scuwdt_v2_1/src -s include  "SHELL=CMD" "COMPILER=arm-xilinx-eabi-gcc" "ARCHIVER=arm-xilinx-eabi-ar" "COMPILER_FLAGS=  -O2 -c" "EXTRA_COMPILER_FLAGS=-g"
"Running Make include in ps7_cortexa9_0/libsrc/sdps_v2_4/src"
make -C ps7_cortexa9_0/libsrc/sdps_v2_4/src -s include  "SHELL=CMD" "COMPILER=arm-xilinx-eabi-gcc" "ARCHIVER=arm-xilinx-eabi-ar" "COMPILER_FLAGS=  -O2 -c" "EXTRA_COMPILER_FLAGS=-g"
"Running Make include in ps7_cortexa9_0/libsrc/standalone_v5_1/src"
make -C ps7_cortexa9_0/libsrc/standalone_v5_1/src -s include  "SHELL=CMD" "COMPILER=arm-xilinx-eabi-gcc" "ARCHIVER=arm-xilinx-eabi-ar" "COMPILER_FLAGS=  -O2 -c" "EXTRA_COMPILER_FLAGS=-g"
"Running Make include in ps7_cortexa9_0/libsrc/uartps_v3_0/src"
make -C ps7_cortexa9_0/libsrc/uartps_v3_0/src -s include  "SHELL=CMD" "COMPILER=arm-xilinx-eabi-gcc" "ARCHIVER=arm-xilinx-eabi-ar" "COMPILER_FLAGS=  -O2 -c" "EXTRA_COMPILER_FLAGS=-g"
"Running Make include in ps7_cortexa9_0/libsrc/usbps_v2_2/src"
make -C ps7_cortexa9_0/libsrc/usbps_v2_2/src -s include  "SHELL=CMD" "COMPILER=arm-xilinx-eabi-gcc" "ARCHIVER=arm-xilinx-eabi-ar" "COMPILER_FLAGS=  -O2 -c" "EXTRA_COMPILER_FLAGS=-g"
"Running Make include in ps7_cortexa9_0/libsrc/xadcps_v2_2/src"
make -C ps7_cortexa9_0/libsrc/xadcps_v2_2/src -s include  "SHELL=CMD" "COMPILER=arm-xilinx-eabi-gcc" "ARCHIVER=arm-xilinx-eabi-ar" "COMPILER_FLAGS=  -O2 -c" "EXTRA_COMPILER_FLAGS=-g"
"Running Make include in ps7_cortexa9_0/libsrc/xilffs_v3_0/src"
make -C ps7_cortexa9_0/libsrc/xilffs_v3_0/src -s include  "SHELL=CMD" "COMPILER=arm-xilinx-eabi-gcc" "ARCHIVER=arm-xilinx-eabi-ar" "COMPILER_FLAGS=  -O2 -c" "EXTRA_COMPILER_FLAGS=-g"
"Running Make include in ps7_cortexa9_0/libsrc/xilrsa_v1_1/src"
make -C ps7_cortexa9_0/libsrc/xilrsa_v1_1/src -s include  "SHELL=CMD" "COMPILER=arm-xilinx-eabi-gcc" "ARCHIVER=arm-xilinx-eabi-ar" "COMPILER_FLAGS=  -O2 -c" "EXTRA_COMPILER_FLAGS=-g"
"Running Make libs in ps7_cortexa9_0/libsrc/coresightps_dcc_v1_0/src"
make -C ps7_cortexa9_0/libsrc/coresightps_dcc_v1_0/src -s libs  "SHELL=CMD" "COMPILER=arm-xilinx-eabi-gcc" "ARCHIVER=arm-xilinx-eabi-ar" "COMPILER_FLAGS=  -O2 -c" "EXTRA_COMPILER_FLAGS=-g"
"Compiling coresightps_dcc"
arm-xilinx-eabi-ar: creating ../../../lib/libxil.a
"Running Make libs in ps7_cortexa9_0/libsrc/cpu_cortexa9_v2_1/src"
make -C ps7_cortexa9_0/libsrc/cpu_cortexa9_v2_1/src -s libs  "SHELL=CMD" "COMPILER=arm-xilinx-eabi-gcc" "ARCHIVER=arm-xilinx-eabi-ar" "COMPILER_FLAGS=  -O2 -c" "EXTRA_COMPILER_FLAGS=-g"
"Compiling cpu_cortexa9"
"Running Make libs in ps7_cortexa9_0/libsrc/devcfg_v3_3/src"
make -C ps7_cortexa9_0/libsrc/devcfg_v3_3/src -s libs  "SHELL=CMD" "COMPILER=arm-xilinx-eabi-gcc" "ARCHIVER=arm-xilinx-eabi-ar" "COMPILER_FLAGS=  -O2 -c" "EXTRA_COMPILER_FLAGS=-g"
"Compiling devcfg"
"Running Make libs in ps7_cortexa9_0/libsrc/dmaps_v2_1/src"
make -C ps7_cortexa9_0/libsrc/dmaps_v2_1/src -s libs  "SHELL=CMD" "COMPILER=arm-xilinx-eabi-gcc" "ARCHIVER=arm-xilinx-eabi-ar" "COMPILER_FLAGS=  -O2 -c" "EXTRA_COMPILER_FLAGS=-g"
"Compiling dmaps"
"Running Make libs in ps7_cortexa9_0/libsrc/emacps_v3_0/src"
make -C ps7_cortexa9_0/libsrc/emacps_v3_0/src -s libs  "SHELL=CMD" "COMPILER=arm-xilinx-eabi-gcc" "ARCHIVER=arm-xilinx-eabi-ar" "COMPILER_FLAGS=  -O2 -c" "EXTRA_COMPILER_FLAGS=-g"
"Compiling emacps"
"Running Make libs in ps7_cortexa9_0/libsrc/gpiops_v3_0/src"
make -C ps7_cortexa9_0/libsrc/gpiops_v3_0/src -s libs  "SHELL=CMD" "COMPILER=arm-xilinx-eabi-gcc" "ARCHIVER=arm-xilinx-eabi-ar" "COMPILER_FLAGS=  -O2 -c" "EXTRA_COMPILER_FLAGS=-g"
"Compiling gpiops"
"Running Make libs in ps7_cortexa9_0/libsrc/qspips_v3_2/src"
make -C ps7_cortexa9_0/libsrc/qspips_v3_2/src -s libs  "SHELL=CMD" "COMPILER=arm-xilinx-eabi-gcc" "ARCHIVER=arm-xilinx-eabi-ar" "COMPILER_FLAGS=  -O2 -c" "EXTRA_COMPILER_FLAGS=-g"
"Compiling qspips"
"Running Make libs in ps7_cortexa9_0/libsrc/scugic_v3_0/src"
make -C ps7_cortexa9_0/libsrc/scugic_v3_0/src -s libs  "SHELL=CMD" "COMPILER=arm-xilinx-eabi-gcc" "ARCHIVER=arm-xilinx-eabi-ar" "COMPILER_FLAGS=  -O2 -c" "EXTRA_COMPILER_FLAGS=-g"
"Compiling scugic"
"Running Make libs in ps7_cortexa9_0/libsrc/scutimer_v2_1/src"
make -C ps7_cortexa9_0/libsrc/scutimer_v2_1/src -s libs  "SHELL=CMD" "COMPILER=arm-xilinx-eabi-gcc" "ARCHIVER=arm-xilinx-eabi-ar" "COMPILER_FLAGS=  -O2 -c" "EXTRA_COMPILER_FLAGS=-g"
"Compiling scutimer"
"Running Make libs in ps7_cortexa9_0/libsrc/scuwdt_v2_1/src"
make -C ps7_cortexa9_0/libsrc/scuwdt_v2_1/src -s libs  "SHELL=CMD" "COMPILER=arm-xilinx-eabi-gcc" "ARCHIVER=arm-xilinx-eabi-ar" "COMPILER_FLAGS=  -O2 -c" "EXTRA_COMPILER_FLAGS=-g"
"Compiling scuwdt"
"Running Make libs in ps7_cortexa9_0/libsrc/sdps_v2_4/src"
make -C ps7_cortexa9_0/libsrc/sdps_v2_4/src -s libs  "SHELL=CMD" "COMPILER=arm-xilinx-eabi-gcc" "ARCHIVER=arm-xilinx-eabi-ar" "COMPILER_FLAGS=  -O2 -c" "EXTRA_COMPILER_FLAGS=-g"
"Compiling sdps"
"Running Make libs in ps7_cortexa9_0/libsrc/standalone_v5_1/src"
make -C ps7_cortexa9_0/libsrc/standalone_v5_1/src -s libs  "SHELL=CMD" "COMPILER=arm-xilinx-eabi-gcc" "ARCHIVER=arm-xilinx-eabi-ar" "COMPILER_FLAGS=  -O2 -c" "EXTRA_COMPILER_FLAGS=-g"
"Compiling standalone"
"Running Make libs in ps7_cortexa9_0/libsrc/uartps_v3_0/src"
make -C ps7_cortexa9_0/libsrc/uartps_v3_0/src -s libs  "SHELL=CMD" "COMPILER=arm-xilinx-eabi-gcc" "ARCHIVER=arm-xilinx-eabi-ar" "COMPILER_FLAGS=  -O2 -c" "EXTRA_COMPILER_FLAGS=-g"
"Compiling uartps"
"Running Make libs in ps7_cortexa9_0/libsrc/usbps_v2_2/src"
make -C ps7_cortexa9_0/libsrc/usbps_v2_2/src -s libs  "SHELL=CMD" "COMPILER=arm-xilinx-eabi-gcc" "ARCHIVER=arm-xilinx-eabi-ar" "COMPILER_FLAGS=  -O2 -c" "EXTRA_COMPILER_FLAGS=-g"
"Compiling usbps"
"Running Make libs in ps7_cortexa9_0/libsrc/xadcps_v2_2/src"
make -C ps7_cortexa9_0/libsrc/xadcps_v2_2/src -s libs  "SHELL=CMD" "COMPILER=arm-xilinx-eabi-gcc" "ARCHIVER=arm-xilinx-eabi-ar" "COMPILER_FLAGS=  -O2 -c" "EXTRA_COMPILER_FLAGS=-g"
"Compiling xadcps"
"Running Make libs in ps7_cortexa9_0/libsrc/xilffs_v3_0/src"
make -C ps7_cortexa9_0/libsrc/xilffs_v3_0/src -s libs  "SHELL=CMD" "COMPILER=arm-xilinx-eabi-gcc" "ARCHIVER=arm-xilinx-eabi-ar" "COMPILER_FLAGS=  -O2 -c" "EXTRA_COMPILER_FLAGS=-g"
"Compiling XilFFs Library"
"Creating archive libxilffs.a"
"Running Make libs in ps7_cortexa9_0/libsrc/xilrsa_v1_1/src"
make -C ps7_cortexa9_0/libsrc/xilrsa_v1_1/src -s libs  "SHELL=CMD" "COMPILER=arm-xilinx-eabi-gcc" "ARCHIVER=arm-xilinx-eabi-ar" "COMPILER_FLAGS=  -O2 -c" "EXTRA_COMPILER_FLAGS=-g"
'Finished building libraries'
14:31:36 **** Build of configuration Debug for project fsbl_zynq13 ****
make all 
'Building file: ../src/fsbl_handoff.S'
'Invoking: ARM gcc compiler'
arm-xilinx-eabi-gcc -Wall -O0 -g3 -I"C:\Users\bjut\Desktop\ultrasonic\ultrasonic_ps\ultrasonic_ps.sdk\design_1_wrapper_hw_platform_0" -c -fmessage-length=0 -MT"src/fsbl_handoff.o" -I../../fsbl_zynq13_bsp/ps7_cortexa9_0/include -MMD -MP -MF"src/fsbl_handoff.d" -MT"src/fsbl_handoff.d" -o "src/fsbl_handoff.o" "../src/fsbl_handoff.S"
'Finished building: ../src/fsbl_handoff.S'
' '
'Building file: ../src/fsbl_hooks.c'
'Invoking: ARM gcc compiler'
arm-xilinx-eabi-gcc -Wall -O0 -g3 -I"C:\Users\bjut\Desktop\ultrasonic\ultrasonic_ps\ultrasonic_ps.sdk\design_1_wrapper_hw_platform_0" -c -fmessage-length=0 -MT"src/fsbl_hooks.o" -I../../fsbl_zynq13_bsp/ps7_cortexa9_0/include -MMD -MP -MF"src/fsbl_hooks.d" -MT"src/fsbl_hooks.d" -o "src/fsbl_hooks.o" "../src/fsbl_hooks.c"
'Finished building: ../src/fsbl_hooks.c'
' '
'Building file: ../src/image_mover.c'
'Invoking: ARM gcc compiler'
arm-xilinx-eabi-gcc -Wall -O0 -g3 -I"C:\Users\bjut\Desktop\ultrasonic\ultrasonic_ps\ultrasonic_ps.sdk\design_1_wrapper_hw_platform_0" -c -fmessage-length=0 -MT"src/image_mover.o" -I../../fsbl_zynq13_bsp/ps7_cortexa9_0/include -MMD -MP -MF"src/image_mover.d" -MT"src/image_mover.d" -o "src/image_mover.o" "../src/image_mover.c"
'Finished building: ../src/image_mover.c'
' '
'Building file: ../src/main.c'
'Invoking: ARM gcc compiler'
arm-xilinx-eabi-gcc -Wall -O0 -g3 -I"C:\Users\bjut\Desktop\ultrasonic\ultrasonic_ps\ultrasonic_ps.sdk\design_1_wrapper_hw_platform_0" -c -fmessage-length=0 -MT"src/main.o" -I../../fsbl_zynq13_bsp/ps7_cortexa9_0/include -MMD -MP -MF"src/main.d" -MT"src/main.d" -o "src/main.o" "../src/main.c"
'Finished building: ../src/main.c'
' '
'Building file: ../src/md5.c'
'Invoking: ARM gcc compiler'
arm-xilinx-eabi-gcc -Wall -O0 -g3 -I"C:\Users\bjut\Desktop\ultrasonic\ultrasonic_ps\ultrasonic_ps.sdk\design_1_wrapper_hw_platform_0" -c -fmessage-length=0 -MT"src/md5.o" -I../../fsbl_zynq13_bsp/ps7_cortexa9_0/include -MMD -MP -MF"src/md5.d" -MT"src/md5.d" -o "src/md5.o" "../src/md5.c"
'Finished building: ../src/md5.c'
' '
'Building file: ../src/nand.c'
'Invoking: ARM gcc compiler'
arm-xilinx-eabi-gcc -Wall -O0 -g3 -I"C:\Users\bjut\Desktop\ultrasonic\ultrasonic_ps\ultrasonic_ps.sdk\design_1_wrapper_hw_platform_0" -c -fmessage-length=0 -MT"src/nand.o" -I../../fsbl_zynq13_bsp/ps7_cortexa9_0/include -MMD -MP -MF"src/nand.d" -MT"src/nand.d" -o "src/nand.o" "../src/nand.c"
'Finished building: ../src/nand.c'
' '
'Building file: ../src/nor.c'
'Invoking: ARM gcc compiler'
arm-xilinx-eabi-gcc -Wall -O0 -g3 -I"C:\Users\bjut\Desktop\ultrasonic\ultrasonic_ps\ultrasonic_ps.sdk\design_1_wrapper_hw_platform_0" -c -fmessage-length=0 -MT"src/nor.o" -I../../fsbl_zynq13_bsp/ps7_cortexa9_0/include -MMD -MP -MF"src/nor.d" -MT"src/nor.d" -o "src/nor.o" "../src/nor.c"
'Finished building: ../src/nor.c'
' '
'Building file: ../src/pcap.c'
'Invoking: ARM gcc compiler'
arm-xilinx-eabi-gcc -Wall -O0 -g3 -I"C:\Users\bjut\Desktop\ultrasonic\ultrasonic_ps\ultrasonic_ps.sdk\design_1_wrapper_hw_platform_0" -c -fmessage-length=0 -MT"src/pcap.o" -I../../fsbl_zynq13_bsp/ps7_cortexa9_0/include -MMD -MP -MF"src/pcap.d" -MT"src/pcap.d" -o "src/pcap.o" "../src/pcap.c"
'Finished building: ../src/pcap.c'
' '
'Building file: C:/Users/bjut/Desktop/ultrasonic/ultrasonic_ps/ultrasonic_ps.sdk/design_1_wrapper_hw_platform_0/ps7_init.c'
'Invoking: ARM gcc compiler'
arm-xilinx-eabi-gcc -Wall -O0 -g3 -I"C:\Users\bjut\Desktop\ultrasonic\ultrasonic_ps\ultrasonic_ps.sdk\design_1_wrapper_hw_platform_0" -c -fmessage-length=0 -MT"src/ps7_init.o" -I../../fsbl_zynq13_bsp/ps7_cortexa9_0/include -MMD -MP -MF"src/ps7_init.d" -MT"src/ps7_init.d" -o "src/ps7_init.o" "C:/Users/bjut/Desktop/ultrasonic/ultrasonic_ps/ultrasonic_ps.sdk/design_1_wrapper_hw_platform_0/ps7_init.c"
'Finished building: C:/Users/bjut/Desktop/ultrasonic/ultrasonic_ps/ultrasonic_ps.sdk/design_1_wrapper_hw_platform_0/ps7_init.c'
' '
'Building file: ../src/qspi.c'
'Invoking: ARM gcc compiler'
arm-xilinx-eabi-gcc -Wall -O0 -g3 -I"C:\Users\bjut\Desktop\ultrasonic\ultrasonic_ps\ultrasonic_ps.sdk\design_1_wrapper_hw_platform_0" -c -fmessage-length=0 -MT"src/qspi.o" -I../../fsbl_zynq13_bsp/ps7_cortexa9_0/include -MMD -MP -MF"src/qspi.d" -MT"src/qspi.d" -o "src/qspi.o" "../src/qspi.c"
'Finished building: ../src/qspi.c'
' '
'Building file: ../src/rsa.c'
'Invoking: ARM gcc compiler'
arm-xilinx-eabi-gcc -Wall -O0 -g3 -I"C:\Users\bjut\Desktop\ultrasonic\ultrasonic_ps\ultrasonic_ps.sdk\design_1_wrapper_hw_platform_0" -c -fmessage-length=0 -MT"src/rsa.o" -I../../fsbl_zynq13_bsp/ps7_cortexa9_0/include -MMD -MP -MF"src/rsa.d" -MT"src/rsa.d" -o "src/rsa.o" "../src/rsa.c"
'Finished building: ../src/rsa.c'
' '
'Building file: ../src/sd.c'
'Invoking: ARM gcc compiler'
arm-xilinx-eabi-gcc -Wall -O0 -g3 -I"C:\Users\bjut\Desktop\ultrasonic\ultrasonic_ps\ultrasonic_ps.sdk\design_1_wrapper_hw_platform_0" -c -fmessage-length=0 -MT"src/sd.o" -I../../fsbl_zynq13_bsp/ps7_cortexa9_0/include -MMD -MP -MF"src/sd.d" -MT"src/sd.d" -o "src/sd.o" "../src/sd.c"
'Finished building: ../src/sd.c'
' '
'Building target: fsbl_zynq13.elf'
'Invoking: ARM gcc linker'
arm-xilinx-eabi-gcc -L"C:\Users\bjut\Desktop\ultrasonic\ultrasonic_ps\ultrasonic_ps.sdk\fsbl_zynq13\src" -Wl,-T -Wl,../src/lscript.ld -L../../fsbl_zynq13_bsp/ps7_cortexa9_0/lib -o "fsbl_zynq13.elf"  ./src/fsbl_handoff.o ./src/fsbl_hooks.o ./src/image_mover.o ./src/main.o ./src/md5.o ./src/nand.o ./src/nor.o ./src/pcap.o ./src/ps7_init.o ./src/qspi.o ./src/rsa.o ./src/sd.o   -lrsa -Wl,--start-group,-lxil,-lgcc,-lc,--end-group -Wl,--start-group,-lxilffs,-lxil,-lgcc,-lc,--end-group -Wl,--start-group,-lrsa,-lxil,-lgcc,-lc,--end-group
'Finished building target: fsbl_zynq13.elf'
' '
'Invoking: ARM Print Size'
arm-xilinx-eabi-size fsbl_zynq13.elf  |tee "fsbl_zynq13.elf.size"
   text	   data	    bss	    dec	    hex	filename
  74380	  12292	  73380	 160052	  27134	fsbl_zynq13.elf
'Finished building: fsbl_zynq13.elf.size'
' '
14:32:26 **** Auto Build of configuration Debug for project ultrasonic_pwm ****
make all 
make: Nothing to be done for `all'.
